I/boot_progress_start(   37): 3832
I/boot_progress_preload_start(   37): 5425
I/boot_progress_preload_end(   37): 24946
I/boot_progress_system_run(   91): 25449
I/boot_progress_pms_start(   91): 25733
I/boot_progress_pms_system_scan_start(   91): 25964
I/boot_progress_pms_data_scan_start(   91): 64466
I/boot_progress_pms_scan_end(   91): 70149
I/boot_progress_pms_ready(   91): 70658
I/battery_status(   91): [2,2,1,1,Li-ion]
I/battery_level(   91): [50,0,0]
I/power_screen_state(   91): [1,3,0,0]
I/screen_toggled(   91): 1
I/configuration_changed(   91): 1528
I/wifi_state_changed(   91): InitialState
I/wifi_state_changed(   91): DriverUnloadedState
I/free_storage_left(   91): [124665856,0,65925120]
I/free_storage_changed(   91): 124665856
I/backup_data_changed(   91): android
I/backup_data_changed(   91): com.android.browser
I/backup_data_changed(   91): com.android.calendar
I/backup_data_changed(   91): com.android.inputmethod.latin
I/backup_data_changed(   91): com.android.providers.settings
I/backup_data_changed(   91): com.android.providers.userdictionary
I/backup_data_changed(   91): com.android.sharedstoragebackup
I/am_proc_start(   91): [145,10020,android.process.acore,broadcast,com.android.providers.contacts/.ContactsUpgradeReceiver]
I/am_proc_bound(   91): [145,android.process.acore]
I/contacts_upgrade_receiver(  145): 2330
I/binder_sample(  145): [android.view.IWindowManager,68,53,android.process.acore,10]
I/am_proc_start(   91): [159,10004,android.process.media,broadcast,com.android.providers.media/.MediaUpgradeReceiver]
I/am_proc_bound(   91): [159,android.process.media]
I/binder_sample(  145): [android.app.IActivityManager,110,82,android.process.acore,16]
I/am_proc_start(   91): [175,10031,com.android.providers.calendar,broadcast,com.android.providers.calendar/.CalendarUpgradeReceiver]
I/binder_sample(  159): [android.app.IActivityManager,110,68,android.process.media,13]
I/am_proc_bound(   91): [175,com.android.providers.calendar]
I/binder_sample(  145): [android.app.IActivityManager,110,275,android.process.acore,55]
I/binder_sample(  159): [android.app.IActivityManager,110,133,android.process.media,26]
I/calendar_upgrade_receiver(  175): 95
I/boot_progress_ams_ready(   91): 77121
I/am_proc_start(   91): [189,1000,com.android.systemui,service,com.android.systemui/.SystemUIService]
I/am_proc_bound(   91): [189,com.android.systemui]
I/am_create_service(   91): [1103075808,com.android.systemui/.SystemUIService,,189]
I/configuration_changed(   91): 512
I/am_create_service(   91): [1103167304,com.android.systemui/.ImageWallpaper,act=android.service.wallpaper.WallpaperService,189]
I/am_proc_start(   91): [203,10022,com.android.inputmethod.latin,service,com.android.inputmethod.latin/.LatinIME]
I/am_proc_start(   91): [217,1001,com.android.phone,added application,com.android.phone]
I/backup_data_changed(   91): com.android.providers.settings
I/am_create_task(   91): 2
I/am_create_activity(   91): [1095376376,2,com.android.settings/.CryptKeeper,android.intent.action.MAIN,NULL,NULL,276824064]
I/am_proc_start(   91): [232,1000,com.android.settings,activity,com.android.settings/.CryptKeeper]
I/am_proc_bound(   91): [203,com.android.inputmethod.latin]
I/am_create_service(   91): [1103107688,com.android.inputmethod.latin/.LatinIME,act=android.view.InputMethod,203]
I/am_proc_bound(   91): [217,com.android.phone]
I/binder_sample(  203): [,1,51,com.android.inputmethod.latin,10]
I/notification_cancel(   91): [android,17302839,NULL,0,0]
I/binder_sample(  217): [android.content.pm.IPackageManager,22,48,com.android.phone,9]
I/am_proc_bound(   91): [232,com.android.settings]
I/am_restart_activity(   91): [1095376376,2,com.android.settings/.CryptKeeper]
I/notification_cancel(   91): [android,17302839,NULL,0,0]
I/am_proc_start(   91): [267,10020,android.process.acore,content provider,com.android.providers.userdictionary/.UserDictionaryProvider]
I/am_proc_bound(   91): [267,android.process.acore]
I/binder_sample(  189): [android.view.IWindowManager,7,18,com.android.systemui,3]
I/binder_sample(  232): [android.content.pm.IPackageManager,51,1014,com.android.settings,100]
I/binder_sample(  189): [android.app.IActivityManager,12,575,com.android.systemui,100]
I/am_finish_activity(   91): [1095376376,2,com.android.settings/.CryptKeeper,app-request]
I/am_pause_activity(   91): [1095376376,com.android.settings/.CryptKeeper]
I/binder_sample(  267): [android.app.IActivityManager,17,917,<pre-initialized>,100]
I/binder_sample(  217): [android.net.IConnectivityManager,7,1295,com.android.phone,100]
I/am_create_task(   91): 3
I/am_create_activity(   91): [1096216504,3,com.android.sdksetup/.DefaultActivity,android.intent.action.MAIN,NULL,NULL,276824064]
I/binder_sample(  267): [android.content.pm.IPackageManager,10,52,android.process.acore,10]
I/am_proc_start(   91): [289,10028,com.android.sdksetup,activity,com.android.sdksetup/.DefaultActivity]
I/binder_sample(  267): [android.content.pm.IPackageManager,10,131,android.process.acore,26]
I/am_proc_bound(   91): [289,com.android.sdksetup]
I/am_restart_activity(   91): [1096216504,3,com.android.sdksetup/.DefaultActivity]
I/binder_sample(  289): [android.app.IActivityManager,29,62,com.android.sdksetup,12]
I/backup_data_changed(   91): com.android.providers.settings
I/binder_sample(  289): [android.content.IContentProvider,3,248,com.android.sdksetup,49]
I/backup_data_changed(   91): com.android.providers.settings
I/content_update_sample(  289): [content://settings/secure,insert,,267,com.android.sdksetup,54]
I/binder_sample(  217): [android.app.IActivityManager,14,168,com.android.phone,33]
I/notification_cancel(   91): [com.android.phone,2,NULL,0,64]
I/backup_data_changed(   91): com.android.providers.settings
I/content_update_sample(   91): [content://settings/secure,insert,,485,,98]
I/binder_sample(  289): [android.app.backup.IBackupManager,8,489,com.android.sdksetup,97]
I/binder_sample(  203): [android.app.IActivityManager,29,4932,com.android.inputmethod.latin,100]
I/binder_sample(  267): [android.app.IActivityManager,110,119,android.process.acore,23]
I/binder_sample(  203): [android.app.IActivityManager,38,29,com.android.inputmethod.latin,5]
I/binder_sample(  267): [android.app.IActivityManager,110,118,android.process.acore,23]
I/am_finish_activity(   91): [1096216504,3,com.android.sdksetup/.DefaultActivity,proc died without state saved]
I/binder_sample(  189): [android.view.IWindowSession,1,94,com.android.systemui,18]
I/notification_cancel_all(   91): [com.android.sdksetup,0,0]
I/content_query_sample(  203): [content://user_dictionary/words,word/frequency,(locale is NULL) or (locale=?) or (locale=?),,780,,100]
I/binder_sample(  217): [android.app.IActivityManager,110,176,com.android.phone,35]
I/binder_sample(  189): [android.app.IActivityManager,12,21,com.android.systemui,4]
I/am_proc_start(   91): [321,10008,com.android.deskclock,broadcast,com.android.deskclock/.AlarmInitReceiver]
I/binder_sample(  217): [com.android.internal.telephony.ITelephonyRegistry,8,26,com.android.phone,5]
I/am_proc_bound(   91): [321,com.android.deskclock]
I/binder_sample(  217): [com.android.internal.telephony.ITelephonyRegistry,8,51,com.android.phone,10]
I/binder_sample(  321): [android.content.pm.IPackageManager,22,48,com.android.deskclock,9]
I/binder_sample(  217): [android.app.IActivityManager,14,45,com.android.phone,9]
I/binder_sample(  217): [,1,30,com.android.phone,6]
I/notification_cancel(   91): [com.android.phone,5,NULL,0,64]
I/notification_cancel(   91): [com.android.phone,6,NULL,0,64]
I/am_destroy_activity(   91): [1095376376,2,com.android.settings/.CryptKeeper,finish-idle]
I/boot_progress_enable_screen(   91): 89446
I/binder_sample(  321): [android.os.IPowerManager,1,97,com.android.deskclock,19]
I/force_gc(   91): Binder
I/notification_enqueue(   91): [com.android.systemui,17301675,NULL,Notification(contentView=com.android.systemui/0x1090098 vibrate=null,sound=null,defaults=0x0,flags=0x2)]
I/content_query_sample(  321): [content://com.android.deskclock/alarm,_id/hour/minutes/daysofweek/alarmtime/enabled/vibrate/message/alert,enabled=1,,167,,34]
I/binder_sample(  217): [android.os.IPowerManager,1,458,com.android.phone,91]
I/am_proc_start(   91): [342,10032,com.android.calendar,broadcast,com.android.calendar/.widget.CalendarAppWidgetService$CalendarFactory]
I/am_proc_bound(   91): [342,com.android.calendar]
I/binder_sample(  189): [android.view.IWindowSession,4,124,com.android.systemui,24]
I/gsm_service_state_change(  217): [1,1,0,0]
I/gsm_rat_switched(  217): [-1,0,3]
I/binder_sample(  217): [android.app.IActivityManager,14,16,com.android.phone,3]
I/notification_cancel(   91): [com.android.phone,7,NULL,0,64]
I/notification_cancel(   91): [com.android.phone,7,NULL,0,64]
I/notification_cancel(   91): [com.android.phone,7,NULL,0,64]
I/notification_cancel(   91): [com.android.phone,7,NULL,0,64]
I/notification_cancel(   91): [com.android.phone,7,NULL,0,64]
I/notification_cancel(   91): [com.android.phone,7,NULL,0,64]
I/notification_cancel(   91): [com.android.phone,7,NULL,0,64]
I/notification_cancel(   91): [com.android.phone,7,NULL,0,64]
I/notification_cancel(   91): [com.android.phone,7,NULL,0,64]
I/notification_cancel(   91): [com.android.phone,7,NULL,0,64]
I/notification_cancel(   91): [com.android.phone,7,NULL,0,64]
I/notification_cancel(   91): [com.android.phone,7,NULL,0,64]
I/notification_cancel(   91): [com.android.phone,7,NULL,0,64]
I/notification_cancel(   91): [com.android.phone,7,NULL,0,64]
I/notification_cancel(   91): [com.android.phone,7,NULL,0,64]
I/notification_cancel(   91): [com.android.phone,7,NULL,0,64]
I/notification_cancel(   91): [com.android.phone,7,NULL,0,64]
I/notification_cancel(   91): [com.android.phone,7,NULL,0,64]
I/notification_cancel(   91): [com.android.phone,7,NULL,0,64]
I/notification_cancel(   91): [com.android.phone,7,NULL,0,64]
I/notification_cancel(   91): [com.android.phone,7,NULL,0,64]
I/notification_cancel(   91): [com.android.phone,7,NULL,0,64]
I/notification_cancel(   91): [com.android.phone,7,NULL,0,64]
I/notification_cancel(   91): [com.android.phone,7,NULL,0,64]
I/notification_cancel(   91): [com.android.phone,7,NULL,0,64]
I/notification_cancel(   91): [com.android.phone,7,NULL,0,64]
I/notification_cancel(   91): [com.android.phone,7,NULL,0,64]
I/notification_cancel(   91): [com.android.phone,7,NULL,0,64]
I/notification_cancel(   91): [com.android.phone,7,NULL,0,64]
I/notification_cancel(   91): [com.android.phone,7,NULL,0,64]
I/notification_cancel(   91): [com.android.phone,7,NULL,0,64]
I/notification_cancel(   91): [com.android.phone,7,NULL,0,64]
I/notification_cancel(   91): [com.android.phone,7,NULL,0,64]
I/configuration_changed(   91): 4
I/am_wtf  (   91): [91,system_server,-1,NetworkStats,open failed: ENOENT (No such file or directory)]
I/configuration_changed(   91): 3
I/notification_cancel(   91): [com.android.phone,7,NULL,0,64]
I/notification_cancel(   91): [com.android.phone,7,NULL,0,64]
I/notification_cancel(   91): [com.android.phone,7,NULL,0,64]
I/notification_cancel(   91): [com.android.phone,7,NULL,0,64]
I/notification_cancel(   91): [com.android.phone,7,NULL,0,64]
I/notification_cancel(   91): [com.android.phone,7,NULL,0,64]
I/notification_cancel(   91): [com.android.phone,7,NULL,0,64]
I/notification_cancel(   91): [com.android.phone,7,NULL,0,64]
I/notification_cancel(   91): [com.android.phone,7,NULL,0,64]
I/notification_cancel(   91): [com.android.phone,7,NULL,0,64]
I/notification_cancel(   91): [com.android.phone,7,NULL,0,64]
I/binder_sample(  232): [android.view.IWindowManager,6,455,com.android.settings,91]
I/binder_sample(  217): [android.app.IActivityManager,110,41,com.android.phone,8]
I/notification_cancel(   91): [com.android.phone,5,NULL,0,64]
I/notification_cancel(   91): [com.android.phone,6,NULL,0,64]
I/notification_cancel(   91): [com.android.phone,7,NULL,0,64]
I/am_proc_start(   91): [362,10020,com.android.contacts,broadcast,com.android.contacts/.calllog.CallLogReceiver]
I/am_proc_start(   91): [375,10031,com.android.providers.calendar,content provider,com.android.providers.calendar/.CalendarProvider2]
I/am_proc_bound(   91): [362,com.android.contacts]
I/am_proc_bound(   91): [375,com.android.providers.calendar]
I/binder_sample(  342): [android.app.IActivityManager,16,902,com.android.calendar,100]
I/content_query_sample(  217): [content://telephony/carriers,,numeric = '310260' and carrier_enabled = 1,,817,com.android.phone,100]
I/binder_sample(  217): [,1,15,com.android.phone,3]
I/content_update_sample(  217): [content://telephony/carriers/preferapn,delete,,16,com.android.phone,4]
I/notification_cancel(   91): [com.android.phone,7,NULL,0,64]
I/notification_cancel(   91): [com.android.phone,7,NULL,0,64]
I/notification_cancel(   91): [com.android.phone,7,NULL,0,64]
I/notification_cancel(   91): [com.android.phone,7,NULL,0,64]
I/notification_cancel(   91): [com.android.phone,7,NULL,0,64]
I/notification_cancel(   91): [com.android.phone,7,NULL,0,64]
I/notification_cancel(   91): [com.android.phone,7,NULL,0,64]
I/notification_cancel(   91): [com.android.phone,7,NULL,0,64]
I/notification_cancel(   91): [com.android.phone,7,NULL,0,64]
I/am_create_service(   91): [1102313496,com.android.contacts/.calllog.CallLogNotificationsService,act=com.android.contacts.calllog.UPDATE_NOTIFICATIONS,362]
I/notification_cancel(   91): [com.android.phone,7,NULL,0,64]
I/notification_cancel(   91): [com.android.phone,7,NULL,0,64]
I/notification_cancel(   91): [com.android.phone,7,NULL,0,64]
I/notification_cancel(   91): [com.android.phone,7,NULL,0,64]
I/content_query_sample(  217): [content://telephony/carriers,,numeric = '310260' and carrier_enabled = 1,,48,com.android.phone,10]
I/notification_cancel(   91): [com.android.phone,7,NULL,0,64]
I/notification_cancel(   91): [com.android.phone,7,NULL,0,64]
I/notification_cancel(   91): [com.android.systemui,17301675,NULL,0,0]
I/content_query_sample(  217): [content://call_log/calls,_id/number/date/duration/type,type=3 AND new=1,date DESC,11379,,100]
I/content_query_sample(  362): [content://call_log/calls?allow_voicemails=true,_id/number/voicemail_uri,new = 1 AND type = ?,date DESC,2257,,100]
I/content_query_sample(  342): [content://com.android.calendar/instances/when/1333721945051/1334499545051,allDay/begin/end/title/eventLocation/event_id/startDay/endDay/calendar_color/selfAttendeeStatus,visible=1,startDay ASC, startMinute ASC, endDay ASC, endMinute ASC LIMIT 503,2375,,100]
I/content_query_sample(  342): [content://com.android.calendar/instances/when/1333721944639/1334499544639,allDay/begin/end/title/eventLocation/event_id/startDay/endDay/calendar_color/selfAttendeeStatus,visible=1,startDay ASC, startMinute ASC, endDay ASC, endMinute ASC LIMIT 503,2136,,100]
I/am_create_service(   91): [1103457168,com.android.providers.calendar/.EmptyService,,375]
I/binder_sample(  217): [android.app.IActivityManager,69,799,com.android.phone,100]
I/notification_cancel(   91): [com.android.contacts,1,DefaultVoicemailNotifier,0,64]
I/notification_cancel_all(   91): [com.android.settings,0,0]
I/binder_sample(  342): [android.app.IActivityManager,63,879,com.android.calendar,100]
I/binder_sample(  362): [android.app.IActivityManager,69,866,com.android.contacts,100]
I/am_destroy_service(   91): [1102313496,com.android.contacts/.calllog.CallLogNotificationsService,362]
I/content_query_sample(  342): [content://com.android.calendar/properties,key/value,,,1186,,100]
I/content_query_sample(  203): [content://com.android.contacts/contacts,_id/display_name,,,12653,,100]
I/connectivity_state_changed(   91): 1552
I/connectivity_state_changed(   91): 1576
I/am_proc_start(   91): [408,10004,android.process.media,content provider,com.android.providers.downloads/.DownloadProvider]
I/connectivity_state_changed(   91): 1600
I/am_proc_bound(   91): [408,android.process.media]
I/am_wtf  (   91): [91,system_server,-1,NetworkStats,open failed: ENOENT (No such file or directory)]
I/am_wtf  (   91): [91,system_server,-1,NetworkStats,open failed: ENOENT (No such file or directory)]
I/am_proc_start(   91): [424,10011,com.android.email,broadcast,com.android.email/.service.EmailBroadcastReceiver]
I/am_proc_bound(   91): [424,com.android.email]
I/binder_sample(  375): [android.app.IActivityManager,14,238,com.android.providers.calendar,47]
I/am_destroy_service(   91): [1103457168,com.android.providers.calendar/.EmptyService,375]
I/content_query_sample(  342): [content://com.android.calendar/instances/when/1333721945051/1334499545051,allDay/begin/end/title/eventLocation/event_id/startDay/endDay/calendar_color/selfAttendeeStatus,visible=1,startDay ASC, startMinute ASC, endDay ASC, endMinute ASC LIMIT 503,1686,,100]
I/am_proc_start(   91): [440,10021,com.android.exchange,service,com.android.exchange/.ExchangeService]
I/am_create_service(   91): [1103387824,com.android.email/.service.EmailBroadcastProcessorService,act=broadcast_receiver,424]
I/am_proc_bound(   91): [440,com.android.exchange]
I/am_create_service(   91): [1102457984,com.android.exchange/.ExchangeService,act=com.android.email.EXCHANGE_INTENT,440]
I/binder_sample(  342): [com.android.internal.appwidget.IAppWidgetService,17,69,com.android.calendar,13]
I/binder_sample(  440): [android.app.IActivityManager,38,208,com.android.exchange,41]
I/am_create_service(   91): [1103194392,com.android.providers.downloads/.DownloadService,,408]
I/binder_sample(  440): [android.app.IActivityManager,61,258,com.android.exchange,51]
I/notification_cancel_all(   91): [com.android.providers.downloads,0,64]
I/am_create_service(   91): [1096820472,com.android.exchange/.service.ExchangeBroadcastProcessorService,act=broadcast_receiver,440]
I/am_create_service(   91): [1102395088,com.android.providers.media/.MediaScannerService,,408]
I/content_query_sample(  408): [content://downloads/all_downloads,_data,,,426,,86]
I/am_proc_start(   91): [465,10025,com.android.mms,broadcast,com.android.mms/.transaction.MmsSystemEventReceiver]
I/am_destroy_service(   91): [1096820472,com.android.exchange/.service.ExchangeBroadcastProcessorService,440]
I/am_proc_bound(   91): [465,com.android.mms]
I/content_update_sample(   91): [content://downloads/my_downloads,delete,notificationpackage=? AND notificationclass=?,613,,100]
I/content_query_sample(  465): [content://mms-sms/conversations?simple=true,_id/date/message_count/recipient_ids/snippet/snippet_cs/read/error/has_attachment,,,288,,58]
I/content_query_sample(  465): [content://mms-sms/draft,thread_id,,,335,,68]
I/binder_sample(  465): [android.content.IContentProvider,4,313,com.android.mms,62]
I/binder_sample(  440): [android.app.IActivityManager,61,756,com.android.exchange,100]
I/content_query_sample(  465): [content://mms-sms/canonical-addresses,,,,388,,78]
I/content_update_sample(  465): [content://mms/drm,delete,,343,com.android.mms,69]
I/am_create_service(   91): [1103433528,com.android.mms/.transaction.SmsReceiverService,act=android.intent.action.BOOT_COMPLETED,465]
I/am_create_service(   91): [1103408496,com.android.providers.calendar/.CalendarReceiver$RemoveScheduledAlarmsEmptyService,,375]
I/content_update_sample(  375): [content://com.android.calendar/schedule_alarms_remove,update,,109,,22]
I/am_destroy_service(   91): [1103408496,com.android.providers.calendar/.CalendarReceiver$RemoveScheduledAlarmsEmptyService,375]
I/binder_sample(  342): [android.app.IActivityManager,16,81,com.android.calendar,16]
I/am_proc_start(   91): [495,10029,com.android.quicksearchbox,broadcast,com.android.quicksearchbox/.CorporaUpdateReceiver]
I/am_proc_bound(   91): [495,com.android.quicksearchbox]
I/connectivity_state_changed(   91): 1552
I/binder_sample(  408): [android.app.IActivityManager,61,292,android.process.media,58]
I/binder_sample(  375): [android.app.IActivityManager,61,535,com.android.providers.calendar,100]
I/connectivity_state_changed(   91): 1576
I/notification_cancel(   91): [com.android.phone,7,NULL,0,64]
I/notification_cancel(   91): [com.android.phone,7,NULL,0,64]
I/notification_cancel(   91): [com.android.phone,7,NULL,0,64]
I/binder_sample(  267): [android.app.IActivityManager,16,660,android.process.acore,100]
I/notification_cancel(   91): [com.android.phone,7,NULL,0,64]
I/notification_cancel(   91): [com.android.phone,7,NULL,0,64]
I/notification_cancel(   91): [com.android.phone,7,NULL,0,64]
I/notification_cancel(   91): [com.android.phone,7,NULL,0,64]
I/notification_cancel(   91): [com.android.phone,7,NULL,0,64]
I/am_wtf  (   91): [91,system_server,-1,NetworkStats,open failed: ENOENT (No such file or directory)]
I/binder_sample(  495): [android.app.IActivityManager,16,358,com.android.quicksearchbox,71]
I/notification_cancel(   91): [com.android.mms,123,NULL,0,64]
I/content_query_sample(   91): [content://telephony/carriers/preferapn,apn,,name ASC,1534,,100]
I/am_create_service(   91): [1103382536,com.android.email/.service.AccountService,act=com.android.email.ACCOUNT_INTENT,424]
I/am_destroy_service(   91): [1103382536,com.android.email/.service.AccountService,424]
I/am_create_service(   91): [1103204576,com.android.email/.service.AccountService,act=com.android.email.ACCOUNT_INTENT,424]
I/content_query_sample(  408): [content://downloads/all_downloads,,,,2533,,100]
I/am_destroy_service(   91): [1103204576,com.android.email/.service.AccountService,424]
I/am_create_service(   91): [1102410480,com.android.email/.service.AccountService,act=com.android.email.ACCOUNT_INTENT,424]
I/content_query_sample(  465): [content://sms/queued,_id/thread_id/address/body/status,,date ASC,400,,81]
I/content_query_sample(  342): [content://com.android.calendar/instances/when/1333721956386/1334499556386,allDay/begin/end/title/eventLocation/event_id/startDay/endDay/calendar_color/selfAttendeeStatus,visible=1,startDay ASC, startMinute ASC, endDay ASC, endMinute ASC LIMIT 503,759,,100]
I/content_query_sample(  342): [content://com.android.calendar/instances/when/1333721955947/1334499555947,allDay/begin/end/title/eventLocation/event_id/startDay/endDay/calendar_color/selfAttendeeStatus,visible=1,startDay ASC, startMinute ASC, endDay ASC, endMinute ASC LIMIT 503,642,,100]
I/content_query_sample(  408): [content://downloads/all_downloads,,,,319,,64]
I/am_destroy_service(   91): [1103194392,com.android.providers.downloads/.DownloadService,408]
I/content_query_sample(  424): [content://com.android.email.provider/account,_id/displayName/emailAddress/syncKey/syncLookback/syncInterval/hostAuthKeyRecv/hostAuthKeySend/flags/isDefault/compatibilityUuid/senderName/ringtoneUri/protocolVersion/newMessageCount/securitySyncKey/signature/policyKey/notifiedMessageId/notifiedMessageCount,,,3178,,100]
I/content_query_sample(  424): [content://com.android.email.provider/account,_id,,,529,,100]
I/content_query_sample(  424): [content://com.android.email.provider/account,_id,,,3896,,100]
I/content_query_sample(  424): [content://com.android.email.provider/account,_id,,,3864,,100]
I/am_destroy_service(   91): [1102410480,com.android.email/.service.AccountService,424]
I/notification_cancel(   91): [com.android.mms,123,NULL,0,64]
I/force_gc(   91): Binder
I/content_query_sample(  440): [content://com.android.email.provider/hostauth?limit=1,count(*),protocol="eas",,478,,96]
I/am_destroy_service(   91): [1102457984,com.android.exchange/.ExchangeService,440]
I/am_destroy_service(   91): [1103433528,com.android.mms/.transaction.SmsReceiverService,465]
I/am_create_service(   91): [1102663072,com.android.exchange/.ExchangeService,act=com.android.email.EXCHANGE_INTENT,440]
I/am_destroy_service(   91): [1103387824,com.android.email/.service.EmailBroadcastProcessorService,424]
I/am_create_service(   91): [1102270752,com.android.email/.service.AccountService,act=com.android.email.ACCOUNT_INTENT,424]
I/am_destroy_service(   91): [1102270752,com.android.email/.service.AccountService,424]
I/am_destroy_service(   91): [1102663072,com.android.exchange/.ExchangeService,440]
I/am_create_service(   91): [1096744128,com.android.providers.downloads/.DownloadService,,408]
I/notification_cancel_all(   91): [com.android.providers.downloads,0,64]
I/content_query_sample(   91): [content://telephony/carriers/preferapn,apn,,name ASC,76,,16]
I/content_query_sample(  408): [content://downloads/all_downloads,,,,47,,10]
I/am_destroy_service(   91): [1096744128,com.android.providers.downloads/.DownloadService,408]
I/am_create_service(   91): [1096193920,com.android.providers.calendar/.CalendarProviderIntentService,act=com.android.providers.calendar.intent.CalendarProvider2,375]
I/am_destroy_service(   91): [1096193920,com.android.providers.calendar/.CalendarProviderIntentService,375]
I/notification_cancel(   91): [com.android.providers.contacts,1,NULL,0,64]
I/content_query_sample(  267): [content://com.android.exchange.directory.provider/directories,accountName/accountType/displayName/typeResourceId/exportSupport/shortcutSupport/photoSupport,,,25,,6]
I/am_destroy_service(   91): [1102395088,com.android.providers.media/.MediaScannerService,408]
I/notification_cancel_all(   91): [com.android.email,0,0]
I/binder_sample(  189): [android.view.IWindowSession,4,36,com.android.systemui,7]
I/am_create_task(   91): 4
I/am_create_activity(   91): [1095273720,4,com.android.launcher/com.android.launcher2.Launcher,android.intent.action.MAIN,NULL,NULL,270532608]
I/am_proc_start(   91): [535,10009,com.android.launcher,activity,com.android.launcher/com.android.launcher2.Launcher]
I/am_proc_bound(   91): [535,com.android.launcher]
I/am_restart_activity(   91): [1095273720,4,com.android.launcher/com.android.launcher2.Launcher]
I/binder_sample(  535): [com.android.internal.appwidget.IAppWidgetService,3,36,com.android.launcher,7]
I/binder_sample(  232): [android.content.pm.IPackageManager,51,371,com.android.settings,74]
I/binder_sample(  535): [com.android.internal.appwidget.IAppWidgetService,14,74,com.android.launcher,14]
I/binder_sample(  189): [android.view.IWindowSession,4,34,com.android.systemui,6]
I/binder_sample(  189): [android.view.IWindowSession,4,36,com.android.systemui,7]
I/am_create_task(   91): 5
I/am_create_activity(   91): [1095363296,5,com.android.settings/.Settings,android.settings.SETTINGS,NULL,NULL,268435456]
I/am_pause_activity(   91): [1095273720,com.android.launcher/com.android.launcher2.Launcher]
I/am_restart_activity(   91): [1095363296,5,com.android.settings/.Settings]
I/am_on_resume_called(  232): com.android.settings.Settings
I/binder_sample(  535): [android.content.IContentService,1,24,com.android.launcher,4]
I/activity_launch_time(   91): [1095363296,com.android.settings/.Settings,1400,55300]
I/content_query_sample(  535): [content://com.android.launcher2.settings/favorites?notify=true,,,,337,,68]
I/am_on_resume_called(  535): com.android.launcher2.Launcher
I/am_on_paused_called(  535): com.android.launcher2.Launcher
I/am_failed_to_pause(   91): [1095273720,com.android.launcher/com.android.launcher2.Launcher,(none)]
I/am_pause_activity(   91): [1095363296,com.android.settings/.Settings]
I/am_task_to_front(   91): 4
I/am_new_intent(   91): [1095376376,4,com.android.launcher/com.android.launcher2.Launcher,android.intent.action.MAIN,NULL,NULL,274726912]
I/am_on_paused_called(  232): com.android.settings.Settings
I/am_resume_activity(   91): [1095273720,4,com.android.launcher/com.android.launcher2.Launcher]
I/binder_sample(  232): [android.app.IActivityManager,19,33,com.android.settings,6]
I/am_on_resume_called(  535): com.android.launcher2.Launcher
I/activity_launch_time(   91): [1095273720,com.android.launcher/com.android.launcher2.Launcher,8927,8927]
I/binder_sample(  535): [android.view.IWindowSession,10,141,com.android.launcher,28]
I/notification_cancel_all(   91): [com.android.settings,0,0]
I/binder_sample(  232): [com.android.internal.view.IInputMethodManager,8,935,com.android.settings,100]
I/binder_sample(  232): [com.android.internal.appwidget.IAppWidgetService,8,438,com.android.settings,87]
I/binder_sample(  267): [android.app.IActivityManager,16,888,android.process.acore,100]
I/am_create_task(   91): 6
I/am_create_activity(   91): [1095376376,6,com.android.contacts/.activities.DialtactsActivity,android.intent.action.MAIN,NULL,NULL,270532608]
I/am_pause_activity(   91): [1095273720,com.android.launcher/com.android.launcher2.Launcher]
I/am_on_paused_called(  535): com.android.launcher2.Launcher
I/am_restart_activity(   91): [1095376376,6,com.android.contacts/.activities.DialtactsActivity]
I/binder_sample(  535): [android.app.IActivityManager,19,159,com.android.launcher,31]
I/binder_sample(  362): [android.view.IWindowManager,11,303,com.android.contacts,60]
I/am_on_resume_called(  362): com.android.contacts.activities.DialtactsActivity
I/notification_cancel(   91): [com.android.phone,1,NULL,0,64]
I/am_create_service(   91): [1103232520,com.android.contacts/.calllog.CallLogNotificationsService,act=com.android.contacts.calllog.UPDATE_NOTIFICATIONS,362]
I/content_query_sample(  362): [content://call_log/calls?allow_voicemails=true,_id/number/date/duration/type/countryiso/voicemail_uri/geocoded_location/name/numbertype/numberlabel/lookup_uri/matched_number/normalized_number/photo_id/formatted_number/is_read,is_read IS NOT NULL AND is_read = 0 AND date > ?,date DESC,72,,15]
I/content_update_sample(  362): [content://call_log/calls?allow_voicemails=true,update,new = 1,20,,5]
I/content_query_sample(  362): [content://call_log/calls,number,type = 2,date DESC LIMIT 1,434,,87]
I/notification_cancel(   91): [com.android.contacts,1,DefaultVoicemailNotifier,0,64]
I/am_destroy_service(   91): [1103232520,com.android.contacts/.calllog.CallLogNotificationsService,362]
I/binder_sample(  362): [com.android.internal.view.IInputMethodManager,8,36,com.android.contacts,7]
I/activity_launch_time(   91): [1095376376,com.android.contacts/.activities.DialtactsActivity,2952,2952]
I/content_query_sample(  362): [content://com.android.contacts/data/phones?directory=0&address_book_index_extras=true&remove_duplicate_entries=true,_id/data2/data3/data1/contact_id/lookup/photo_id/display_name,,sort_key,594,,100]
I/am_new_intent(   91): [1096760688,6,com.android.contacts/.activities.DialtactsActivity,android.intent.action.CALL_BUTTON,NULL,NULL,268435456]
I/notification_cancel(   91): [com.android.phone,1,NULL,0,64]
I/am_create_service(   91): [1103128832,com.android.contacts/.calllog.CallLogNotificationsService,act=com.android.contacts.calllog.UPDATE_NOTIFICATIONS,362]
I/content_query_sample(  362): [content://call_log/calls?allow_voicemails=true,_id/number/date/duration/type/countryiso/voicemail_uri/geocoded_location/name/numbertype/numberlabel/lookup_uri/matched_number/normalized_number/photo_id/formatted_number/is_read,is_read IS NOT NULL AND is_read = 0 AND date > ?,date DESC,446,,90]
I/content_query_sample(  362): [content://call_log/calls?allow_voicemails=true,_id/number/voicemail_uri,new = 1 AND type = ?,date DESC,340,,69]
I/notification_cancel(   91): [com.android.contacts,1,DefaultVoicemailNotifier,0,64]
I/am_destroy_service(   91): [1103128832,com.android.contacts/.calllog.CallLogNotificationsService,362]
I/content_query_sample(  362): [content://com.android.voicemail/status,source_package/configuration_state/data_channel_state/notification_channel_state/settings_uri/voicemail_access_uri,,,69,,14]
I/content_query_sample(  362): [content://com.android.contacts/contacts/strequent?strequent_phone_only=true,_id/display_name/starred/photo_uri/lookup/data1/data2/data3,,,749,,100]
I/content_query_sample(  362): [content://call_log/calls,number,type = 2,date DESC LIMIT 1,454,,91]
I/am_new_intent(   91): [1103232776,6,com.android.contacts/.activities.DialtactsActivity,android.intent.action.CALL_BUTTON,NULL,NULL,268435456]
I/notification_cancel(   91): [com.android.phone,1,NULL,0,64]
I/am_create_service(   91): [1102745800,com.android.contacts/.calllog.CallLogNotificationsService,act=com.android.contacts.calllog.UPDATE_NOTIFICATIONS,362]
I/notification_cancel(   91): [com.android.contacts,1,DefaultVoicemailNotifier,0,64]
I/am_destroy_service(   91): [1102745800,com.android.contacts/.calllog.CallLogNotificationsService,362]
I/binder_sample(  362): [android.content.IBulkCursor,12,11,com.android.contacts,2]
I/content_query_sample(  362): [content://call_log/calls,number,type = 2,date DESC LIMIT 1,243,,49]
I/notification_cancel(   91): [com.android.phone,1,NULL,0,64]
I/am_create_service(   91): [1102202936,com.android.contacts/.calllog.CallLogNotificationsService,act=com.android.contacts.calllog.UPDATE_NOTIFICATIONS,362]
I/notification_cancel(   91): [com.android.contacts,1,DefaultVoicemailNotifier,0,64]
I/am_destroy_service(   91): [1102202936,com.android.contacts/.calllog.CallLogNotificationsService,362]
I/am_create_task(   91): 7
I/am_create_activity(   91): [1103383104,7,com.android.phone/.PrivilegedOutgoingCallBroadcaster,android.intent.action.CALL_PRIVILEGED,NULL,tel:1%2023,268435456]
I/am_pause_activity(   91): [1095376376,com.android.contacts/.activities.DialtactsActivity]
I/am_finish_activity(   91): [1095376376,6,com.android.contacts/.activities.DialtactsActivity,app-request]
I/am_on_paused_called(  362): com.android.contacts.activities.DialtactsActivity
I/am_restart_activity(   91): [1103383104,7,com.android.phone/.PrivilegedOutgoingCallBroadcaster]
I/binder_sample(  362): [android.app.IActivityManager,19,101,com.android.contacts,20]
I/binder_sample(  217): [android.view.IWindowManager,68,43,com.android.phone,8]
I/am_on_resume_called(  217): com.android.phone.PrivilegedOutgoingCallBroadcaster
I/am_create_activity(   91): [1102214136,7,com.android.phone/.SipCallOptionHandler,com.android.phone.SIP_SELECT_PHONE,NULL,tel:1%2023,268435456]
I/am_pause_activity(   91): [1103383104,com.android.phone/.PrivilegedOutgoingCallBroadcaster]
I/am_finish_activity(   91): [1103383104,7,com.android.phone/.PrivilegedOutgoingCallBroadcaster,app-request]
I/am_on_paused_called(  217): com.android.phone.PrivilegedOutgoingCallBroadcaster
I/am_restart_activity(   91): [1102214136,7,com.android.phone/.SipCallOptionHandler]
I/binder_sample(  217): [android.app.IActivityManager,19,47,com.android.phone,9]
I/am_create_task(   91): 8
I/am_create_activity(   91): [1102742944,8,com.android.phone/.InCallScreen,android.intent.action.MAIN,NULL,NULL,277086208]
I/am_pause_activity(   91): [1102214136,com.android.phone/.SipCallOptionHandler]
I/am_finish_activity(   91): [1102214136,7,com.android.phone/.SipCallOptionHandler,app-request]
I/am_restart_activity(   91): [1102742944,8,com.android.phone/.InCallScreen]
I/binder_sample(  217): [android.media.IAudioService,17,62,com.android.phone,12]
I/notification_cancel(   91): [com.android.phone,2,NULL,0,64]
I/phone_ui_enter(  217): []
I/am_on_resume_called(  217): com.android.phone.InCallScreen
I/binder_sample(  217): [android.view.IWindowSession,1,22,com.android.phone,4]
I/notification_cancel(   91): [com.android.phone,2,NULL,0,64]
I/content_query_sample(  217): [content://com.android.contacts/phone_lookup/123,,,,761,,100]
I/activity_launch_time(   91): [1102742944,com.android.phone/.InCallScreen,2235,3951]
I/binder_sample(  217): [android.view.IWindowManager,68,25,com.android.phone,5]
I/backup_data_changed(   91): com.android.providers.settings
I/am_destroy_activity(   91): [1095376376,6,com.android.contacts/.activities.DialtactsActivity,finish-imm]
I/am_destroy_activity(   91): [1103383104,7,com.android.phone/.PrivilegedOutgoingCallBroadcaster,finish-idle]
I/am_destroy_activity(   91): [1102214136,7,com.android.phone/.SipCallOptionHandler,finish-idle]
I/notification_cancel(   91): [com.android.phone,1,NULL,0,64]
I/am_create_service(   91): [1093612568,com.android.contacts/.calllog.CallLogNotificationsService,act=com.android.contacts.calllog.UPDATE_NOTIFICATIONS,362]
I/content_update_sample(  362): [content://call_log/calls?allow_voicemails=true,update,new = 1,127,,26]
I/notification_cancel(   91): [com.android.contacts,1,DefaultVoicemailNotifier,0,64]
I/am_destroy_service(   91): [1093612568,com.android.contacts/.calllog.CallLogNotificationsService,362]
I/notification_cancel(   91): [com.android.phone,2,NULL,0,64]
I/force_gc(   91): Binder
I/am_create_task(   91): 9
I/am_create_activity(   91): [1095376376,9,com.android.contacts/.activities.DialtactsActivity,NULL,NULL,NULL,65536]
I/am_pause_activity(   91): [1102742944,com.android.phone/.InCallScreen]
I/phone_ui_exit(  217): []
I/notification_cancel(   91): [com.android.phone,2,NULL,0,64]
I/binder_sample(  217): [android.app.INotificationManager,8,151,com.android.phone,30]
I/binder_sample(  217): [android.app.IActivityManager,13,219,com.android.phone,43]
I/am_on_paused_called(  217): com.android.phone.InCallScreen
I/am_restart_activity(   91): [1095376376,9,com.android.contacts/.activities.DialtactsActivity]
I/binder_sample(  217): [android.app.IActivityManager,19,216,com.android.phone,43]
I/content_update_sample(  217): [content://call_log/calls,insert,,1249,,100]
I/am_on_resume_called(  362): com.android.contacts.activities.DialtactsActivity
I/binder_sample(  217): [android.view.IWindowSession,4,246,com.android.phone,49]
I/content_query_sample(  362): [content://call_log/calls,number,type = 2,date DESC LIMIT 1,937,,100]
I/content_query_sample(  362): [content://com.android.contacts/data/phones?directory=0&address_book_index_extras=true&remove_duplicate_entries=true,_id/data2/data3/data1/contact_id/lookup/photo_id/display_name,,sort_key,329,,66]
I/content_update_sample(  217): [content://call_log/calls,delete,_id IN (SELECT _id FROM calls ORDER BY date DESC LIMIT -1 OFFSET 500),1949,,100]
I/backup_data_changed(   91): com.android.providers.settings
I/screen_toggled(   91): 2
I/activity_launch_time(   91): [1095376376,com.android.contacts/.activities.DialtactsActivity,4007,4007]
I/content_query_sample(  362): [content://com.android.contacts/phone_lookup/123?sip=1,_id/display_name/type/label/number/normalized_number/photo_id/lookup/photo_uri,,,1199,,100]
I/am_pause_activity(   91): [1095376376,com.android.contacts/.activities.DialtactsActivity]
I/am_on_paused_called(  362): com.android.contacts.activities.DialtactsActivity
I/am_resume_activity(   91): [1095273720,4,com.android.launcher/com.android.launcher2.Launcher]
I/am_on_resume_called(  535): com.android.launcher2.Launcher
I/notification_cancel(   91): [com.android.phone,1,NULL,0,64]
I/am_create_service(   91): [1095463560,com.android.contacts/.calllog.CallLogNotificationsService,act=com.android.contacts.calllog.UPDATE_NOTIFICATIONS,362]
I/content_update_sample(  362): [content://call_log/calls?allow_voicemails=true,update,new = 1,63,,13]
I/notification_cancel(   91): [com.android.contacts,1,DefaultVoicemailNotifier,0,64]
I/am_destroy_service(   91): [1095463560,com.android.contacts/.calllog.CallLogNotificationsService,362]
I/menu_opened(  535): 0
I/binder_sample(  535): [android.view.IWindowSession,4,57,com.android.launcher,11]
I/menu_item_selected(  535): [0,System settings]
I/am_pause_activity(   91): [1095273720,com.android.launcher/com.android.launcher2.Launcher]
I/am_task_to_front(   91): 5
I/am_new_intent(   91): [1103419024,5,com.android.settings/.Settings,android.settings.SETTINGS,NULL,NULL,274726912]
I/binder_sample(  535): [android.app.IActivityManager,3,27,com.android.launcher,5]
I/am_on_paused_called(  535): com.android.launcher2.Launcher
I/am_resume_activity(   91): [1095363296,5,com.android.settings/.Settings]
I/am_on_resume_called(  232): com.android.settings.Settings
I/am_create_activity(   91): [1102571376,5,com.android.settings/.SubSettings,android.intent.action.MAIN,NULL,NULL,0]
I/am_pause_activity(   91): [1095363296,com.android.settings/.Settings]
I/am_on_paused_called(  232): com.android.settings.Settings
I/am_restart_activity(   91): [1102571376,5,com.android.settings/.SubSettings]
I/am_on_resume_called(  232): com.android.settings.SubSettings
I/activity_launch_time(   91): [1102571376,com.android.settings/.SubSettings,725,725]
I/am_finish_activity(   91): [1102571376,5,com.android.settings/.SubSettings,app-request]
I/am_pause_activity(   91): [1102571376,com.android.settings/.SubSettings]
I/binder_sample(  232): [android.app.IActivityManager,11,22,com.android.settings,4]
I/am_on_paused_called(  232): com.android.settings.SubSettings
I/am_resume_activity(   91): [1095363296,5,com.android.settings/.Settings]
I/am_on_resume_called(  232): com.android.settings.Settings
I/binder_sample(  232): [android.view.IWindowSession,4,25,com.android.settings,5]
I/am_finish_activity(   91): [1095363296,5,com.android.settings/.Settings,app-request]
I/am_pause_activity(   91): [1095363296,com.android.settings/.Settings]
I/am_on_paused_called(  232): com.android.settings.Settings
I/am_resume_activity(   91): [1095273720,4,com.android.launcher/com.android.launcher2.Launcher]
I/am_on_resume_called(  535): com.android.launcher2.Launcher
I/binder_sample(  535): [android.view.IWindowSession,10,114,com.android.launcher,22]
I/am_destroy_activity(   91): [1102571376,5,com.android.settings/.SubSettings,finish-imm]
I/am_destroy_activity(   91): [1095363296,5,com.android.settings/.Settings,finish-imm]
I/am_new_intent(   91): [1102953240,4,com.android.launcher/com.android.launcher2.Launcher,android.intent.action.MAIN,NULL,NULL,270532608]
I/binder_sample(  535): [android.view.IWindowSession,4,26,com.android.launcher,5]
