D/RILJ    (  217): [0066]< SET_MUTE error: com.android.internal.telephony.CommandException: REQUEST_NOT_SUPPORTED
D/RILJ    (  217): [0067]> DIAL
D/RIL     (   35): onRequest: DIAL
D/AT      (   35): AT> ATD123;
D/AT      (   35): AT< OK
D/RILJ    (  217): [0067]< DIAL 
D/RILJ    (  217): [0068]> GET_CURRENT_CALLS
D/RIL     (   35): onRequest: GET_CURRENT_CALLS
D/AT      (   35): AT> AT+CLCC
D/AT      (   35): AT< +CLCC: 1,0,2,0,0,"123",129
D/AT      (   35): AT< OK
V/RILJ    (  217): Incoming UUS : NOT present!
D/RILJ    (  217): InCall VoicePrivacy is disabled
D/RILJ    (  217): [0068]< GET_CURRENT_CALLS  [id=1,DIALING,toa=129,norm,mo,0,voc,noevp,,cli=1,,0] 
D/GSM     (  217): [GsmDCT] handleMessage msg={ what=270343 when=-113ms obj=android.os.AsyncResult@413216d8 }
D/GSM     (  217): [GsmDCT] onVoiceCallStarted
D/RILJ    (  217): [0069]> SET_MUTE false
D/RIL     (   35): onRequest: SET_MUTE
D/RILJ    (  217): [0069]< SET_MUTE error: com.android.internal.telephony.CommandException: REQUEST_NOT_SUPPORTED
D/GSM     (  217): [GSMConn] update: parent=DIALING, hasNewParent=false, wasConnectingInOrOut=true, wasHolding=false, isConnectingInOrOut=true, changed=false
D/RILJ    (  217): [0070]> SET_MUTE false
D/RIL     (   35): onRequest: SET_MUTE
D/RILJ    (  217): [0070]< SET_MUTE error: com.android.internal.telephony.CommandException: REQUEST_NOT_SUPPORTED
D/RILJ    (  217): [UNSL]< UNSOL_RESPONSE_CALL_STATE_CHANGED
D/AT      (   35): AT< RING
D/RILJ    (  217): [UNSL]< UNSOL_RESPONSE_CALL_STATE_CHANGED
D/PHONE   (  217): VM: PhoneSubInfo.getVoiceMailNUmber: 
D/RILJ    (  217): [0071]> GET_CURRENT_CALLS
D/RIL     (   35): onRequest: GET_CURRENT_CALLS
D/AT      (   35): AT> AT+CLCC
D/AT      (   35): AT< +CLCC: 1,0,3,0,0,"123",129
D/AT      (   35): AT< OK
V/RILJ    (  217): Incoming UUS : NOT present!
D/RILJ    (  217): InCall VoicePrivacy is disabled
D/RILJ    (  217): [0071]< GET_CURRENT_CALLS  [id=1,ALERTING,toa=129,norm,mo,0,voc,noevp,,cli=1,,0] 
D/RILJ    (  217): [0072]> GET_CURRENT_CALLS
D/RIL     (   35): onRequest: GET_CURRENT_CALLS
D/AT      (   35): AT> AT+CLCC
D/AT      (   35): AT< +CLCC: 1,0,3,0,0,"123",129
D/AT      (   35): AT< OK
V/RILJ    (  217): Incoming UUS : NOT present!
D/RILJ    (  217): InCall VoicePrivacy is disabled
D/RILJ    (  217): [0072]< GET_CURRENT_CALLS  [id=1,ALERTING,toa=129,norm,mo,0,voc,noevp,,cli=1,,0] 
D/RILJ    (  217): [0073]> SET_MUTE false
D/RIL     (   35): onRequest: SET_MUTE
D/RILJ    (  217): [0073]< SET_MUTE error: com.android.internal.telephony.CommandException: REQUEST_NOT_SUPPORTED
D/GSM     (  217): [GSMConn] update: parent=ALERTING, hasNewParent=false, wasConnectingInOrOut=true, wasHolding=false, isConnectingInOrOut=true, changed=true
D/AT      (   35): AT< RING
D/RILJ    (  217): [UNSL]< UNSOL_RESPONSE_CALL_STATE_CHANGED
D/RILJ    (  217): [0074]> SET_MUTE false
D/RIL     (   35): onRequest: SET_MUTE
D/RILJ    (  217): [0074]< SET_MUTE error: com.android.internal.telephony.CommandException: REQUEST_NOT_SUPPORTED
D/RILJ    (  217): [UNSL]< UNSOL_RESPONSE_CALL_STATE_CHANGED
D/RILJ    (  217): [UNSL]< UNSOL_RESPONSE_CALL_STATE_CHANGED
D/RILJ    (  217): [0075]> GET_CURRENT_CALLS
D/RIL     (   35): onRequest: GET_CURRENT_CALLS
D/AT      (   35): AT> AT+CLCC
D/AT      (   35): AT< +CLCC: 1,0,0,0,0,"123",129
D/AT      (   35): AT< OK
V/RILJ    (  217): Incoming UUS : NOT present!
D/RILJ    (  217): InCall VoicePrivacy is disabled
D/RILJ    (  217): [0075]< GET_CURRENT_CALLS  [id=1,ACTIVE,toa=129,norm,mo,0,voc,noevp,,cli=1,,0] 
D/RILJ    (  217): [0076]> GET_CURRENT_CALLS
D/RIL     (   35): onRequest: GET_CURRENT_CALLS
D/AT      (   35): AT> AT+CLCC
D/AT      (   35): AT< +CLCC: 1,0,0,0,0,"123",129
D/AT      (   35): AT< OK
V/RILJ    (  217): Incoming UUS : NOT present!
D/RILJ    (  217): InCall VoicePrivacy is disabled
D/RILJ    (  217): [0076]< GET_CURRENT_CALLS  [id=1,ACTIVE,toa=129,norm,mo,0,voc,noevp,,cli=1,,0] 
D/RILJ    (  217): [0077]> GET_CURRENT_CALLS
D/RIL     (   35): onRequest: GET_CURRENT_CALLS
D/AT      (   35): AT> AT+CLCC
D/AT      (   35): AT< +CLCC: 1,0,0,0,0,"123",129
D/AT      (   35): AT< OK
V/RILJ    (  217): Incoming UUS : NOT present!
D/RILJ    (  217): InCall VoicePrivacy is disabled
D/RILJ    (  217): [0077]< GET_CURRENT_CALLS  [id=1,ACTIVE,toa=129,norm,mo,0,voc,noevp,,cli=1,,0] 
D/RILJ    (  217): [0078]> SET_MUTE false
D/RIL     (   35): onRequest: SET_MUTE
D/RILJ    (  217): [0078]< SET_MUTE error: com.android.internal.telephony.CommandException: REQUEST_NOT_SUPPORTED
D/GSM     (  217): [GSMConn] update: parent=ACTIVE, hasNewParent=false, wasConnectingInOrOut=true, wasHolding=false, isConnectingInOrOut=false, changed=true
D/GSM     (  217): [GSMConn] onConnectedInOrOut: connectTime=1333808420632
D/GSM     (  217): [GSMConn] releaseWakeLock
D/RILJ    (  217): [0079]> SET_MUTE false
D/RIL     (   35): onRequest: SET_MUTE
D/RILJ    (  217): [0079]< SET_MUTE error: com.android.internal.telephony.CommandException: REQUEST_NOT_SUPPORTED
D/RILJ    (  217): [0080]> SIGNAL_STRENGTH
D/RIL     (   35): onRequest: SIGNAL_STRENGTH
D/AT      (   35): AT> AT+CSQ
D/AT      (   35): AT< +CSQ: 7,99
D/AT      (   35): AT< OK
E/RILC    (   35): invalid response length
D/RILJ    (  217): [0080]< SIGNAL_STRENGTH error: com.android.internal.telephony.CommandException: INVALID_RESPONSE
D/RILB    (  217): getLteOnCdmaMode=0 curVal=-1 product_type='' lteOnCdmaProductType=''
D/RILB    (  217): getLteOnCdmaMode=0 curVal=-1 product_type='' lteOnCdmaProductType=''
D/GSM     (  217): [GsmCallTracker] hangupForegroundResumeBackground
D/RILJ    (  217): [0081]> HANGUP_FOREGROUND_RESUME_BACKGROUND
D/RIL     (   35): onRequest: HANGUP_FOREGROUND_RESUME_BACKGROUND
D/AT      (   35): AT> AT+CHLD=1
D/AT      (   35): AT< OK
D/RILJ    (  217): [0081]< HANGUP_FOREGROUND_RESUME_BACKGROUND 
D/RILJ    (  217): [0082]> GET_CURRENT_CALLS
D/RIL     (   35): onRequest: GET_CURRENT_CALLS
D/AT      (   35): AT> AT+CLCC
D/AT      (   35): AT< OK
D/RILJ    (  217): [0082]< GET_CURRENT_CALLS  
D/RILJ    (  217): [0083]> SET_MUTE false
D/RIL     (   35): onRequest: SET_MUTE
D/RILJ    (  217): [0083]< SET_MUTE error: com.android.internal.telephony.CommandException: REQUEST_NOT_SUPPORTED
D/GSM     (  217): [GsmDCT] handleMessage msg={ what=270344 when=-59ms obj=android.os.AsyncResult@415c0df8 }
D/GSM     (  217): [GsmDCT] onVoiceCallEnded
D/RILJ    (  217): [0084]> SET_MUTE false
D/RIL     (   35): onRequest: SET_MUTE
D/RILJ    (  217): [0084]< SET_MUTE error: com.android.internal.telephony.CommandException: REQUEST_NOT_SUPPORTED
D/PHONE   (  217): VM: PhoneSubInfo.getVoiceMailNUmber: 
D/PHONE   (  217): VM: PhoneSubInfo.getVoiceMailNUmber: 
D/PHONE   (  217): VM: PhoneSubInfo.getVoiceMailNUmber: 
D/PHONE   (  217): VM: PhoneSubInfo.getVoiceMailNUmber: 
D/PHONE   (  217): VM: PhoneSubInfo.getVoiceMailNUmber: 
D/PHONE   (  217): VM: PhoneSubInfo.getVoiceMailNUmber: 
D/PHONE   (  217): VM: PhoneSubInfo.getVoiceMailNUmber: 
D/PHONE   (  217): VM: PhoneSubInfo.getVoiceMailNUmber: 
D/PHONE   (  217): VM: PhoneSubInfo.getVoiceMailNUmber: 
D/RILJ    (  217): [0085]> SIGNAL_STRENGTH
D/RIL     (   35): onRequest: SIGNAL_STRENGTH
D/AT      (   35): AT> AT+CSQ
D/AT      (   35): AT< +CSQ: 7,99
D/AT      (   35): AT< OK
E/RILC    (   35): invalid response length
D/RILJ    (  217): [0085]< SIGNAL_STRENGTH error: com.android.internal.telephony.CommandException: INVALID_RESPONSE
D/RILB    (  217): getLteOnCdmaMode=0 curVal=-1 product_type='' lteOnCdmaProductType=''
D/RILB    (  217): getLteOnCdmaMode=0 curVal=-1 product_type='' lteOnCdmaProductType=''
D/RILJ    (  217): [0086]> SIGNAL_STRENGTH
D/RIL     (   35): onRequest: SIGNAL_STRENGTH
D/AT      (   35): AT> AT+CSQ
D/AT      (   35): AT< +CSQ: 7,99
D/AT      (   35): AT< OK
E/RILC    (   35): invalid response length
D/RILJ    (  217): [0086]< SIGNAL_STRENGTH error: com.android.internal.telephony.CommandException: INVALID_RESPONSE
D/RILB    (  217): getLteOnCdmaMode=0 curVal=-1 product_type='' lteOnCdmaProductType=''
D/RILB    (  217): getLteOnCdmaMode=0 curVal=-1 product_type='' lteOnCdmaProductType=''
D/RILJ    (  217): [0087]> SIGNAL_STRENGTH
D/RIL     (   35): onRequest: SIGNAL_STRENGTH
D/AT      (   35): AT> AT+CSQ
D/AT      (   35): AT< +CSQ: 7,99
D/AT      (   35): AT< OK
E/RILC    (   35): invalid response length
D/RILJ    (  217): [0087]< SIGNAL_STRENGTH error: com.android.internal.telephony.CommandException: INVALID_RESPONSE
D/RILB    (  217): getLteOnCdmaMode=0 curVal=-1 product_type='' lteOnCdmaProductType=''
D/RILB    (  217): getLteOnCdmaMode=0 curVal=-1 product_type='' lteOnCdmaProductType=''
D/RILJ    (  217): [0088]> SIGNAL_STRENGTH
D/RIL     (   35): onRequest: SIGNAL_STRENGTH
D/AT      (   35): AT> AT+CSQ
D/AT      (   35): AT< +CSQ: 7,99
D/AT      (   35): AT< OK
E/RILC    (   35): invalid response length
D/RILJ    (  217): [0088]< SIGNAL_STRENGTH error: com.android.internal.telephony.CommandException: INVALID_RESPONSE
D/RILB    (  217): getLteOnCdmaMode=0 curVal=-1 product_type='' lteOnCdmaProductType=''
D/RILB    (  217): getLteOnCdmaMode=0 curVal=-1 product_type='' lteOnCdmaProductType=''
D/RILJ    (  217): [0089]> SIGNAL_STRENGTH
D/RIL     (   35): onRequest: SIGNAL_STRENGTH
D/AT      (   35): AT> AT+CSQ
D/AT      (   35): AT< +CSQ: 7,99
D/AT      (   35): AT< OK
E/RILC    (   35): invalid response length
D/RILJ    (  217): [0089]< SIGNAL_STRENGTH error: com.android.internal.telephony.CommandException: INVALID_RESPONSE
D/RILB    (  217): getLteOnCdmaMode=0 curVal=-1 product_type='' lteOnCdmaProductType=''
D/RILB    (  217): getLteOnCdmaMode=0 curVal=-1 product_type='' lteOnCdmaProductType=''
D/RILJ    (  217): [0090]> SIGNAL_STRENGTH
D/RIL     (   35): onRequest: SIGNAL_STRENGTH
D/AT      (   35): AT> AT+CSQ
D/AT      (   35): AT< +CSQ: 7,99
D/AT      (   35): AT< OK
E/RILC    (   35): invalid response length
D/RILJ    (  217): [0090]< SIGNAL_STRENGTH error: com.android.internal.telephony.CommandException: INVALID_RESPONSE
D/RILB    (  217): getLteOnCdmaMode=0 curVal=-1 product_type='' lteOnCdmaProductType=''
D/RILB    (  217): getLteOnCdmaMode=0 curVal=-1 product_type='' lteOnCdmaProductType=''
D/RILJ    (  217): [0091]> SIGNAL_STRENGTH
D/RIL     (   35): onRequest: SIGNAL_STRENGTH
D/AT      (   35): AT> AT+CSQ
D/AT      (   35): AT< +CSQ: 7,99
D/AT      (   35): AT< OK
E/RILC    (   35): invalid response length
D/RILJ    (  217): [0091]< SIGNAL_STRENGTH error: com.android.internal.telephony.CommandException: INVALID_RESPONSE
D/RILB    (  217): getLteOnCdmaMode=0 curVal=-1 product_type='' lteOnCdmaProductType=''
D/RILB    (  217): getLteOnCdmaMode=0 curVal=-1 product_type='' lteOnCdmaProductType=''
D/RILJ    (  217): [0092]> SIGNAL_STRENGTH
D/RIL     (   35): onRequest: SIGNAL_STRENGTH
D/AT      (   35): AT> AT+CSQ
D/AT      (   35): AT< +CSQ: 7,99
D/AT      (   35): AT< OK
E/RILC    (   35): invalid response length
D/RILJ    (  217): [0092]< SIGNAL_STRENGTH error: com.android.internal.telephony.CommandException: INVALID_RESPONSE
D/RILB    (  217): getLteOnCdmaMode=0 curVal=-1 product_type='' lteOnCdmaProductType=''
D/RILB    (  217): getLteOnCdmaMode=0 curVal=-1 product_type='' lteOnCdmaProductType=''
