D/dalvikvm(  362): GC_CONCURRENT freed 75K, 2% free 11342K/11527K, paused 5ms+11ms
E/DefaultVoicemailNotifier(  362): No voicemails to notify about: clear the notification.
D/gralloc_goldfish(  362): Emulator without GPU emulation detected.
I/ActivityManager(   91): Displayed com.android.contacts/.activities.DialtactsActivity: +2s952ms
W/NetworkManagementSocketTagger(   91): setKernelCountSet(10009, 0) failed with errno -2
I/ActivityManager(   91): START {act=android.intent.action.CALL_BUTTON flg=0x10000000 cmp=com.android.contacts/.activities.DialtactsActivity} from pid 362
D/dalvikvm(  267): GC_CONCURRENT freed 323K, 6% free 9552K/10119K, paused 4ms+12ms
E/DefaultVoicemailNotifier(  362): No voicemails to notify about: clear the notification.
I/ActivityManager(   91): START {act=android.intent.action.CALL_BUTTON flg=0x10000000 cmp=com.android.contacts/.activities.DialtactsActivity} from pid 362
E/DefaultVoicemailNotifier(  362): No voicemails to notify about: clear the notification.
E/DefaultVoicemailNotifier(  362): No voicemails to notify about: clear the notification.
I/ActivityManager(   91): START {act=android.intent.action.CALL_PRIVILEGED dat=tel:xxxx flg=0x10000000 cmp=com.android.phone/.PrivilegedOutgoingCallBroadcaster (has extras)} from pid 362
W/WindowManager(   91): Failure taking screenshot for (180x300) to layer 21015
W/NetworkManagementSocketTagger(   91): setKernelCountSet(10009, 1) failed with errno -2
D/dalvikvm(  217): GC_CONCURRENT freed 391K, 6% free 9706K/10247K, paused 9ms+10ms
D/dalvikvm(  217): GC_CONCURRENT freed 370K, 5% free 9798K/10247K, paused 10ms+9ms
D/PhoneUtils(  217): checkAndCopyPhoneProviderExtras: some or all extras are missing.
D/PhoneUtils(  217): checkAndCopyPhoneProviderExtras: some or all extras are missing.
I/ActivityManager(   91): START {act=com.android.phone.SIP_SELECT_PHONE dat=tel:xxxx flg=0x10000000 cmp=com.android.phone/.SipCallOptionHandler (has extras)} from pid 217
W/NetworkManagementSocketTagger(   91): setKernelCountSet(10009, 0) failed with errno -2
D/CallController(  217): placeCall()...  intent = Intent { act=android.intent.action.CALL dat=tel:xxxx (has extras) }
D/AudioHardwareInterface(   38): setMode(IN_CALL)
I/AudioService(   91):  AudioFocus  requestAudioFocus() from AudioFocus_For_Phone_Ring_And_Calls
I/ActivityManager(   91): START {act=android.intent.action.MAIN flg=0x10840000 cmp=com.android.phone/.InCallScreen} from pid 217
D/PhoneStatusBar(  189): disable: < expand icons ALERTS* ticker system_info back home recent clock >
D/AccelerometerListener(  217): enable(true)
I/InCallScreen(  217): onCreate()...  this = com.android.phone.InCallScreen@413830a0
D/InCallScreen(  217): - onCreate: phone state = OFFHOOK
D/dalvikvm(  217): GC_FOR_ALLOC freed 222K, 4% free 10015K/10375K, paused 41ms
D/dalvikvm(  217): GC_FOR_ALLOC freed 19K, 4% free 10208K/10631K, paused 37ms
D/dalvikvm(  217): GC_FOR_ALLOC freed 2K, 4% free 10414K/10759K, paused 38ms
D/dalvikvm(  217): GC_FOR_ALLOC freed 1K, 4% free 10622K/11015K, paused 39ms
D/dalvikvm(  217): GC_FOR_ALLOC freed 21K, 3% free 11028K/11271K, paused 42ms
D/dalvikvm(  217): GC_FOR_ALLOC freed 13K, 2% free 11565K/11783K, paused 44ms
D/PhoneStatusBar(  189): disable: < EXPAND* icons ALERTS ticker system_info back home recent clock >
W/InputManagerService(   91): Starting input on non-focused client com.android.internal.view.IInputMethodClient$Stub$Proxy@412f04d0 (uid=10020 pid=362)
D/gralloc_goldfish(  217): Emulator without GPU emulation detected.
I/ActivityManager(   91): Displayed com.android.phone/.InCallScreen: +2s235ms (total +3s951ms)
D/dalvikvm(  267): GC_CONCURRENT freed 288K, 4% free 9743K/10119K, paused 6ms+16ms
W/CallerInfo(  217): getGeoDescription: NumberParseException for incoming number '123'
W/NetworkManagementSocketTagger(   91): setKernelCountSet(10020, 0) failed with errno -2
W/ThrottleService(   91): unable to find stats for iface rmnet0
E/ThrottleService(   91): Error reading data file
E/DefaultVoicemailNotifier(  362): No voicemails to notify about: clear the notification.
D/InCallScreen(  217): internalHangup()...  phone state = OFFHOOK
D/PhoneUtils(  217): hangup(): hanging up foreground call
D/PhoneUtils(  217): - hangup(Call): regular hangup()...
D/PhoneStatusBar(  189): disable: < EXPAND icons alerts* ticker system_info back home recent clock >
D/AccelerometerListener(  217): enable(false)
D/CallNotifier(  217): onDisconnect: cause = LOCAL, incoming = false, date = 1333808417625
I/PowerManagerService(   91): clearUserActivity for 10000ms from now
D/CallNotifier(  217): SignalInfoTonePlayer.run(toneId = 98)...
D/CallNotifier(  217): InCallTonePlayer.run(toneId = 5)...
D/dalvikvm(  217): GC_CONCURRENT freed 213K, 3% free 12098K/12423K, paused 21ms+19ms
D/InCallScreen(  217): delayedCleanupAfterDisconnect()...  Phone state = IDLE
D/dalvikvm(   91): GC_CONCURRENT freed 1608K, 41% free 11409K/19335K, paused 42ms+35ms
D/dalvikvm(   91): GC_EXPLICIT freed 39K, 42% free 11369K/19335K, paused 5ms+10ms
I/ActivityManager(   91): START {flg=0x10000 cmp=com.android.contacts/.activities.DialtactsActivity} from pid 217
D/AudioHardwareInterface(   38): setMode(NORMAL)
W/WindowManager(   91): Failure taking screenshot for (180x300) to layer 21015
D/InCallScreen(  217): endInCallScreenSession(false)...  phone state = IDLE
I/ActivityManager(   91): moveTaskToBack: 8
D/PhoneStatusBar(  189): disable: < expand* icons alerts ticker system_info back home recent clock >
I/AudioService(   91):  AudioFocus  abandonAudioFocus() from AudioFocus_For_Phone_Ring_And_Calls
D/dalvikvm(   91): GC_FOR_ALLOC freed 13K, 40% free 11735K/19335K, paused 81ms
I/dalvikvm-heap(   91): Grow heap (frag case) to 12.535MB for 1048592-byte allocation
D/dalvikvm(   91): GC_FOR_ALLOC freed 2K, 35% free 12757K/19335K, paused 80ms
W/NetworkManagementSocketTagger(   91): setKernelCountSet(10020, 1) failed with errno -2
V/TransportControlView(   91): Create TCV com.android.internal.widget.TransportControlView@41c3a648
D/dalvikvm(   91): GC_CONCURRENT freed 17K, 33% free 13068K/19335K, paused 12ms+61ms
D/PhoneStatusBar(  189): disable: < expand icons alerts ticker system_info back home RECENT* clock >
D/dalvikvm(  362): GC_CONCURRENT freed 363K, 4% free 11717K/12167K, paused 4ms+41ms
D/PhoneStatusBar(  189): disable: < expand icons alerts ticker system_info BACK* HOME* RECENT clock >
D/PhoneStatusBar(  189): disable: < expand icons alerts ticker system_info BACK HOME RECENT CLOCK* >
W/SoundPool(   91):   sample 0 not READY
D/PhoneStatusBar(  189): disable: < expand icons alerts ticker system_info BACK HOME recent* CLOCK >
I/ActivityManager(   91): Displayed com.android.contacts/.activities.DialtactsActivity: +4s7ms
D/PhoneStatusBar(  189): disable: < expand icons alerts ticker system_info back* home* recent clock* >
I/ActivityManager(   91): moveTaskToBack: 9
W/WindowManager(   91): Failure taking screenshot for (180x300) to layer 21020
W/NetworkManagementSocketTagger(   91): setKernelCountSet(10009, 1) failed with errno -2
W/InputManagerService(   91): Starting input on non-focused client com.android.internal.view.IInputMethodClient$Stub$Proxy@412f04d0 (uid=10020 pid=362)
W/IInputConnectionWrapper(  362): showStatusIcon on inactive InputConnection
I/ARMAssembler(   36): generated scanline__00000077:03515104_00008001_00000000 [113 ipp] (134 ins) at [0x418dc6a8:0x418dc8c0] in 785952 ns
W/NetworkManagementSocketTagger(   91): setKernelCountSet(10020, 0) failed with errno -2
E/DefaultVoicemailNotifier(  362): No voicemails to notify about: clear the notification.
D/dalvikvm(  535): GC_CONCURRENT freed 707K, 35% free 11425K/17415K, paused 9ms+20ms
I/ActivityManager(   91): START {act=android.settings.SETTINGS flg=0x10200000 cmp=com.android.settings/.Settings} from pid 535
W/WindowManager(   91): Failure taking screenshot for (180x300) to layer 21025
W/NetworkManagementSocketTagger(   91): setKernelCountSet(1000, 1) failed with errno -2
W/NetworkManagementSocketTagger(   91): setKernelCountSet(10009, 0) failed with errno -2
I/dalvikvm(   91): Jit: resizing JitTable from 4096 to 8192
I/ActivityManager(   91): START {act=android.intent.action.MAIN cmp=com.android.settings/.SubSettings (has extras)} from pid 232
W/WindowManager(   91): Failure taking screenshot for (180x300) to layer 21020
V/NFC     (  232): this device does not have NFC support
I/ActivityManager(   91): Displayed com.android.settings/.SubSettings: +725ms
I/ARMAssembler(   36): generated scanline__00000077:03010104_00008001_00000000 [ 89 ipp] (110 ins) at [0x418dc8c8:0x418dca80] in 926141 ns
W/WindowManager(   91): Failure taking screenshot for (180x300) to layer 21025
W/WindowManager(   91): Failure taking screenshot for (180x300) to layer 21020
W/NetworkManagementSocketTagger(   91): setKernelCountSet(10009, 1) failed with errno -2
W/InputManagerService(   91): Starting input on non-focused client com.android.internal.view.IInputMethodClient$Stub$Proxy@41bf9928 (uid=1000 pid=232)
W/NetworkManagementSocketTagger(   91): setKernelCountSet(1000, 0) failed with errno -2
D/InputEventConsistencyVerifier(  535): KeyEvent: ACTION_UP but key was not down.
D/InputEventConsistencyVerifier(  535):   in com.android.launcher2.Workspace@4130f2e8
D/InputEventConsistencyVerifier(  535):   0: sent at 198827000000, KeyEvent { action=ACTION_UP, keyCode=KEYCODE_DPAD_DOWN, scanCode=108, metaState=0, flags=0x8, repeatCount=0, eventTime=198827, downTime=198827, deviceId=0, source=0x301 }
D/InputEventConsistencyVerifier(  535): KeyEvent: ACTION_UP but key was not down.
D/InputEventConsistencyVerifier(  535):   in com.android.launcher2.Hotseat@41295000
D/InputEventConsistencyVerifier(  535):   0: sent at 198845000000, KeyEvent { action=ACTION_UP, keyCode=KEYCODE_DPAD_DOWN, scanCode=108, metaState=0, flags=0x8, repeatCount=0, eventTime=198845, downTime=198845, deviceId=0, source=0x301 }
D/InputEventConsistencyVerifier(  535):   -- recent events --
D/InputEventConsistencyVerifier(  535):   1: sent at 142404995000, MotionEvent { action=ACTION_UP, id[0]=0, x[0]=57.0, y[0]=55.0, toolType[0]=TOOL_TYPE_FINGER, buttonState=0, metaState=0, flags=0x0, edgeFlags=0x0, pointerCount=1, historySize=0, eventTime=142404, downTime=142387, deviceId=0, source=0x1002 }
D/InputEventConsistencyVerifier(  535):   2: sent at 142387007000, MotionEvent { action=ACTION_DOWN, id[0]=0, x[0]=57.0, y[0]=55.0, toolType[0]=TOOL_TYPE_FINGER, buttonState=0, metaState=0, flags=0x0, edgeFlags=0x0, pointerCount=1, historySize=0, eventTime=142387, downTime=142387, deviceId=0, source=0x1002 }
D/dalvikvm(  535): GC_FOR_ALLOC freed 544K, 34% free 11530K/17415K, paused 44ms
I/dalvikvm-heap(  535): Grow heap (frag case) to 12.433MB for 1157776-byte allocation
D/dalvikvm(  535): GC_CONCURRENT freed 6K, 28% free 12654K/17415K, paused 9ms+6ms
D/dalvikvm(  535): GC_CONCURRENT freed 0K, 21% free 13830K/17415K, paused 9ms+14ms
D/dalvikvm(  535): GC_FOR_ALLOC freed 4K, 15% free 14958K/17415K, paused 43ms
I/dalvikvm-heap(  535): Grow heap (frag case) to 15.780MB for 1157776-byte allocation
D/dalvikvm(  535): GC_FOR_ALLOC freed 0K, 14% free 16088K/18567K, paused 43ms
D/dalvikvm(  535): GC_FOR_ALLOC freed <1K, 14% free 16089K/18567K, paused 62ms
I/dalvikvm-heap(  535): Grow heap (frag case) to 17.155MB for 1440016-byte allocation
D/dalvikvm(  535): GC_FOR_ALLOC freed 0K, 13% free 17496K/19975K, paused 44ms
D/dalvikvm(  535): GC_FOR_ALLOC freed 363K, 11% free 17820K/19975K, paused 49ms
I/dalvikvm-heap(  535): Grow heap (frag case) to 18.867MB for 1463056-byte allocation
D/dalvikvm(  535): GC_FOR_ALLOC freed 4K, 11% free 19244K/21447K, paused 63ms
D/dalvikvm(  535): GC_FOR_ALLOC freed 0K, 11% free 19245K/21447K, paused 64ms
I/dalvikvm-heap(  535): Grow heap (frag case) to 20.258MB for 1463056-byte allocation
D/dalvikvm(  535): GC_FOR_ALLOC freed 0K, 10% free 20674K/22919K, paused 70ms
D/dalvikvm(  535): GC_FOR_ALLOC freed 25K, 9% free 20862K/22919K, paused 80ms
I/dalvikvm-heap(  535): Grow heap (frag case) to 21.324MB for 925072-byte allocation
D/dalvikvm(  535): GC_FOR_ALLOC freed <1K, 9% free 21765K/23879K, paused 70ms
D/dalvikvm(  535): GC_FOR_ALLOC freed 1763K, 13% free 20949K/23879K, paused 66ms
D/dalvikvm(  535): GC_FOR_ALLOC freed 1048K, 11% free 21453K/23879K, paused 67ms
D/dalvikvm(  535): GC_FOR_ALLOC freed 9K, 3% free 23239K/23879K, paused 64ms
D/dalvikvm(  535): GC_FOR_ALLOC freed 2534K, 12% free 22297K/25287K, paused 60ms
D/dalvikvm(  535): GC_FOR_ALLOC freed 1127K, 10% free 22797K/25287K, paused 73ms
I/dalvikvm-heap(  535): Grow heap (frag case) to 23.727MB for 1463056-byte allocation
D/dalvikvm(  535): GC_FOR_ALLOC freed 3K, 10% free 24222K/26759K, paused 69ms
D/dalvikvm(  535): GC_FOR_ALLOC freed 2797K, 19% free 21716K/26759K, paused 53ms
D/dalvikvm(  535): GC_FOR_ALLOC freed 4971K, 32% free 18351K/26759K, paused 54ms
D/dalvikvm(  535): GC_FOR_ALLOC freed 6K, 27% free 19628K/26759K, paused 54ms
I/ActivityManager(   91): START {act=android.intent.action.MAIN cat=[android.intent.category.HOME] flg=0x10200000 cmp=com.android.launcher/com.android.launcher2.Launcher} from pid 91
