04-07 09:19:27.446 I/InputReader(   89): Device reconfigured: id=0, name='qwerty2', surface size is now 480x800, mode is 1
04-07 09:19:27.456 I/ActivityManager(   89): Config changed: {1.0 0mcc0mnc en_US layoutdir=0 sw320dp w320dp h508dp nrml long port ?uimode ?night finger qwerty/v/v tball/v s.2}
04-07 09:19:27.466 D/PermissionCache(   36): checking android.permission.ACCESS_SURFACE_FLINGER for uid=1000 => granted (2909 us)
04-07 09:19:27.466 I/SystemServer(   89): Device Policy
04-07 09:19:27.476 I/SystemServer(   89): Status Bar
04-07 09:19:27.476 I/SystemServer(   89): Clipboard Service
04-07 09:19:27.476 I/SystemServer(   89): NetworkManagement Service
04-07 09:19:27.486 I/SystemServer(   89): Text Service Manager Service
04-07 09:19:27.536 I/SystemServer(   89): NetworkStats Service
04-07 09:19:27.546 I/SystemServer(   89): NetworkPolicy Service
04-07 09:19:27.546 I/SystemServer(   89): Wi-Fi P2pService
04-07 09:19:27.556 I/SystemServer(   89): Wi-Fi Service
04-07 09:19:27.716 E/CommandListener(   33): Failed to open /proc/sys/net/ipv6/conf/wlan0/disable_ipv6: No such file or directory
04-07 09:19:27.716 E/WifiStateMachine(   89): Failed to disable IPv6: java.lang.IllegalStateException: Unable to communicate to native daemon for disabling ipv6
04-07 09:19:27.746 I/SystemServer(   89): Connectivity Service
04-07 09:19:27.746 D/ConnectivityService(   89): ConnectivityService starting up
04-07 09:19:27.806 E/MobileDataStateTracker(   89): default: Ignoring feature request because could not acquire PhoneService
04-07 09:19:27.806 E/MobileDataStateTracker(   89): default: Could not enable APN type "default"
04-07 09:19:27.826 D/NetworkManagementService(   89): Registering observer
04-07 09:19:27.826 D/NetworkManagementService(   89): Registering observer
04-07 09:19:27.826 I/WifiService(   89): WifiService starting up with Wi-Fi disabled
04-07 09:19:27.866 I/SystemServer(   89): Throttle Service
04-07 09:19:27.877 D/dalvikvm(   89): GC_CONCURRENT freed 289K, 46% free 10622K/19335K, paused 39ms+9ms
04-07 09:19:27.886 I/SystemServer(   89): Mount Service
04-07 09:19:27.886 D/MountService(   89): got storage path: /mnt/sdcard description: USB storage primary: true removable: false emulated: false mtpReserve: 0 allowMassStorage: false maxFileSize: 0
04-07 09:19:27.916 I/SystemServer(   89): Notification Manager
04-07 09:19:27.946 I/SystemServer(   89): Device Storage Monitor
04-07 09:19:27.946 I/SystemServer(   89): Location Manager
04-07 09:19:27.946 I/SystemServer(   89): Country Detector
04-07 09:19:27.956 I/SystemServer(   89): Search Service
04-07 09:19:27.956 I/SystemServer(   89): DropBox Service
04-07 09:19:27.956 I/SystemServer(   89): Wallpaper Service
04-07 09:19:27.966 W/WallpaperService(   89): failed parsing /data/system/wallpaper_info.xml java.io.FileNotFoundException: /data/system/wallpaper_info.xml: open failed: ENOENT (No such file or directory)
04-07 09:19:27.966 D/VoldCmdListener(   31): volume list
04-07 09:19:27.976 D/MountService(   89): volume state changed for /mnt/sdcard (null -> unmounted)
04-07 09:19:27.976 I/PackageManager(   89): Updating external media status from unmounted to unmounted
04-07 09:19:27.976 I/SystemServer(   89): Audio Service
04-07 09:19:28.116 I/SystemServer(   89): Dock Observer
04-07 09:19:28.116 W/DockObserver(   89): This kernel does not have dock station support
04-07 09:19:28.116 I/SystemServer(   89): Wired Accessory Observer
04-07 09:19:28.116 I/SystemServer(   89): USB Service
04-07 09:19:28.116 I/SystemServer(   89): UI Mode Manager Service
04-07 09:19:28.126 I/SystemServer(   89): Backup Service
04-07 09:19:28.136 V/BackupManagerService(   89): Initializing package tracking
04-07 09:19:28.136 V/BackupManagerService(   89): No ancestral data
04-07 09:19:28.136 V/BackupManagerService(   89): addPackageParticipantsLocked: null
04-07 09:19:28.376 I/BackupManagerService(   89): New app android never backed up; scheduling
04-07 09:19:28.376 I/BackupManagerService(   89): New app com.android.browser never backed up; scheduling
04-07 09:19:28.376 I/BackupManagerService(   89): New app com.android.calendar never backed up; scheduling
04-07 09:19:28.386 I/BackupManagerService(   89): New app com.android.inputmethod.latin never backed up; scheduling
04-07 09:19:28.386 I/BackupManagerService(   89): New app com.android.providers.settings never backed up; scheduling
04-07 09:19:28.386 I/BackupManagerService(   89): New app com.android.providers.userdictionary never backed up; scheduling
04-07 09:19:28.386 I/BackupManagerService(   89): New app com.android.sharedstoragebackup never backed up; scheduling
04-07 09:19:28.386 V/BackupManagerService(   89): Registering transport android/com.android.internal.backup.LocalTransport = com.android.internal.backup.LocalTransport@41619280
04-07 09:19:28.396 V/BackupManagerService(   89): Starting with transport android/com.android.internal.backup.LocalTransport
04-07 09:19:28.396 V/BackupManagerService(   89): Google transport not present
04-07 09:19:28.396 I/BackupManagerService(   89): Backup enabled => true
04-07 09:19:28.396 I/SystemServer(   89): AppWidget Service
04-07 09:19:28.396 I/SystemServer(   89): Recognition Service
04-07 09:19:28.416 I/SystemServer(   89): DiskStats Service
04-07 09:19:28.416 I/SystemServer(   89): SamplingProfiler Service
04-07 09:19:28.426 I/SystemServer(   89): NetworkTimeUpdateService
04-07 09:19:28.426 I/WindowManager(   89): SAFE MODE not enabled
04-07 09:19:28.426 D/dalvikvm(   89): JIT started for system_server
04-07 09:19:28.556 D/PowerManagerService(   89): system ready!
04-07 09:19:28.576 I/ActivityManager(   89): Sending system update to: ComponentInfo{com.android.providers.contacts/com.android.providers.contacts.ContactsUpgradeReceiver}
04-07 09:19:28.576 I/ActivityManager(   89): Sending system update to: ComponentInfo{com.android.providers.media/com.android.providers.media.MediaUpgradeReceiver}
04-07 09:19:28.576 I/ActivityManager(   89): Sending system update to: ComponentInfo{com.android.providers.calendar/com.android.providers.calendar.CalendarUpgradeReceiver}
04-07 09:19:28.576 I/Zygote  (   89): Process: zygote socket opened
04-07 09:19:28.626 I/SystemServer(   89): Enabled StrictMode for system server main thread.
04-07 09:19:28.656 I/ActivityManager(   89): Start proc android.process.acore for broadcast com.android.providers.contacts/.ContactsUpgradeReceiver: pid=143 uid=10020 gids={3003, 1015}
04-07 09:19:28.826 I/ActivityManager(   89): Launching preboot mode app: ProcessRecord{415b7638 143:android.process.acore/10020}
04-07 09:19:28.846 D/dalvikvm(   89): GC_CONCURRENT freed 274K, 45% free 10762K/19335K, paused 7ms+24ms
04-07 09:19:29.226 I/ContactsDatabaseHelper(  143): Bootstrapping database version: 625
04-07 09:19:29.316 D/dalvikvm(  143): GC_CONCURRENT freed 395K, 5% free 9128K/9607K, paused 38ms+4ms
04-07 09:19:30.256 D/dalvikvm(  143): GC_CONCURRENT freed 321K, 5% free 9245K/9671K, paused 8ms+4ms
04-07 09:19:30.526 I/ContactsProviderV1(  143): Bootstrapping database legacy support
04-07 09:19:31.126 D/gralloc_goldfish(   89): Emulator without GPU emulation detected.
04-07 09:19:31.146 I/ActivityManager(   89): Start proc android.process.media for broadcast com.android.providers.media/.MediaUpgradeReceiver: pid=157 uid=10004 gids={1015, 1023, 1024, 1006, 2001, 3003, 3007}
04-07 09:19:31.316 I/ActivityManager(   89): Launching preboot mode app: ProcessRecord{4146fcb0 157:android.process.media/10004}
04-07 09:19:31.516 I/ActivityManager(   89): Start proc com.android.providers.calendar for broadcast com.android.providers.calendar/.CalendarUpgradeReceiver: pid=173 uid=10031 gids={3003, 1015}
04-07 09:19:31.646 I/ActivityManager(   89): Launching preboot mode app: ProcessRecord{4149d580 173:com.android.providers.calendar/10031}
04-07 09:19:31.846 I/ActivityManager(   89): Writing new set of last done pre-boot receivers...
04-07 09:19:31.906 I/ActivityManager(   89): Removing system update proc: ProcessRecord{415b7638 143:android.process.acore/10020}
04-07 09:19:31.906 I/ActivityManager(   89): Killing proc 143:android.process.acore/10020: system update done
04-07 09:19:31.916 I/ActivityManager(   89): Removing system update proc: ProcessRecord{4146fcb0 157:android.process.media/10004}
04-07 09:19:31.916 I/ActivityManager(   89): Killing proc 157:android.process.media/10004: system update done
04-07 09:19:31.916 I/ActivityManager(   89): Removing system update proc: ProcessRecord{4149d580 173:com.android.providers.calendar/10031}
04-07 09:19:31.916 I/ActivityManager(   89): Killing proc 173:com.android.providers.calendar/10031: system update done
04-07 09:19:31.916 I/ActivityManager(   89): System now ready
04-07 09:19:31.916 I/SystemServer(   89): Making services ready
04-07 09:19:31.916 D/SystemServer(   89): Starting service: Intent { cmp=com.android.systemui/.SystemUIService }
04-07 09:19:31.966 I/ActivityManager(   89): Start proc com.android.systemui for service com.android.systemui/.SystemUIService: pid=187 uid=1000 gids={1015, 3002, 3001, 3003}
04-07 09:19:31.966 D/NetworkManagementService(   89): not enabling bandwidth control
04-07 09:19:32.146 W/NetworkStats(   89): problem reading network stats: java.lang.IllegalStateException: problem parsing idx 1
04-07 09:19:32.146 D/NetworkManagementService(   89): Registering observer
04-07 09:19:32.156 D/NetworkManagementService(   89): Registering observer
04-07 09:19:32.196 I/ActivityManager(   89): Config changed: {1.0 0mcc0mnc en_US layoutdir=0 sw320dp w320dp h508dp nrml long port finger qwerty/v/v tball/v s.3}
04-07 09:19:32.216 W/RecognitionManagerService(   89): no available voice recognition services found
04-07 09:19:32.426 D/dalvikvm(   89): GC_CONCURRENT freed 382K, 44% free 10891K/19335K, paused 7ms+12ms
04-07 09:19:32.866 D/SystemUIService(  187): loading: class com.android.systemui.statusbar.phone.PhoneStatusBar
04-07 09:19:32.886 D/SystemUIService(  187): running: com.android.systemui.statusbar.phone.PhoneStatusBar@412e4f10
04-07 09:19:32.926 W/AppWidgetService(   89): Failed to read state: java.io.FileNotFoundException: /data/system/appwidgets.xml: open failed: ENOENT (No such file or directory)
04-07 09:19:32.956 W/InputManagerService(   89): Ignoring setImeWindowStatus of uid 1000 token: null
04-07 09:19:33.046 I/ActivityManager(   89): Start proc com.android.inputmethod.latin for service com.android.inputmethod.latin/.LatinIME: pid=201 uid=10022 gids={}
04-07 09:19:33.096 D/NetworkManagementService(   89): Registering observer
04-07 09:19:33.116 E/ThrottleService(   89): Error reading data file
04-07 09:19:33.306 I/ActivityManager(   89): Start proc com.android.phone for added application com.android.phone: pid=215 uid=1001 gids={3002, 3001, 3003, 1015}
04-07 09:19:33.386 I/ActivityManager(   89): START {act=android.intent.action.MAIN cat=[android.intent.category.HOME] flg=0x10000000 cmp=com.android.settings/.CryptKeeper} from pid 0
04-07 09:19:33.556 W/ThrottleService(   89): unable to find stats for iface rmnet0
04-07 09:19:33.566 I/ActivityManager(   89): Start proc com.android.settings for activity com.android.settings/.CryptKeeper: pid=226 uid=1000 gids={1015, 3002, 3001, 3003}
04-07 09:19:33.786 D/dalvikvm(  187): GC_CONCURRENT freed 136K, 3% free 9325K/9543K, paused 5ms+4ms
04-07 09:19:34.076 W/ThrottleService(   89): unable to find stats for iface rmnet0
04-07 09:19:34.206 W/NetworkManagementSocketTagger(   89): setKernelCountSet(1000, 1) failed with errno -2
04-07 09:19:34.676 I/ActivityThread(  215): Pub mms: com.android.providers.telephony.MmsProvider
04-07 09:19:34.746 I/ActivityThread(  215): Pub sms: com.android.providers.telephony.SmsProvider
04-07 09:19:34.836 I/ActivityThread(  215): Pub telephony: com.android.providers.telephony.TelephonyProvider
04-07 09:19:34.966 W/TelephonyProvider(  215): onCreate: confFile=/system/etc/apns-conf.xml oldCheckSum=-1
04-07 09:19:35.085 I/ActivityThread(  215): Pub icc: com.android.phone.IccProvider
04-07 09:19:35.095 I/StatusBarManagerService(   89): registerStatusBar bar=com.android.internal.statusbar.IStatusBar$Stub$Proxy@4164d830
04-07 09:19:35.095 D/PhoneStatusBar(  187): disable: < expand icons alerts ticker system_info back home recent clock >
04-07 09:19:35.146 I/ActivityThread(  215): Pub mms-sms: com.android.providers.telephony.MmsSmsProvider
04-07 09:19:35.287 D/dalvikvm(   89): GREF has increased to 201
04-07 09:19:35.446 E/ActivityThread(  201): Failed to find provider info for com.android.inputmethod.latin.dictionarypack
04-07 09:19:35.486 D/dalvikvm(  215): GC_CONCURRENT freed 214K, 4% free 9214K/9543K, paused 4ms+3ms
04-07 09:19:35.525 E/BinaryDictionaryGetter(  201): Could not find a dictionary pack
04-07 09:19:35.585 D/StorageNotification(  187): Startup with UMS connection false (media state unmounted)
04-07 09:19:35.645 I/StorageNotification(  187): UMS connection changed to false (media state unmounted)
04-07 09:19:35.785 D/SystemUIService(  187): loading: class com.android.systemui.power.PowerUI
04-07 09:19:35.785 D/SystemUIService(  187): running: com.android.systemui.power.PowerUI@4133b740
04-07 09:19:36.005 D/dalvikvm(  201): GC_CONCURRENT freed 171K, 3% free 9351K/9607K, paused 5ms+7ms
04-07 09:19:36.195 D/WifiService(   89): New client listening to asynchronous messages
04-07 09:19:36.405 D/dalvikvm(  187): GC_CONCURRENT freed 99K, 3% free 9648K/9863K, paused 110ms+46ms
04-07 09:19:36.475 D/dalvikvm(   89): GC_CONCURRENT freed 376K, 43% free 11027K/19335K, paused 9ms+26ms
04-07 09:19:36.475 W/GpsLocationProvider(   89): Could not open GPS configuration file /etc/gps.conf
04-07 09:19:37.075 D/dalvikvm(   89): GC_CONCURRENT freed 479K, 43% free 11059K/19335K, paused 31ms+8ms
04-07 09:19:37.235 D/dalvikvm(  226): GC_CONCURRENT freed 216K, 4% free 9279K/9607K, paused 5ms+4ms
04-07 09:19:37.565 I/ActivityManager(   89): Start proc android.process.acore for content provider com.android.providers.userdictionary/.UserDictionaryProvider: pid=272 uid=10020 gids={3003, 1015}
04-07 09:19:37.585 W/ActivityManager(   89): Unable to start service Intent { act=com.android.internal.telephony.IWapPushManager }: not found
04-07 09:19:37.855 I/ActivityManager(   89): START {act=android.intent.action.MAIN cat=[android.intent.category.HOME] flg=0x10000000 cmp=com.android.sdksetup/.DefaultActivity} from pid 0
04-07 09:19:38.035 I/ActivityManager(   89): Start proc com.android.sdksetup for activity com.android.sdksetup/.DefaultActivity: pid=283 uid=10028 gids={}
04-07 09:19:38.576 D/        (  215): [ApnContext] set reason as dataEnabled, for type default,current state IDLE
04-07 09:19:38.595 D/dalvikvm(   37): GC_EXPLICIT freed 34K, 4% free 9031K/9347K, paused 3ms+147ms
04-07 09:19:38.665 D/        (  215): [ApnContext] set reason as dataEnabled, for type mms,current state IDLE
04-07 09:19:38.665 D/        (  215): [ApnContext] set reason as dataEnabled, for type supl,current state IDLE
04-07 09:19:38.725 W/NetworkManagementSocketTagger(   89): setKernelCountSet(10028, 1) failed with errno -2
04-07 09:19:38.755 I/ActivityThread(  272): Pub com.android.voicemail: com.android.providers.contacts.VoicemailContentProvider
04-07 09:19:38.765 D/        (  215): [ApnContext] set reason as dataEnabled, for type hipri,current state IDLE
04-07 09:19:38.825 D/        (  215): [ApnContext] set reason as dataEnabled, for type fota,current state IDLE
04-07 09:19:38.825 D/        (  215): [ApnContext] set reason as dataEnabled, for type ims,current state IDLE
04-07 09:19:38.825 D/        (  215): [ApnContext] set reason as dataEnabled, for type cbs,current state IDLE
04-07 09:19:39.025 D/CAT     (  215): CatService: Is running
04-07 09:19:39.025 D/CAT     (  215): CatService: NEW sInstance
04-07 09:19:39.085 D/CallManager(  215): registerPhone(GSM Handler (com.android.internal.telephony.PhoneProxy) {412dac88})
04-07 09:19:39.106 I/ActivityThread(  272): Pub com.android.social: com.android.providers.contacts.SocialProvider
04-07 09:19:39.106 I/ActivityThread(  272): Pub applications: com.android.providers.applications.ApplicationsProvider
04-07 09:19:39.115 D/dalvikvm(   37): GC_EXPLICIT freed <1K, 4% free 9030K/9347K, paused 2ms+77ms
04-07 09:19:39.155 D/dalvikvm(  187): GC_FOR_ALLOC freed 29K, 2% free 9682K/9863K, paused 248ms
04-07 09:19:39.265 I/dalvikvm-heap(  187): Grow heap (frag case) to 10.693MB for 1228816-byte allocation
04-07 09:19:39.625 D/dalvikvm(   37): GC_EXPLICIT freed <1K, 4% free 9030K/9347K, paused 3ms+120ms
04-07 09:19:39.655 D/dalvikvm(  187): GC_CONCURRENT freed 1K, 2% free 10881K/11079K, paused 5ms+124ms
04-07 09:19:39.735 W/ActivityManager(   89): Unable to start service Intent { act=com.android.ussd.IExtendedNetworkService }: not found
04-07 09:19:39.998 D/dalvikvm(   89): GC_CONCURRENT freed 585K, 44% free 10986K/19335K, paused 6ms+9ms
04-07 09:19:40.366 D/dalvikvm(  187): GC_FOR_ALLOC freed 0K, 2% free 10881K/11079K, paused 405ms
04-07 09:19:40.495 D/dalvikvm(  272): GC_CONCURRENT freed 337K, 5% free 9151K/9607K, paused 5ms+22ms
04-07 09:19:40.495 I/ActivityThread(  272): Pub contacts;com.android.contacts: com.android.providers.contacts.ContactsProvider2
04-07 09:19:40.997 D/dalvikvm(  215): GC_CONCURRENT freed 221K, 4% free 9398K/9735K, paused 5ms+4ms
04-07 09:19:40.997 D/dalvikvm(  283): GC_CONCURRENT freed 281K, 5% free 9135K/9543K, paused 5ms+69ms
04-07 09:19:41.035 I/dalvikvm-heap(  187): Grow heap (frag case) to 13.133MB for 2560016-byte allocation
04-07 09:19:41.885 D/dalvikvm(  187): GC_CONCURRENT freed 0K, 2% free 13381K/13639K, paused 5ms+692ms
04-07 09:19:42.096 D/gralloc_goldfish(  187): Emulator without GPU emulation detected.
04-07 09:19:42.335 D/dalvikvm(   89): GC_CONCURRENT freed 441K, 43% free 11057K/19335K, paused 6ms+8ms
04-07 09:19:42.525 I/ActivityManager(   89): Force stopping package com.android.sdksetup uid=10028
04-07 09:19:42.525 I/ActivityManager(   89): Killing proc 283:com.android.sdksetup/10028: force stop
04-07 09:19:42.535 W/NetworkManagementSocketTagger(   89): setKernelCountSet(10028, 0) failed with errno -2
04-07 09:19:42.535 W/ActivityManager(   89): Force removing ActivityRecord{41577328 com.android.sdksetup/.DefaultActivity}: app died, no saved state
04-07 09:19:42.675 D/AlarmManagerService(   89): Kernel timezone updated to 0 minutes west of GMT
04-07 09:19:42.560 W/SystemClock(  215): Unable to set rtc to 1333790382: Invalid argument
04-07 09:19:42.560 D/PackageManager(   89): generateServicesMap(android.accounts.AccountAuthenticator): 2 services unchanged
04-07 09:19:42.610 I/ActivityThread(  272): Pub call_log: com.android.providers.contacts.CallLogProvider
04-07 09:19:42.650 I/ActivityThread(  272): Pub user_dictionary: com.android.providers.userdictionary.UserDictionaryProvider
04-07 09:19:42.760 D/PackageManager(   89): generateServicesMap(android.content.SyncAdapter): 4 services unchanged
04-07 09:19:42.795 D/SystemClock(  215): Setting time of day to sec=1333790382
04-07 09:19:42.830 I/ContactsDatabaseHelper(  272): Bootstrapping database version: 625
04-07 09:19:42.970 D/dalvikvm(   89): GC_CONCURRENT freed 491K, 43% free 11077K/19335K, paused 7ms+15ms
04-07 09:19:44.121 W/ActivityManager(   89): Activity idle timeout for ActivityRecord{41b968d0 com.android.settings/.CryptKeeper}
04-07 09:19:44.200 I/ActivityManager(   89): Start proc com.android.deskclock for broadcast com.android.deskclock/.AlarmInitReceiver: pid=319 uid=10008 gids={}
04-07 09:19:44.371 W/NetworkManagementSocketTagger(   89): setKernelCountSet(1000, 0) failed with errno -2
04-07 09:19:44.470 D/PowerManagerService(   89): bootCompleted
04-07 09:19:44.560 I/SurfaceFlinger(   36): Boot is finished (80779 ms)
04-07 09:19:44.610 V/DevicePolicyManagerService(   89): Sending password expiration notifications for action android.intent.action.BOOT_COMPLETED
04-07 09:19:44.670 D/VoldCmdListener(   31): volume mount /mnt/sdcard
04-07 09:19:44.670 I/Vold    (   31): /dev/block/vold/179:0 being considered for volume sdcard
04-07 09:19:44.670 D/Vold    (   31): Volume sdcard state changing 1 (Idle-Unmounted) -> 3 (Checking)
04-07 09:19:44.670 D/MountService(   89): volume state changed for /mnt/sdcard (unmounted -> checking)
04-07 09:19:44.680 D/MountService(   89): sendStorageIntent Intent { act=android.intent.action.MEDIA_CHECKING dat=file:///mnt/sdcard (has extras) }
04-07 09:19:44.710 I/StorageNotification(  187): Media {/mnt/sdcard} state changed from {unmounted} -> {checking}
04-07 09:19:44.791 V/WiredAccessoryObserver(   89): init()
04-07 09:19:44.810 E/SoundPool(   89): error loading /system/media/audio/ui/Effect_Tick.ogg
04-07 09:19:44.810 W/AudioService(   89): Soundpool could not load file: /system/media/audio/ui/Effect_Tick.ogg
04-07 09:19:44.810 E/SoundPool(   89): error loading /system/media/audio/ui/Effect_Tick.ogg
04-07 09:19:44.810 W/AudioService(   89): Soundpool could not load file: /system/media/audio/ui/Effect_Tick.ogg
04-07 09:19:44.810 E/SoundPool(   89): error loading /system/media/audio/ui/Effect_Tick.ogg
04-07 09:19:44.810 W/AudioService(   89): Soundpool could not load file: /system/media/audio/ui/Effect_Tick.ogg
04-07 09:19:44.810 E/SoundPool(   89): error loading /system/media/audio/ui/Effect_Tick.ogg
04-07 09:19:44.810 W/AudioService(   89): Soundpool could not load file: /system/media/audio/ui/Effect_Tick.ogg
04-07 09:19:44.810 E/SoundPool(   89): error loading /system/media/audio/ui/Effect_Tick.ogg
04-07 09:19:44.810 W/AudioService(   89): Soundpool could not load file: /system/media/audio/ui/Effect_Tick.ogg
04-07 09:19:44.810 E/SoundPool(   89): error loading /system/media/audio/ui/KeypressStandard.ogg
04-07 09:19:44.810 W/AudioService(   89): Soundpool could not load file: /system/media/audio/ui/KeypressStandard.ogg
04-07 09:19:44.810 E/SoundPool(   89): error loading /system/media/audio/ui/KeypressSpacebar.ogg
04-07 09:19:44.810 W/AudioService(   89): Soundpool could not load file: /system/media/audio/ui/KeypressSpacebar.ogg
04-07 09:19:44.810 E/SoundPool(   89): error loading /system/media/audio/ui/KeypressDelete.ogg
04-07 09:19:44.810 W/AudioService(   89): Soundpool could not load file: /system/media/audio/ui/KeypressDelete.ogg
04-07 09:19:44.810 E/SoundPool(   89): error loading /system/media/audio/ui/KeypressReturn.ogg
04-07 09:19:44.810 W/AudioService(   89): Soundpool could not load file: /system/media/audio/ui/KeypressReturn.ogg
04-07 09:19:44.810 W/AudioService(   89): loadSoundEffects(), Error -1 while loading samples
04-07 09:19:44.820 W/WiredAccessoryObserver(   89): This kernel does not have wired headset support
04-07 09:19:44.881 W/WiredAccessoryObserver(   89): This kernel does not have wired headset support
04-07 09:19:44.890 W/WiredAccessoryObserver(   89): This kernel does not have wired headset support
04-07 09:19:45.151 D/dalvikvm(   89): GC_CONCURRENT freed 521K, 43% free 11071K/19335K, paused 8ms+12ms
04-07 09:19:45.701 D/dalvikvm(  272): GC_CONCURRENT freed 202K, 3% free 9382K/9671K, paused 4ms+54ms
04-07 09:19:45.821 I/ActivityThread(  319): Pub com.android.deskclock: com.android.deskclock.AlarmProvider
04-07 09:19:46.031 D/dalvikvm(   89): GC_EXPLICIT freed 42K, 43% free 11064K/19335K, paused 5ms+20ms
04-07 09:19:46.311 D/CAT     (  215): CatService: SIM ready. Reporting STK service running now...
04-07 09:19:46.631 W/BackupManagerService(   89): dataChanged but no participant pkg='com.android.providers.settings' uid=10008
04-07 09:19:46.661 V/AlarmClock(  319): AlarmInitReceiver finished
04-07 09:19:46.691 I/SearchManagerService(   89): Building list of searchable activities
04-07 09:19:46.741 I//system/bin/fsck_msdos(   31): ** /dev/block/vold/179:0
04-07 09:19:46.741 I/ActivityManager(   89): Start proc com.android.calendar for broadcast com.android.calendar/.widget.CalendarAppWidgetService$CalendarFactory: pid=340 uid=10032 gids={3003}
04-07 09:19:47.111 D/PackageManager(   89): generateServicesMap(android.accounts.AccountAuthenticator): 2 services unchanged
04-07 09:19:47.231 D/PackageManager(   89): generateServicesMap(android.content.SyncAdapter): 4 services unchanged
04-07 09:19:47.421 W/ActivityManager(   89): Launch timeout has expired, giving up wake lock!
04-07 09:19:47.721 I//system/bin/fsck_msdos(   31): Invalid signature in fsinfo block
04-07 09:19:47.721 I/ActivityThread(  340): Pub com.android.calendar.CalendarRecentSuggestionsProvider: com.android.calendar.CalendarRecentSuggestionsProvider
04-07 09:19:47.761 I//system/bin/fsck_msdos(   31): FIXED
04-07 09:19:47.782 I//system/bin/fsck_msdos(   31): ** Phase 1 - Read and Compare FATs
04-07 09:19:47.851 D/dalvikvm(  215): GC_CONCURRENT freed 415K, 6% free 9423K/9927K, paused 5ms+4ms
04-07 09:19:47.871 I//system/bin/fsck_msdos(   31): Attempting to allocate 238 KB for FAT
04-07 09:19:47.941 D/MccTable(  215): updateMccMncConfiguration: mcc=310, mnc=260
04-07 09:19:47.941 D/MccTable(  215): locale set to en_us
04-07 09:19:47.961 F/NetworkStats(   89): problem reading network stats
04-07 09:19:47.961 F/NetworkStats(   89): java.lang.IllegalStateException: problem parsing idx 1
04-07 09:19:47.961 F/NetworkStats(   89): 	at com.android.internal.net.NetworkStatsFactory.readNetworkStatsDetail(NetworkStatsFactory.java:300)
04-07 09:19:47.961 F/NetworkStats(   89): 	at com.android.server.NetworkManagementService.getNetworkStatsUidDetail(NetworkManagementService.java:1282)
04-07 09:19:47.961 F/NetworkStats(   89): 	at com.android.server.net.NetworkStatsService.performPollLocked(NetworkStatsService.java:831)
04-07 09:19:47.961 F/NetworkStats(   89): 	at com.android.server.net.NetworkStatsService.updateIfacesLocked(NetworkStatsService.java:743)
04-07 09:19:47.961 F/NetworkStats(   89): 	at com.android.server.net.NetworkStatsService.updateIfaces(NetworkStatsService.java:721)
04-07 09:19:47.961 F/NetworkStats(   89): 	at com.android.server.net.NetworkStatsService.access$000(NetworkStatsService.java:128)
04-07 09:19:47.961 F/NetworkStats(   89): 	at com.android.server.net.NetworkStatsService$8.handleMessage(NetworkStatsService.java:1633)
04-07 09:19:47.961 F/NetworkStats(   89): 	at android.os.Handler.dispatchMessage(Handler.java:95)
04-07 09:19:47.961 F/NetworkStats(   89): 	at android.os.Looper.loop(Looper.java:137)
04-07 09:19:47.961 F/NetworkStats(   89): 	at android.os.HandlerThread.run(HandlerThread.java:60)
04-07 09:19:47.961 F/NetworkStats(   89): Caused by: java.io.FileNotFoundException: /proc/net/xt_qtaguid/stats: open failed: ENOENT (No such file or directory)
04-07 09:19:47.961 F/NetworkStats(   89): 	at libcore.io.IoBridge.open(IoBridge.java:406)
04-07 09:19:47.961 F/NetworkStats(   89): 	at java.io.FileInputStream.<init>(FileInputStream.java:78)
04-07 09:19:47.961 F/NetworkStats(   89): 	at com.android.internal.net.NetworkStatsFactory.readNetworkStatsDetail(NetworkStatsFactory.java:269)
04-07 09:19:47.961 F/NetworkStats(   89): 	... 9 more
04-07 09:19:47.961 F/NetworkStats(   89): Caused by: libcore.io.ErrnoException: open failed: ENOENT (No such file or directory)
04-07 09:19:47.961 F/NetworkStats(   89): 	at libcore.io.Posix.open(Native Method)
04-07 09:19:47.961 F/NetworkStats(   89): 	at libcore.io.BlockGuardOs.open(BlockGuardOs.java:110)
04-07 09:19:47.961 F/NetworkStats(   89): 	at libcore.io.IoBridge.open(IoBridge.java:390)
04-07 09:19:47.961 F/NetworkStats(   89): 	... 11 more
04-07 09:19:48.011 I/ActivityManager(   89): Config changed: {1.0 0mcc0mnc en_US layoutdir=0 sw320dp w320dp h508dp nrml long port finger qwerty/v/v tball/v s.4}
04-07 09:19:48.111 D/MccTable(  215): WIFI_COUNTRY_CODE set to us
04-07 09:19:48.111 I/WifiService(   89): WifiService trying to set country code to us with persist set to true
04-07 09:19:48.421 D/dalvikvm(   89): GC_CONCURRENT freed 501K, 43% free 11075K/19335K, paused 7ms+9ms
04-07 09:19:48.421 W/BackupManagerService(   89): dataChanged but no participant pkg='com.android.providers.settings' uid=1001
04-07 09:19:48.761 I/ActivityManager(   89): Start proc com.android.providers.calendar for content provider com.android.providers.calendar/.CalendarProvider2: pid=358 uid=10031 gids={3003, 1015}
04-07 09:19:48.781 I/ActivityManager(   89): Config changed: {1.0 310mcc260mnc en_US layoutdir=0 sw320dp w320dp h508dp nrml long port finger qwerty/v/v tball/v s.5}
04-07 09:19:49.231 I/ActivityThread(  358): Pub com.android.calendar: com.android.providers.calendar.CalendarProvider2
04-07 09:19:49.551 V/AlarmClock(  319): AlarmInitReceiver finished
04-07 09:19:49.701 D/dalvikvm(  215): GC_CONCURRENT freed 413K, 5% free 9575K/10055K, paused 7ms+5ms
04-07 09:19:50.361 D/dalvikvm(   89): GC_CONCURRENT freed 455K, 43% free 11085K/19335K, paused 8ms+20ms
04-07 09:19:50.411 V/OtaStartupReceiver(  215): onReceive: intent action=android.intent.action.BOOT_COMPLETED  mOtaspMode=-1
04-07 09:19:50.411 D/OtaStartupReceiver(  215): OTASP not supported, nothing to do.
04-07 09:19:50.501 I/ActivityManager(   89): Start proc com.android.contacts for broadcast com.android.contacts/.calllog.CallLogReceiver: pid=376 uid=10020 gids={3003, 1015}
04-07 09:19:50.521 D/ConnectivityService(   89): ConnectivityChange for mobile: CONNECTED/CONNECTED
04-07 09:19:50.641 F/NetworkStats(   89): problem reading network stats
04-07 09:19:50.641 F/NetworkStats(   89): java.lang.IllegalStateException: problem parsing idx 1
04-07 09:19:50.641 F/NetworkStats(   89): 	at com.android.internal.net.NetworkStatsFactory.readNetworkStatsDetail(NetworkStatsFactory.java:300)
04-07 09:19:50.641 F/NetworkStats(   89): 	at com.android.server.NetworkManagementService.getNetworkStatsUidDetail(NetworkManagementService.java:1282)
04-07 09:19:50.641 F/NetworkStats(   89): 	at com.android.server.net.NetworkStatsService.performPollLocked(NetworkStatsService.java:831)
04-07 09:19:50.641 F/NetworkStats(   89): 	at com.android.server.net.NetworkStatsService.updateIfacesLocked(NetworkStatsService.java:743)
04-07 09:19:50.641 F/NetworkStats(   89): 	at com.android.server.net.NetworkStatsService.updateIfaces(NetworkStatsService.java:721)
04-07 09:19:50.641 F/NetworkStats(   89): 	at com.android.server.net.NetworkStatsService.access$000(NetworkStatsService.java:128)
04-07 09:19:50.641 F/NetworkStats(   89): 	at com.android.server.net.NetworkStatsService$1.onReceive(NetworkStatsService.java:612)
04-07 09:19:50.641 F/NetworkStats(   89): 	at android.app.LoadedApk$ReceiverDispatcher$Args.run(LoadedApk.java:728)
04-07 09:19:50.641 F/NetworkStats(   89): 	at android.os.Handler.handleCallback(Handler.java:605)
04-07 09:19:50.641 F/NetworkStats(   89): 	at android.os.Handler.dispatchMessage(Handler.java:92)
04-07 09:19:50.641 F/NetworkStats(   89): 	at android.os.Looper.loop(Looper.java:137)
04-07 09:19:50.641 F/NetworkStats(   89): 	at android.os.HandlerThread.run(HandlerThread.java:60)
04-07 09:19:50.641 F/NetworkStats(   89): Caused by: java.io.FileNotFoundException: /proc/net/xt_qtaguid/stats: open failed: ENOENT (No such file or directory)
04-07 09:19:50.641 F/NetworkStats(   89): 	at libcore.io.IoBridge.open(IoBridge.java:406)
04-07 09:19:50.641 F/NetworkStats(   89): 	at java.io.FileInputStream.<init>(FileInputStream.java:78)
04-07 09:19:50.641 F/NetworkStats(   89): 	at com.android.internal.net.NetworkStatsFactory.readNetworkStatsDetail(NetworkStatsFactory.java:269)
04-07 09:19:50.641 F/NetworkStats(   89): 	... 11 more
04-07 09:19:50.641 F/NetworkStats(   89): Caused by: libcore.io.ErrnoException: open failed: ENOENT (No such file or directory)
04-07 09:19:50.641 F/NetworkStats(   89): 	at libcore.io.Posix.open(Native Method)
04-07 09:19:50.641 F/NetworkStats(   89): 	at libcore.io.BlockGuardOs.open(BlockGuardOs.java:110)
04-07 09:19:50.641 F/NetworkStats(   89): 	at libcore.io.IoBridge.open(IoBridge.java:390)
04-07 09:19:50.641 F/NetworkStats(   89): 	... 13 more
04-07 09:19:50.941 I/CalendarDatabaseHelper(  358): Bootstrapping database
04-07 09:19:50.991 D/dalvikvm(  215): GC_CONCURRENT freed 528K, 6% free 9586K/10183K, paused 5ms+4ms
04-07 09:19:51.031 I//system/bin/fsck_msdos(   31): Attempting to allocate 238 KB for FAT
04-07 09:19:51.161 D/dalvikvm(   89): GC_CONCURRENT freed 338K, 43% free 11154K/19335K, paused 7ms+9ms
04-07 09:19:51.391 D/ConnectivityService(   89): ConnectivityChange for mobile: DISCONNECTED/DISCONNECTED
04-07 09:19:51.391 D/ConnectivityService(   89): Attempting to switch to wifi
04-07 09:19:51.401 D/ConnectivityService(   89): resetConnections(eth0, 3)
04-07 09:19:51.401 D/NetUtils(   89): android_net_utils_resetConnections in env=0x1d9c88 clazz=0x2d400001 iface=eth0 mask=0x3
04-07 09:19:51.421 D/dalvikvm(  376): Debugger has detached; object registry had 1 entries
04-07 09:19:51.421 D/dalvikvm(   89): Debugger has detached; object registry had 1 entries
04-07 09:19:51.431 D/dalvikvm(  187): Debugger has detached; object registry had 1 entries
04-07 09:19:51.431 D/dalvikvm(  201): Debugger has detached; object registry had 1 entries
04-07 09:19:51.431 D/dalvikvm(  215): Debugger has detached; object registry had 1 entries
04-07 09:19:51.431 D/dalvikvm(  272): Debugger has detached; object registry had 1 entries
04-07 09:19:51.431 I/NetworkPolicy(   89): no policy for active mobile network; generating default policy
04-07 09:19:51.521 F/NetworkStats(   89): problem reading network stats
04-07 09:19:51.521 F/NetworkStats(   89): java.lang.IllegalStateException: problem parsing idx 1
04-07 09:19:51.521 F/NetworkStats(   89): 	at com.android.internal.net.NetworkStatsFactory.readNetworkStatsDetail(NetworkStatsFactory.java:300)
04-07 09:19:51.521 F/NetworkStats(   89): 	at com.android.server.NetworkManagementService.getNetworkStatsUidDetail(NetworkManagementService.java:1282)
04-07 09:19:51.521 F/NetworkStats(   89): 	at com.android.server.net.NetworkStatsService.performPollLocked(NetworkStatsService.java:831)
04-07 09:19:51.521 F/NetworkStats(   89): 	at com.android.server.net.NetworkStatsService.updateIfacesLocked(NetworkStatsService.java:743)
04-07 09:19:51.521 F/NetworkStats(   89): 	at com.android.server.net.NetworkStatsService.updateIfaces(NetworkStatsService.java:721)
04-07 09:19:51.521 F/NetworkStats(   89): 	at com.android.server.net.NetworkStatsService.access$000(NetworkStatsService.java:128)
04-07 09:19:51.521 F/NetworkStats(   89): 	at com.android.server.net.NetworkStatsService$1.onReceive(NetworkStatsService.java:612)
04-07 09:19:51.521 F/NetworkStats(   89): 	at android.app.LoadedApk$ReceiverDispatcher$Args.run(LoadedApk.java:728)
04-07 09:19:51.521 F/NetworkStats(   89): 	at android.os.Handler.handleCallback(Handler.java:605)
04-07 09:19:51.521 F/NetworkStats(   89): 	at android.os.Handler.dispatchMessage(Handler.java:92)
04-07 09:19:51.521 F/NetworkStats(   89): 	at android.os.Looper.loop(Looper.java:137)
04-07 09:19:51.521 F/NetworkStats(   89): 	at android.os.HandlerThread.run(HandlerThread.java:60)
04-07 09:19:51.521 F/NetworkStats(   89): Caused by: java.io.FileNotFoundException: /proc/net/xt_qtaguid/stats: open failed: ENOENT (No such file or directory)
04-07 09:19:51.521 F/NetworkStats(   89): 	at libcore.io.IoBridge.open(IoBridge.java:406)
04-07 09:19:51.521 F/NetworkStats(   89): 	at java.io.FileInputStream.<init>(FileInputStream.java:78)
04-07 09:19:51.521 F/NetworkStats(   89): 	at com.android.internal.net.NetworkStatsFactory.readNetworkStatsDetail(NetworkStatsFactory.java:269)
04-07 09:19:51.521 F/NetworkStats(   89): 	... 11 more
04-07 09:19:51.521 F/NetworkStats(   89): Caused by: libcore.io.ErrnoException: open failed: ENOENT (No such file or directory)
04-07 09:19:51.521 F/NetworkStats(   89): 	at libcore.io.Posix.open(Native Method)
04-07 09:19:51.521 F/NetworkStats(   89): 	at libcore.io.BlockGuardOs.open(BlockGuardOs.java:110)
04-07 09:19:51.521 F/NetworkStats(   89): 	at libcore.io.IoBridge.open(IoBridge.java:390)
04-07 09:19:51.521 F/NetworkStats(   89): 	... 13 more
04-07 09:19:51.661 D/dalvikvm(  358): Debugger has detached; object registry had 1 entries
04-07 09:19:51.701 D/dalvikvm(  226): Debugger has detached; object registry had 1 entries
04-07 09:19:51.731 D/dalvikvm(  319): Debugger has detached; object registry had 1 entries
04-07 09:19:51.771 D/dalvikvm(  340): Debugger has detached; object registry had 1 entries
04-07 09:19:51.901 D/dalvikvm(   89): GREF has increased to 301
04-07 09:19:52.011 I//system/bin/fsck_msdos(   31): ** Phase 2 - Check Cluster Chains
04-07 09:19:52.022 I//system/bin/fsck_msdos(   31): ** Phase 3 - Checking Directories
04-07 09:19:52.022 I//system/bin/fsck_msdos(   31): ** Phase 4 - Checking for Lost Files
04-07 09:19:52.022 I//system/bin/fsck_msdos(   31): Free space in FSInfo block (60454) not correct (60453)
04-07 09:19:52.022 I//system/bin/fsck_msdos(   31): FIXED
04-07 09:19:52.022 I//system/bin/fsck_msdos(   31): 1 files, 30226 free (60453 clusters)
04-07 09:19:52.141 I/AccountTypeManager(  376): Loaded meta-data for 1 account types, 0 accounts in 235ms(wall) 37ms(cpu)
04-07 09:19:52.141 I/Vold    (   31): Filesystem check completed OK
04-07 09:19:52.151 I/Vold    (   31): Device /dev/block/vold/179:0, target /mnt/sdcard mounted @ /mnt/secure/staging
04-07 09:19:52.151 D/Vold    (   31): Volume sdcard state changing 3 (Checking) -> 4 (Mounted)
04-07 09:19:52.161 D/MountService(   89): volume state changed for /mnt/sdcard (checking -> mounted)
04-07 09:19:52.161 I/PackageManager(   89): Updating external media status from unmounted to mounted
04-07 09:19:52.161 D/MountService(   89): sendStorageIntent Intent { act=android.intent.action.MEDIA_MOUNTED dat=file:///mnt/sdcard (has extras) }
04-07 09:19:52.161 I/StorageNotification(  187): Media {/mnt/sdcard} state changed from {checking} -> {mounted}
04-07 09:19:52.251 D/VoldCmdListener(   31): asec list
04-07 09:19:52.271 I/PackageManager(   89): No secure containers on sdcard
04-07 09:19:52.271 I/PackageManager(   89): Platform changed from 0 to 15; regranting permissions for external storage
04-07 09:19:52.532 D/dalvikvm(  187): GC_CONCURRENT freed 4969K, 34% free 9872K/14919K, paused 5ms+15ms
04-07 09:19:52.841 D/dalvikvm(  358): GC_CONCURRENT freed 371K, 5% free 9164K/9607K, paused 5ms+4ms
04-07 09:19:52.861 I/RecoverySystem(   89): No recovery log file
04-07 09:19:53.031 D/dalvikvm(  272): GC_CONCURRENT freed 394K, 6% free 9431K/9927K, paused 6ms+4ms
04-07 09:19:53.301 D/dalvikvm(   89): GC_CONCURRENT freed 396K, 43% free 11186K/19335K, paused 6ms+8ms
04-07 09:19:53.301 W/PackageManager(   89): Unknown permission com.google.android.googleapps.permission.GOOGLE_AUTH.mail in package com.android.contacts
04-07 09:19:53.341 W/PackageManager(   89): Unknown permission android.permission.ADD_SYSTEM_SERVICE in package com.android.phone
04-07 09:19:53.382 I/ContactsProviderV1(  272): Bootstrapping database legacy support
04-07 09:19:54.021 W/PackageManager(   89): Unknown permission com.android.smspush.WAPPUSH_MANAGER_BIND in package com.android.phone
04-07 09:19:54.041 W/PackageManager(   89): Unknown permission com.google.android.googleapps.permission.GOOGLE_AUTH in package com.android.providers.calendar
04-07 09:19:54.041 W/PackageManager(   89): Unknown permission com.google.android.googleapps.permission.GOOGLE_AUTH.cl in package com.android.providers.calendar
04-07 09:19:54.062 W/PackageManager(   89): Unknown permission com.google.android.googleapps.permission.GOOGLE_AUTH.mail in package com.android.calendar
04-07 09:19:54.071 W/PackageManager(   89): Not granting permission android.permission.SEND_DOWNLOAD_COMPLETED_INTENTS to package com.android.browser (protectionLevel=2 flags=0x9be45)
04-07 09:19:54.101 W/PackageManager(   89): Not granting permission android.permission.BIND_APPWIDGET to package com.android.widgetpreview (protectionLevel=3 flags=0x28be44)
04-07 09:19:54.111 W/PackageManager(   89): Unknown permission com.google.android.googleapps.permission.GOOGLE_AUTH in package com.android.providers.contacts
04-07 09:19:54.111 W/PackageManager(   89): Unknown permission com.google.android.googleapps.permission.GOOGLE_AUTH.cp in package com.android.providers.contacts
04-07 09:19:54.141 W/PackageManager(   89): Unknown permission com.google.android.googleapps.permission.GOOGLE_AUTH in package com.android.settings
04-07 09:19:54.171 W/PackageManager(   89): Unknown permission com.google.android.googleapps.permission.ACCESS_GOOGLE_PASSWORD in package com.android.development
04-07 09:19:54.171 W/PackageManager(   89): Unknown permission com.google.android.googleapps.permission.GOOGLE_AUTH in package com.android.development
04-07 09:19:54.171 W/PackageManager(   89): Unknown permission com.google.android.googleapps.permission.GOOGLE_AUTH.ALL_SERVICES in package com.android.development
04-07 09:19:54.171 W/PackageManager(   89): Unknown permission com.google.android.googleapps.permission.GOOGLE_AUTH.YouTubeUser in package com.android.development
04-07 09:19:54.191 W/PackageManager(   89): Not granting permission android.permission.DEVICE_POWER to package com.android.deskclock (protectionLevel=2 flags=0x8be45)
04-07 09:19:54.611 I/ActivityManager(   89): Start proc android.process.media for content provider com.android.providers.downloads/.DownloadProvider: pid=397 uid=10004 gids={1015, 1023, 1024, 1006, 2001, 3003, 3007}
04-07 09:19:54.661 D/Tethering(   89): MasterInitialState.processMessage what=3
04-07 09:19:54.681 D/Tethering(   89): MasterInitialState.processMessage what=3
04-07 09:19:54.751 V/AlarmClock(  319): AlarmInitReceiver finished
04-07 09:19:54.790 I/ActivityManager(   89): Start proc com.android.email for broadcast com.android.email/.service.EmailBroadcastReceiver: pid=407 uid=10011 gids={3003, 1015}
04-07 09:19:54.921 I/ActivityThread(  397): Pub media: com.android.providers.media.MediaProvider
04-07 09:19:55.281 I/MediaProvider(  397): Upgrading media database from version 0 to 408, which will destroy all old data
04-07 09:19:55.291 D/dalvikvm(   89): GC_CONCURRENT freed 543K, 43% free 11062K/19335K, paused 8ms+8ms
04-07 09:19:55.441 D/dalvikvm(  397): GC_CONCURRENT freed 376K, 5% free 9160K/9607K, paused 5ms+4ms
04-07 09:19:55.511 I/ActivityThread(  407): Pub com.android.email.provider;com.android.email.notifier: com.android.email.provider.EmailProvider
04-07 09:19:55.592 I/ActivityThread(  407): Pub com.android.email.attachmentprovider: com.android.email.provider.AttachmentProvider
04-07 09:19:55.881 I/ActivityManager(   89): Start proc com.android.exchange for service com.android.exchange/.ExchangeService: pid=426 uid=10021 gids={3003, 1015}
04-07 09:19:56.021 E/DefaultVoicemailNotifier(  376): No voicemails to notify about: clear the notification.
04-07 09:19:56.181 I/ActivityThread(  426): Pub com.android.exchange.directory.provider: com.android.exchange.provider.ExchangeDirectoryProvider
04-07 09:19:56.331 I/SqliteDatabaseCpp(  397): sqlite returned: error code = 17, msg = statement aborts at 71: [UPDATE files SET date_modified=0 WHERE media_type=2;] database schema has changed, db=/data/data/com.android.providers.media/databases/external.db
04-07 09:19:56.381 I/SqliteDatabaseCpp(  397): sqlite returned: error code = 17, msg = statement aborts at 71: [UPDATE files SET date_modified=0 WHERE media_type=2;] database schema has changed, db=/data/data/com.android.providers.media/databases/external.db
04-07 09:19:56.471 I/SqliteDatabaseCpp(  397): sqlite returned: error code = 17, msg = statement aborts at 71: [UPDATE files SET date_modified=0;] database schema has changed, db=/data/data/com.android.providers.media/databases/external.db
04-07 09:19:56.711 I/ActivityThread(  397): Pub downloads: com.android.providers.downloads.DownloadProvider
04-07 09:19:56.801 D/dalvikvm(  397): GC_CONCURRENT freed 300K, 5% free 9309K/9735K, paused 4ms+5ms
04-07 09:19:56.801 D/ExchangeService(  426): !!! EAS ExchangeService, onCreate
04-07 09:19:56.831 I/ActivityThread(  397): Pub drm: com.android.providers.drm.DrmProvider
04-07 09:19:56.881 I/DownloadManager(  397): in removeSpuriousFiles
04-07 09:19:56.881 I/Email   (  407): Onetime initialization: 1
04-07 09:19:56.891 I/DownloadManager(  397): Upgrading downloads database from version 0 to version 107, which will destroy all old data
04-07 09:19:57.151 I/ActivityManager(   89): Start proc com.android.mms for broadcast com.android.mms/.transaction.MmsSystemEventReceiver: pid=452 uid=10025 gids={3003, 1015}
04-07 09:19:57.301 D/Eas Debug(  426): Logging: 
04-07 09:19:57.381 D/ExchangeService(  426): !!! EAS ExchangeService, onStartCommand, startingUp = false, running = false
04-07 09:19:57.451 I/Email   (  407): Onetime initialization: 2
04-07 09:19:57.491 I/ActivityThread(  452): Pub mms_temp_file: com.android.mms.TempFileProvider
04-07 09:19:57.501 I/ActivityThread(  452): Pub com.android.mms.SuggestionsProvider: com.android.mms.SuggestionsProvider
04-07 09:19:57.521 D/dalvikvm(   89): GC_CONCURRENT freed 302K, 43% free 11167K/19335K, paused 6ms+6ms
04-07 09:19:57.591 V/MmsConfig(  452): mnc/mcc: 310260
04-07 09:19:57.591 V/MmsConfig(  452): tag: bool value: enabledMMS - true
04-07 09:19:57.591 V/MmsConfig(  452): tag: int value: maxMessageSize - 307200
04-07 09:19:57.591 V/MmsConfig(  452): tag: int value: maxImageHeight - 480
04-07 09:19:57.601 V/MmsConfig(  452): tag: int value: maxImageWidth - 640
04-07 09:19:57.601 V/MmsConfig(  452): tag: int value: defaultSMSMessagesPerThread - 500
04-07 09:19:57.601 V/MmsConfig(  452): tag: int value: defaultMMSMessagesPerThread - 50
04-07 09:19:57.601 V/MmsConfig(  452): tag: int value: minMessageCountPerThread - 10
04-07 09:19:57.601 V/MmsConfig(  452): tag: int value: maxMessageCountPerThread - 5000
04-07 09:19:57.601 V/MmsConfig(  452): tag: string value: uaProfUrl - http://www.google.com/oha/rdf/ua-profile-kila.xml
04-07 09:19:57.601 V/MmsConfig(  452): tag: int value: recipientLimit - -1
04-07 09:19:57.601 V/MmsConfig(  452): tag: int value: smsToMmsTextThreshold - 4
04-07 09:19:57.601 V/MmsConfig(  452): tag: bool value: enableMultipartSMS - true
04-07 09:19:57.601 V/MmsConfig(  452): tag: bool value: enableSlideDuration - true
04-07 09:19:57.601 V/MmsConfig(  452): tag: int value: maxMessageTextSize - -1
04-07 09:19:57.941 D/MmsSmsDatabaseHelper(  215): [MmsSmsDb] tableName: threads hasAutoIncrement: CREATE TABLE threads (_id INTEGER PRIMARY KEY AUTOINCREMENT,date INTEGER DEFAULT 0,message_count INTEGER DEFAULT 0,recipient_ids TEXT,snippet TEXT,snippet_cs INTEGER DEFAULT 0,read INTEGER DEFAULT 1,type INTEGER DEFAULT 0,error INTEGER DEFAULT 0,has_attachment INTEGER DEFAULT 0) result: true
04-07 09:19:57.941 D/MmsSmsDatabaseHelper(  215): [MmsSmsDb] tableName: canonical_addresses hasAutoIncrement: CREATE TABLE canonical_addresses (_id INTEGER PRIMARY KEY AUTOINCREMENT,address TEXT) result: true
04-07 09:19:57.941 D/MmsSmsDatabaseHelper(  215): [getWritableDatabase] hasAutoIncrementThreads: true hasAutoIncrementAddresses: true
04-07 09:19:58.031 D/CountryDetectorService(   89): The first listener is added
04-07 09:19:58.411 V/AlarmClock(  319): AlarmInitReceiver finished
04-07 09:19:58.482 D/MediaScannerReceiver(  397): action: android.intent.action.MEDIA_MOUNTED path: /mnt/sdcard
04-07 09:19:58.731 D/ConnectivityService(   89): ConnectivityChange for mobile: CONNECTED/CONNECTED
04-07 09:19:58.891 F/NetworkStats(   89): problem reading network stats
04-07 09:19:58.891 F/NetworkStats(   89): java.lang.IllegalStateException: problem parsing idx 1
04-07 09:19:58.891 F/NetworkStats(   89): 	at com.android.internal.net.NetworkStatsFactory.readNetworkStatsDetail(NetworkStatsFactory.java:300)
04-07 09:19:58.891 F/NetworkStats(   89): 	at com.android.server.NetworkManagementService.getNetworkStatsUidDetail(NetworkManagementService.java:1282)
04-07 09:19:58.891 F/NetworkStats(   89): 	at com.android.server.net.NetworkStatsService.performPollLocked(NetworkStatsService.java:831)
04-07 09:19:58.891 F/NetworkStats(   89): 	at com.android.server.net.NetworkStatsService.updateIfacesLocked(NetworkStatsService.java:743)
04-07 09:19:58.891 F/NetworkStats(   89): 	at com.android.server.net.NetworkStatsService.updateIfaces(NetworkStatsService.java:721)
04-07 09:19:58.891 F/NetworkStats(   89): 	at com.android.server.net.NetworkStatsService.access$000(NetworkStatsService.java:128)
04-07 09:19:58.891 F/NetworkStats(   89): 	at com.android.server.net.NetworkStatsService$1.onReceive(NetworkStatsService.java:612)
04-07 09:19:58.891 F/NetworkStats(   89): 	at android.app.LoadedApk$ReceiverDispatcher$Args.run(LoadedApk.java:728)
04-07 09:19:58.891 F/NetworkStats(   89): 	at android.os.Handler.handleCallback(Handler.java:605)
04-07 09:19:58.891 F/NetworkStats(   89): 	at android.os.Handler.dispatchMessage(Handler.java:92)
04-07 09:19:58.891 F/NetworkStats(   89): 	at android.os.Looper.loop(Looper.java:137)
04-07 09:19:58.891 F/NetworkStats(   89): 	at android.os.HandlerThread.run(HandlerThread.java:60)
04-07 09:19:58.891 F/NetworkStats(   89): Caused by: java.io.FileNotFoundException: /proc/net/xt_qtaguid/stats: open failed: ENOENT (No such file or directory)
04-07 09:19:58.891 F/NetworkStats(   89): 	at libcore.io.IoBridge.open(IoBridge.java:406)
04-07 09:19:58.891 F/NetworkStats(   89): 	at java.io.FileInputStream.<init>(FileInputStream.java:78)
04-07 09:19:58.891 F/NetworkStats(   89): 	at com.android.internal.net.NetworkStatsFactory.readNetworkStatsDetail(NetworkStatsFactory.java:269)
04-07 09:19:58.891 F/NetworkStats(   89): 	... 11 more
04-07 09:19:58.891 F/NetworkStats(   89): Caused by: libcore.io.ErrnoException: open failed: ENOENT (No such file or directory)
04-07 09:19:58.891 F/NetworkStats(   89): 	at libcore.io.Posix.open(Native Method)
