04-07 09:19:58.891 F/NetworkStats(   89): 	at libcore.io.BlockGuardOs.open(BlockGuardOs.java:110)
04-07 09:19:58.891 F/NetworkStats(   89): 	at libcore.io.IoBridge.open(IoBridge.java:390)
04-07 09:19:58.891 F/NetworkStats(   89): 	... 13 more
04-07 09:19:58.921 D/dalvikvm(  215): GC_CONCURRENT freed 389K, 6% free 9593K/10183K, paused 4ms+5ms
04-07 09:19:58.951 D/NetworkPolicy(   89): applying policy NetworkPolicy[NetworkTemplate: matchRule=MOBILE_ALL, subscriberId=310260000000000]: cycleDay=7, warningBytes=2147483648, limitBytes=-1, lastSnooze=-1 to ifaces [eth0]
04-07 09:19:59.040 D/dalvikvm(   89): GC_CONCURRENT freed 410K, 42% free 11253K/19335K, paused 6ms+7ms
04-07 09:19:59.120 D/EmailProvider(  407): Creating EmailProvider database
04-07 09:19:59.140 D/ExchangeService(  426): !!! EAS ExchangeService, onStartCommand, startingUp = true, running = false
04-07 09:19:59.250 D/dalvikvm(  452): GC_CONCURRENT freed 276K, 5% free 9205K/9607K, paused 5ms+4ms
04-07 09:19:59.490 D/dalvikvm(  407): GC_CONCURRENT freed 210K, 4% free 9280K/9607K, paused 5ms+3ms
04-07 09:19:59.560 D/EmailProvider(  407): Creating EmailProviderBody database
04-07 09:19:59.610 D/ExchangeService(  426): Received deviceId from Email app: androidc259148960
04-07 09:19:59.610 D/ExchangeService(  426): Reconciling accounts...
04-07 09:19:59.710 D/ExchangeService(  426): !!! EAS ExchangeService, onStartCommand, startingUp = true, running = false
04-07 09:19:59.760 D/Eas Debug(  426): Logging: 
04-07 09:19:59.780 D/EmailProvider(  407): Creating EmailProvider database
04-07 09:20:00.230 I/MediaProvider(  397): Upgrading media database from version 0 to 408, which will destroy all old data
04-07 09:20:00.350 I/Email   (  407): Onetime initialization: completed.
04-07 09:20:00.900 D/dalvikvm(   89): GC_CONCURRENT freed 433K, 42% free 11330K/19335K, paused 6ms+10ms
04-07 09:20:01.001 I/CalendarProvider2(  358): Sending notification intent: Intent { act=android.intent.action.PROVIDER_CHANGED dat=content://com.android.calendar }
04-07 09:20:01.001 W/ContentResolver(  358): Failed to get type for: content://com.android.calendar (Unknown URL content://com.android.calendar)
04-07 09:20:01.180 D/ExchangeService(  426): !!! EAS ExchangeService, onStartCommand, startingUp = true, running = false
04-07 09:20:01.650 D/dalvikvm(  272): GC_CONCURRENT freed 349K, 5% free 9521K/9991K, paused 4ms+4ms
04-07 09:20:01.690 V/ContactsProvider(  272): Importing legacy contacts
04-07 09:20:01.710 I/ContactsDatabaseHelper(  272): Switching to locale en_US
04-07 09:20:01.900 D/Tethering(   89): MasterInitialState.processMessage what=3
04-07 09:20:02.090 D/dalvikvm(   89): GC_EXPLICIT freed 627K, 43% free 11109K/19335K, paused 6ms+10ms
04-07 09:20:02.280 D/GpsLocationProvider(   89): NTP server returned: 1333790405568 (Sat Apr 07 09:20:05 GMT+00:00 2012) reference: 102649 certainty: 27 system time offset: 3288
04-07 09:20:02.280 D/dalvikvm(  340): GC_CONCURRENT freed 287K, 4% free 9231K/9607K, paused 6ms+10ms
04-07 09:20:03.770 I/SqliteDatabaseCpp(  397): sqlite returned: error code = 17, msg = statement aborts at 9: [DELETE from albums] database schema has changed, db=/data/data/com.android.providers.media/databases/external.db
04-07 09:20:03.980 D/dalvikvm(  272): GC_CONCURRENT freed 446K, 6% free 9492K/10055K, paused 5ms+4ms
04-07 09:20:04.070 I/SqliteDatabaseCpp(  397): sqlite returned: error code = 17, msg = statement aborts at 71: [UPDATE files SET date_modified=0;] database schema has changed, db=/data/data/com.android.providers.media/databases/external.db
04-07 09:20:04.400 I/ContactsDatabaseHelper(  272): Locale change completed in 2691ms
04-07 09:20:04.420 I/LegacyContactImporter(  272): Legacy contacts database does not exist at /data/data/com.android.providers.contacts/databases/contacts.db
04-07 09:20:04.460 V/ContactsProvider(  272): Completed import of legacy contacts
04-07 09:20:04.730 I/ContactDirectoryManager(  272): deleted 0 stale rows which don't have any relevant directory
04-07 09:20:04.740 E/WVMExtractor(   38): Failed to open libwvm.so
04-07 09:20:04.750 I/ContactDirectoryManager(  272): Discovered 0 contact directories in 77ms
04-07 09:20:04.771 I/ContactsProvider(  272): Upgrading aggregation algorithm
04-07 09:20:04.780 I/ContactsProvider(  272): Aggregation algorithm upgraded for 0 contacts, in 11ms
04-07 09:20:04.920 I/ContactsFTS(  272): Rebuild contact search index in 63ms, 0 contacts
04-07 09:20:05.190 E/WVMExtractor(   38): Failed to open libwvm.so
04-07 09:20:05.280 E/WVMExtractor(   38): Failed to open libwvm.so
04-07 09:20:05.420 D/dalvikvm(  397): GC_CONCURRENT freed 379K, 6% free 9355K/9863K, paused 4ms+7ms
04-07 09:20:05.440 E/MetadataRetrieverClient(   38): failed to extract an album art
04-07 09:20:05.580 W/MediaScanner(  397): Error opening directory '/mnt/sdcard/.android_secure/', skipping: Permission denied.
04-07 09:20:05.590 V/MediaScanner(  397): pruneDeadThumbnailFiles... android.database.sqlite.SQLiteCursor@41302ef8
04-07 09:20:05.590 V/MediaScanner(  397): /pruneDeadThumbnailFiles... android.database.sqlite.SQLiteCursor@41302ef8
04-07 09:20:10.611 D/PackageManager(   89): generateServicesMap(android.accounts.AccountAuthenticator): 2 services unchanged
04-07 09:20:10.651 D/PackageManager(   89): generateServicesMap(android.content.SyncAdapter): 4 services unchanged
04-07 09:20:10.991 I/ActivityManager(   89): Start proc com.android.quicksearchbox for broadcast com.android.quicksearchbox/.CorporaUpdateReceiver: pid=514 uid=10029 gids={3003}
04-07 09:20:11.301 I/ActivityThread(  514): Pub com.android.quicksearchbox.google: com.android.quicksearchbox.google.GoogleSuggestionProvider
04-07 09:20:11.411 I/ActivityThread(  514): Pub com.android.quicksearchbox.shortcuts: com.android.quicksearchbox.ShortcutsProvider
04-07 09:20:11.431 I/AccountTypeManager(  376): Loaded meta-data for 1 account types, 0 accounts in 873ms(wall) 7ms(cpu)
04-07 09:20:11.491 D/dalvikvm(  376): GC_CONCURRENT freed 179K, 4% free 9296K/9607K, paused 206ms+4ms
04-07 09:21:02.931 W/ThrottleService(   89): unable to find stats for iface rmnet0
04-07 09:21:02.951 E/ThrottleService(   89): Error reading data file
04-07 09:21:03.941 I/ActivityManager(   89): START {act=android.intent.action.MAIN cat=[android.intent.category.HOME] flg=0x10200000 cmp=com.android.launcher/com.android.launcher2.Launcher} from pid 89
04-07 09:21:03.981 I/ActivityManager(   89): Start proc com.android.launcher for activity com.android.launcher/com.android.launcher2.Launcher: pid=528 uid=10009 gids={}
04-07 09:21:04.151 W/NetworkManagementSocketTagger(   89): setKernelCountSet(10009, 1) failed with errno -2
04-07 09:21:04.341 I/ActivityThread(  528): Pub com.android.launcher2.settings: com.android.launcher2.LauncherProvider
04-07 09:21:04.582 W/Resources(  528): Converting to int: TypedValue{t=0x3/d=0x12 "4" a=-1}
04-07 09:21:04.582 W/Resources(  528): Converting to int: TypedValue{t=0x3/d=0xf "1" a=-1}
04-07 09:21:04.681 D/dalvikvm(  528): GC_CONCURRENT freed 319K, 5% free 9216K/9607K, paused 10ms+4ms
04-07 09:21:04.801 D/dalvikvm(   89): GC_CONCURRENT freed 421K, 43% free 11212K/19335K, paused 6ms+9ms
04-07 09:21:05.191 D/dalvikvm(   89): GC_CONCURRENT freed 557K, 43% free 11204K/19335K, paused 12ms+8ms
04-07 09:21:05.200 W/Resources(  528): Converting to int: TypedValue{t=0x3/d=0x15 "2" a=-1}
04-07 09:21:05.200 W/Resources(  528): Converting to int: TypedValue{t=0x3/d=0x15 "2" a=-1}
04-07 09:21:05.470 W/Launcher.LauncherProvider(  528): Unable to add favorite: com.android.gallery3d/com.android.gallery3d.app.Gallery
04-07 09:21:05.470 W/Launcher.LauncherProvider(  528): android.content.pm.PackageManager$NameNotFoundException: ComponentInfo{com.android.gallery3d/com.android.gallery3d.app.Gallery}
04-07 09:21:05.470 W/Launcher.LauncherProvider(  528): 	at android.app.ApplicationPackageManager.getActivityInfo(ApplicationPackageManager.java:223)
04-07 09:21:05.470 W/Launcher.LauncherProvider(  528): 	at com.android.launcher2.LauncherProvider$DatabaseHelper.addAppShortcut(LauncherProvider.java:850)
04-07 09:21:05.470 W/Launcher.LauncherProvider(  528): 	at com.android.launcher2.LauncherProvider$DatabaseHelper.loadFavorites(LauncherProvider.java:754)
04-07 09:21:05.470 W/Launcher.LauncherProvider(  528): 	at com.android.launcher2.LauncherProvider$DatabaseHelper.onCreate(LauncherProvider.java:271)
04-07 09:21:05.470 W/Launcher.LauncherProvider(  528): 	at android.database.sqlite.SQLiteOpenHelper.getWritableDatabase(SQLiteOpenHelper.java:165)
04-07 09:21:05.470 W/Launcher.LauncherProvider(  528): 	at com.android.launcher2.LauncherProvider$DatabaseHelper.<init>(LauncherProvider.java:221)
04-07 09:21:05.470 W/Launcher.LauncherProvider(  528): 	at com.android.launcher2.LauncherProvider.onCreate(LauncherProvider.java:87)
04-07 09:21:05.470 W/Launcher.LauncherProvider(  528): 	at android.content.ContentProvider.attachInfo(ContentProvider.java:944)
04-07 09:21:05.470 W/Launcher.LauncherProvider(  528): 	at android.app.ActivityThread.installProvider(ActivityThread.java:4237)
04-07 09:21:05.470 W/Launcher.LauncherProvider(  528): 	at android.app.ActivityThread.installContentProviders(ActivityThread.java:3992)
04-07 09:21:05.470 W/Launcher.LauncherProvider(  528): 	at android.app.ActivityThread.handleBindApplication(ActivityThread.java:3946)
04-07 09:21:05.470 W/Launcher.LauncherProvider(  528): 	at android.app.ActivityThread.access$1300(ActivityThread.java:123)
04-07 09:21:05.470 W/Launcher.LauncherProvider(  528): 	at android.app.ActivityThread$H.handleMessage(ActivityThread.java:1185)
04-07 09:21:05.470 W/Launcher.LauncherProvider(  528): 	at android.os.Handler.dispatchMessage(Handler.java:99)
04-07 09:21:05.470 W/Launcher.LauncherProvider(  528): 	at android.os.Looper.loop(Looper.java:137)
04-07 09:21:05.470 W/Launcher.LauncherProvider(  528): 	at android.app.ActivityThread.main(ActivityThread.java:4424)
04-07 09:21:05.470 W/Launcher.LauncherProvider(  528): 	at java.lang.reflect.Method.invokeNative(Native Method)
04-07 09:21:05.470 W/Launcher.LauncherProvider(  528): 	at java.lang.reflect.Method.invoke(Method.java:511)
04-07 09:21:05.470 W/Launcher.LauncherProvider(  528): 	at com.android.internal.os.ZygoteInit$MethodAndArgsCaller.run(ZygoteInit.java:784)
04-07 09:21:05.470 W/Launcher.LauncherProvider(  528): 	at com.android.internal.os.ZygoteInit.main(ZygoteInit.java:551)
04-07 09:21:05.470 W/Launcher.LauncherProvider(  528): 	at dalvik.system.NativeStart.main(Native Method)
04-07 09:21:05.860 D/dalvikvm(  528): GC_CONCURRENT freed 433K, 6% free 9301K/9863K, paused 8ms+4ms
04-07 09:21:06.561 D/dalvikvm(  528): GC_CONCURRENT freed 127K, 3% free 9651K/9863K, paused 8ms+11ms
04-07 09:21:06.731 D/dalvikvm(  528): GC_FOR_ALLOC freed 19K, 3% free 9650K/9863K, paused 50ms
04-07 09:21:06.751 I/dalvikvm-heap(  528): Grow heap (frag case) to 10.866MB for 1440016-byte allocation
04-07 09:21:06.880 D/dalvikvm(  528): GC_FOR_ALLOC freed 1K, 2% free 11054K/11271K, paused 45ms
04-07 09:21:06.941 D/dalvikvm(  528): GC_CONCURRENT freed <1K, 2% free 11054K/11271K, paused 5ms+4ms
04-07 09:21:07.411 D/dalvikvm(   89): GC_CONCURRENT freed 510K, 43% free 11185K/19335K, paused 6ms+7ms
04-07 09:21:07.581 I/InputDispatcher(   89): Dropped event because the current application is not responding and the user has started interacting with a different application.
04-07 09:21:07.892 D/gralloc_goldfish(  528): Emulator without GPU emulation detected.
04-07 09:21:08.651 D/dalvikvm(  528): GC_FOR_ALLOC freed 215K, 3% free 11225K/11527K, paused 351ms
04-07 09:21:08.831 I/dalvikvm-heap(  528): Grow heap (frag case) to 12.426MB for 1463056-byte allocation
04-07 09:21:09.171 D/dalvikvm(  528): GC_FOR_ALLOC freed 6K, 3% free 12648K/12999K, paused 305ms
04-07 09:21:09.661 D/dalvikvm(  528): GC_CONCURRENT freed 26K, 3% free 12672K/12999K, paused 9ms+5ms
04-07 09:21:09.780 D/dalvikvm(  528): GC_FOR_ALLOC freed 6K, 3% free 12665K/12999K, paused 122ms
04-07 09:21:09.800 I/dalvikvm-heap(  528): Grow heap (frag case) to 13.833MB for 1463056-byte allocation
04-07 09:21:09.921 D/dalvikvm(  528): GC_FOR_ALLOC freed 3K, 3% free 14090K/14471K, paused 48ms
04-07 09:21:10.061 I/ActivityManager(   89): Displayed com.android.launcher/com.android.launcher2.Launcher: +6s95ms (total +1m36s911ms)
04-07 09:21:10.222 D/dalvikvm(  187): GC_FOR_ALLOC freed 170K, 35% free 9738K/14919K, paused 172ms
04-07 09:21:10.270 I/dalvikvm-heap(  187): Grow heap (frag case) to 10.747MB for 1228816-byte allocation
04-07 09:21:10.462 D/dalvikvm(  187): GC_FOR_ALLOC freed 9K, 27% free 10928K/14919K, paused 171ms
04-07 09:21:10.571 D/dalvikvm(  187): GC_CONCURRENT freed <1K, 27% free 10929K/14919K, paused 4ms+25ms
04-07 09:21:10.761 D/dalvikvm(  187): GC_FOR_ALLOC freed 0K, 27% free 10929K/14919K, paused 78ms
04-07 09:21:10.821 I/dalvikvm-heap(  187): Grow heap (frag case) to 13.668MB for 3072016-byte allocation
04-07 09:21:10.851 W/InputManagerService(   89): Window already focused, ignoring focus gain of: com.android.internal.view.IInputMethodClient$Stub$Proxy@414a1868
04-07 09:21:10.972 D/dalvikvm(  187): GC_CONCURRENT freed 0K, 23% free 13929K/17927K, paused 5ms+6ms
04-07 09:21:11.480 I/ARMAssembler(   36): generated scanline__00000077:03515104_00009002_00000000 [127 ipp] (149 ins) at [0x40ead1e8:0x40ead43c] in 9213292 ns
04-07 09:21:12.150 D/dalvikvm(  187): GC_FOR_ALLOC freed 4200K, 40% free 10929K/17927K, paused 128ms
04-07 09:21:12.160 I/dalvikvm-heap(  187): Grow heap (frag case) to 13.668MB for 3072016-byte allocation
04-07 09:21:12.260 D/dalvikvm(  187): GC_CONCURRENT freed <1K, 23% free 13929K/17927K, paused 4ms+17ms
04-07 09:21:13.020 D/dalvikvm(  528): GC_CONCURRENT freed 1591K, 11% free 14103K/15815K, paused 9ms+7ms
04-07 09:21:13.341 D/Launcher.Model(  528): going to save icon bitmap for info=ShortcutInfo(title=Browser)
04-07 09:21:13.390 D/Launcher.Model(  528): going to save icon bitmap for info=ShortcutInfo(title=Camera)
04-07 09:21:13.440 D/Launcher.Model(  528): going to save icon bitmap for info=ShortcutInfo(title=Phone)
04-07 09:21:13.470 D/Launcher.Model(  528): going to save icon bitmap for info=ShortcutInfo(title=Messaging)
04-07 09:21:13.520 D/Launcher.Model(  528): going to save icon bitmap for info=ShortcutInfo(title=People)
04-07 09:21:13.560 D/Launcher.Model(  528): going to save icon bitmap for info=ShortcutInfo(title=Settings)
04-07 09:21:14.460 D/dalvikvm(  528): GC_FOR_ALLOC freed 557K, 10% free 14307K/15815K, paused 44ms
04-07 09:21:14.480 I/dalvikvm-heap(  528): Grow heap (frag case) to 15.436MB for 1463056-byte allocation
04-07 09:21:14.520 D/dalvikvm(  528): GC_FOR_ALLOC freed 9K, 10% free 15726K/17287K, paused 47ms
04-07 09:21:14.630 D/dalvikvm(  528): GREF has increased to 201
04-07 09:21:14.740 D/dalvikvm(  528): GC_FOR_ALLOC freed 1430K, 18% free 14301K/17287K, paused 45ms
04-07 09:21:15.421 D/PackageManager(   89): generateServicesMap(android.accounts.AccountAuthenticator): 2 services unchanged
04-07 09:21:15.461 D/PackageManager(   89): generateServicesMap(android.content.SyncAdapter): 4 services unchanged
04-07 09:21:15.740 D/dalvikvm(  528): GC_CONCURRENT freed 4535K, 35% free 11405K/17287K, paused 4ms+30ms
04-07 09:21:16.230 D/dalvikvm(   89): GC_CONCURRENT freed 514K, 43% free 11212K/19335K, paused 6ms+11ms
04-07 09:21:16.480 I/AccountTypeManager(  376): Loaded meta-data for 1 account types, 0 accounts in 1185ms(wall) 7ms(cpu)
04-07 09:21:23.032 I/ActivityManager(   89): START {act=android.intent.action.MAIN cat=[android.intent.category.LAUNCHER] flg=0x10200000 cmp=com.android.contacts/.activities.DialtactsActivity bnds=[0,706][96,802]} from pid 528
04-07 09:21:23.051 D/PermissionCache(   36): checking android.permission.READ_FRAME_BUFFER for uid=1000 => granted (743 us)
04-07 09:21:23.061 W/WindowManager(   89): Failure taking screenshot for (180x300) to layer 21005
04-07 09:21:23.091 W/NetworkManagementSocketTagger(   89): setKernelCountSet(10020, 1) failed with errno -2
04-07 09:21:23.241 D/dalvikvm(   89): GC_FOR_ALLOC freed 161K, 43% free 11201K/19335K, paused 81ms
04-07 09:21:23.251 I/dalvikvm-heap(   89): Grow heap (frag case) to 12.012MB for 1048592-byte allocation
04-07 09:21:23.421 D/dalvikvm(   89): GC_FOR_ALLOC freed 18K, 37% free 12207K/19335K, paused 83ms
04-07 09:21:23.891 I/ARMAssembler(   36): generated scanline__00000077:03515104_00009001_00000000 [131 ipp] (153 ins) at [0x40ead440:0x40ead6a4] in 1275168 ns
04-07 09:21:24.081 D/dalvikvm(   89): GC_CONCURRENT freed 3K, 37% free 12223K/19335K, paused 6ms+78ms
04-07 09:21:24.081 D/dalvikvm(  376): GC_FOR_ALLOC freed 36K, 3% free 9362K/9607K, paused 315ms
04-07 09:21:24.221 I/dalvikvm-heap(  376): Grow heap (frag case) to 10.211MB for 1048592-byte allocation
04-07 09:21:24.461 D/dalvikvm(  376): GC_CONCURRENT freed <1K, 3% free 10385K/10695K, paused 4ms+43ms
04-07 09:21:24.871 D/dalvikvm(  376): GC_CONCURRENT freed 41K, 2% free 10870K/11015K, paused 5ms+5ms
04-07 09:21:25.181 I/ContactPhotoManager(  376): Cache adj: 0.5
04-07 09:21:25.511 D/dalvikvm(  272): GC_CONCURRENT freed 412K, 6% free 9538K/10055K, paused 4ms+44ms
04-07 09:21:25.711 E/DefaultVoicemailNotifier(  376): No voicemails to notify about: clear the notification.
04-07 09:21:25.801 D/dalvikvm(  376): GC_CONCURRENT freed 82K, 2% free 11327K/11527K, paused 11ms+5ms
04-07 09:21:26.001 D/gralloc_goldfish(  376): Emulator without GPU emulation detected.
04-07 09:21:26.131 I/ActivityManager(   89): Displayed com.android.contacts/.activities.DialtactsActivity: +3s49ms
04-07 09:21:26.561 W/NetworkManagementSocketTagger(   89): setKernelCountSet(10009, 0) failed with errno -2
04-07 09:21:27.631 D/dalvikvm(   89): GREF has increased to 401
04-07 09:21:29.631 I/ActivityManager(   89): START {act=android.intent.action.CALL_PRIVILEGED dat=tel:xxxx flg=0x10000000 cmp=com.android.phone/.PrivilegedOutgoingCallBroadcaster (has extras)} from pid 376
04-07 09:21:29.642 W/WindowManager(   89): Failure taking screenshot for (180x300) to layer 21010
04-07 09:21:29.721 W/NetworkManagementSocketTagger(   89): setKernelCountSet(10009, 1) failed with errno -2
04-07 09:21:30.511 D/dalvikvm(  215): GC_CONCURRENT freed 395K, 5% free 9710K/10183K, paused 6ms+37ms
04-07 09:21:30.961 D/dalvikvm(  215): GC_CONCURRENT freed 367K, 5% free 9831K/10311K, paused 9ms+9ms
04-07 09:21:31.131 D/PhoneUtils(  215): checkAndCopyPhoneProviderExtras: some or all extras are missing.
04-07 09:21:31.211 D/PhoneUtils(  215): checkAndCopyPhoneProviderExtras: some or all extras are missing.
04-07 09:21:31.221 I/ActivityManager(   89): START {act=com.android.phone.SIP_SELECT_PHONE dat=tel:xxxx flg=0x10000000 cmp=com.android.phone/.SipCallOptionHandler (has extras)} from pid 215
04-07 09:21:31.261 W/NetworkManagementSocketTagger(   89): setKernelCountSet(10009, 0) failed with errno -2
04-07 09:21:31.301 D/CallController(  215): placeCall()...  intent = Intent { act=android.intent.action.CALL dat=tel:xxxx (has extras) }
04-07 09:21:31.391 D/AudioHardwareInterface(   38): setMode(IN_CALL)
04-07 09:21:31.391 I/AudioService(   89):  AudioFocus  requestAudioFocus() from AudioFocus_For_Phone_Ring_And_Calls
04-07 09:21:31.411 I/ActivityManager(   89): START {act=android.intent.action.MAIN flg=0x10840000 cmp=com.android.phone/.InCallScreen} from pid 215
04-07 09:21:31.561 D/PhoneStatusBar(  187): disable: < expand icons ALERTS* ticker system_info back home recent clock >
04-07 09:21:31.571 D/AccelerometerListener(  215): enable(true)
04-07 09:21:31.791 I/InCallScreen(  215): onCreate()...  this = com.android.phone.InCallScreen@4136bb40
04-07 09:21:31.791 D/InCallScreen(  215): - onCreate: phone state = OFFHOOK
04-07 09:21:32.301 D/dalvikvm(  215): GC_CONCURRENT freed 252K, 5% free 10014K/10439K, paused 10ms+7ms
04-07 09:21:32.371 D/dalvikvm(  215): GC_FOR_ALLOC freed 19K, 5% free 10104K/10567K, paused 41ms
04-07 09:21:32.451 D/dalvikvm(  215): GC_FOR_ALLOC freed 2K, 4% free 10311K/10695K, paused 39ms
04-07 09:21:32.521 D/dalvikvm(  215): GC_FOR_ALLOC freed 1K, 4% free 10517K/10951K, paused 38ms
04-07 09:21:32.571 D/dalvikvm(  215): GC_FOR_ALLOC freed 1K, 5% free 10620K/11079K, paused 39ms
04-07 09:21:32.851 D/dalvikvm(  215): GC_FOR_ALLOC freed 20K, 3% free 11027K/11271K, paused 41ms
04-07 09:21:33.011 D/dalvikvm(  215): GC_FOR_ALLOC freed 13K, 2% free 11564K/11783K, paused 42ms
04-07 09:21:33.051 D/PhoneStatusBar(  187): disable: < EXPAND* icons ALERTS ticker system_info back home recent clock >
04-07 09:21:33.731 W/InputManagerService(   89): Starting input on non-focused client com.android.internal.view.IInputMethodClient$Stub$Proxy@41c46e88 (uid=10020 pid=376)
04-07 09:21:33.741 W/IInputConnectionWrapper(  376): showStatusIcon on inactive InputConnection
04-07 09:21:33.851 D/gralloc_goldfish(  215): Emulator without GPU emulation detected.
04-07 09:21:33.972 I/ActivityManager(   89): Displayed com.android.phone/.InCallScreen: +2s465ms (total +4s283ms)
04-07 09:21:34.451 W/CallerInfo(  215): getGeoDescription: NumberParseException for incoming number '123'
04-07 09:21:34.631 D/dalvikvm(  272): GC_CONCURRENT freed 230K, 4% free 9702K/10055K, paused 5ms+5ms
04-07 09:21:35.011 W/NetworkManagementSocketTagger(   89): setKernelCountSet(10020, 0) failed with errno -2
04-07 09:21:35.200 E/DefaultVoicemailNotifier(  376): No voicemails to notify about: clear the notification.
04-07 09:21:38.950 D/InCallScreen(  215): internalHangup()...  phone state = OFFHOOK
04-07 09:21:38.950 D/PhoneUtils(  215): hangup(): hanging up foreground call
04-07 09:21:38.950 D/PhoneUtils(  215): - hangup(Call): regular hangup()...
04-07 09:21:39.050 D/PhoneStatusBar(  187): disable: < EXPAND icons alerts* ticker system_info back home recent clock >
04-07 09:21:39.050 D/AccelerometerListener(  215): enable(false)
04-07 09:21:39.191 D/CallNotifier(  215): onDisconnect: cause = LOCAL, incoming = false, date = 1333790491346
04-07 09:21:39.210 D/CallNotifier(  215): SignalInfoTonePlayer.run(toneId = 98)...
04-07 09:21:39.210 I/PowerManagerService(   89): clearUserActivity for 10000ms from now
04-07 09:21:39.280 D/CallNotifier(  215): InCallTonePlayer.run(toneId = 5)...
04-07 09:21:39.630 D/dalvikvm(  215): GC_CONCURRENT freed 202K, 3% free 12096K/12423K, paused 20ms+31ms
04-07 09:21:39.651 D/AudioHardwareInterface(   38): setMode(NORMAL)
04-07 09:21:39.651 I/AudioService(   89):  AudioFocus  abandonAudioFocus() from AudioFocus_For_Phone_Ring_And_Calls
04-07 09:21:39.730 D/InCallScreen(  215): delayedCleanupAfterDisconnect()...  Phone state = IDLE
04-07 09:21:39.730 I/ActivityManager(   89): START {flg=0x10000 cmp=com.android.contacts/.activities.DialtactsActivity} from pid 215
04-07 09:21:39.730 W/WindowManager(   89): Failure taking screenshot for (180x300) to layer 21010
04-07 09:21:39.742 D/InCallScreen(  215): endInCallScreenSession(false)...  phone state = IDLE
04-07 09:21:39.742 I/ActivityManager(   89): moveTaskToBack: 7
04-07 09:21:39.760 D/PhoneStatusBar(  187): disable: < expand* icons alerts ticker system_info back home recent clock >
04-07 09:21:39.781 W/NetworkManagementSocketTagger(   89): setKernelCountSet(10020, 1) failed with errno -2
04-07 09:21:39.830 D/dalvikvm(   89): GC_CONCURRENT freed 1450K, 41% free 11537K/19335K, paused 38ms+43ms
04-07 09:21:40.120 D/dalvikvm(   89): GC_FOR_ALLOC freed 50K, 39% free 11920K/19335K, paused 96ms
04-07 09:21:40.120 I/dalvikvm-heap(   89): Grow heap (frag case) to 12.715MB for 1048592-byte allocation
04-07 09:21:40.240 D/dalvikvm(   89): GC_FOR_ALLOC freed 2K, 34% free 12942K/19335K, paused 87ms
04-07 09:21:40.290 V/TransportControlView(   89): Create TCV com.android.internal.widget.TransportControlView@4162e3e8
04-07 09:21:40.501 D/PhoneStatusBar(  187): disable: < expand icons alerts ticker system_info back home RECENT* clock >
04-07 09:21:40.680 D/dalvikvm(   89): GC_CONCURRENT freed 8K, 33% free 13048K/19335K, paused 6ms+12ms
04-07 09:21:40.950 D/PhoneStatusBar(  187): disable: < expand icons alerts ticker system_info BACK* HOME* RECENT clock >
04-07 09:21:41.241 D/PhoneStatusBar(  187): disable: < expand icons alerts ticker system_info BACK HOME RECENT CLOCK* >
04-07 09:21:42.110 D/dalvikvm(  376): GC_CONCURRENT freed 305K, 4% free 11752K/12167K, paused 5ms+13ms
04-07 09:21:43.311 W/SoundPool(   89):   sample 0 not READY
04-07 09:21:43.311 D/PhoneStatusBar(  187): disable: < expand icons alerts ticker system_info BACK HOME recent* CLOCK >
04-07 09:21:43.431 I/ActivityManager(   89): Displayed com.android.contacts/.activities.DialtactsActivity: +3s658ms
04-07 09:21:43.530 D/PhoneStatusBar(  187): disable: < expand icons alerts ticker system_info back* home* recent clock* >
04-07 09:21:46.231 I/ActivityManager(   89): START {act=android.intent.action.MAIN cat=[android.intent.category.HOME] flg=0x10200000 cmp=com.android.launcher/com.android.launcher2.Launcher} from pid 89
04-07 09:21:46.231 W/WindowManager(   89): Failure taking screenshot for (180x300) to layer 21015
04-07 09:21:46.261 W/NetworkManagementSocketTagger(   89): setKernelCountSet(10009, 1) failed with errno -2
04-07 09:21:46.891 W/InputManagerService(   89): Starting input on non-focused client com.android.internal.view.IInputMethodClient$Stub$Proxy@41c46e88 (uid=10020 pid=376)
04-07 09:21:47.211 W/IInputConnectionWrapper(  376): showStatusIcon on inactive InputConnection
04-07 09:21:47.451 W/NetworkManagementSocketTagger(   89): setKernelCountSet(10020, 0) failed with errno -2
04-07 09:21:47.711 E/DefaultVoicemailNotifier(  376): No voicemails to notify about: clear the notification.
04-07 09:25:58.890 W/BackupManagerService(   89): dataChanged but no participant pkg='com.android.providers.settings' uid=1001
