04-07 09:18:23.955 I/boot_progress_start(   37): 4085
04-07 09:18:25.535 I/boot_progress_preload_start(   37): 5663
04-07 09:18:40.706 I/boot_progress_preload_end(   37): 20834
04-07 09:18:41.216 I/boot_progress_system_run(   89): 21341
04-07 09:18:41.496 I/boot_progress_pms_start(   89): 21621
04-07 09:18:41.756 I/boot_progress_pms_system_scan_start(   89): 21883
04-07 09:19:19.675 I/boot_progress_pms_data_scan_start(   89): 59809
04-07 09:19:25.526 I/boot_progress_pms_scan_end(   89): 65652
04-07 09:19:25.836 I/boot_progress_pms_ready(   89): 65965
04-07 09:19:27.016 I/battery_status(   89): [2,2,1,1,Li-ion]
04-07 09:19:27.016 I/battery_level(   89): [50,0,0]
04-07 09:19:27.053 I/power_screen_state(   89): [1,3,0,0]
04-07 09:19:27.207 I/screen_toggled(   89): 1
04-07 09:19:27.456 I/configuration_changed(   89): 1528
04-07 09:19:27.696 I/wifi_state_changed(   89): InitialState
04-07 09:19:27.716 I/wifi_state_changed(   89): DriverUnloadedState
04-07 09:19:27.946 I/free_storage_left(   89): [124665856,0,65925120]
04-07 09:19:27.946 I/free_storage_changed(   89): 124665856
04-07 09:19:28.376 I/backup_data_changed(   89): android
04-07 09:19:28.376 I/backup_data_changed(   89): com.android.browser
04-07 09:19:28.376 I/backup_data_changed(   89): com.android.calendar
04-07 09:19:28.386 I/backup_data_changed(   89): com.android.inputmethod.latin
04-07 09:19:28.386 I/backup_data_changed(   89): com.android.providers.settings
04-07 09:19:28.386 I/backup_data_changed(   89): com.android.providers.userdictionary
04-07 09:19:28.386 I/backup_data_changed(   89): com.android.sharedstoragebackup
04-07 09:19:28.656 I/am_proc_start(   89): [143,10020,android.process.acore,broadcast,com.android.providers.contacts/.ContactsUpgradeReceiver]
04-07 09:19:28.816 I/am_proc_bound(   89): [143,android.process.acore]
04-07 09:19:31.096 I/contacts_upgrade_receiver(  143): 2132
04-07 09:19:31.146 I/am_proc_start(   89): [157,10004,android.process.media,broadcast,com.android.providers.media/.MediaUpgradeReceiver]
04-07 09:19:31.316 I/am_proc_bound(   89): [157,android.process.media]
04-07 09:19:31.516 I/am_proc_start(   89): [173,10031,com.android.providers.calendar,broadcast,com.android.providers.calendar/.CalendarUpgradeReceiver]
04-07 09:19:31.646 I/am_proc_bound(   89): [173,com.android.providers.calendar]
04-07 09:19:31.836 I/calendar_upgrade_receiver(  173): 91
04-07 09:19:31.916 I/boot_progress_ams_ready(   89): 72044
04-07 09:19:31.966 I/am_proc_start(   89): [187,1000,com.android.systemui,service,com.android.systemui/.SystemUIService]
04-07 09:19:32.196 I/configuration_changed(   89): 512
04-07 09:19:32.246 I/am_proc_bound(   89): [187,com.android.systemui]
04-07 09:19:32.256 I/am_create_service(   89): [1097062136,com.android.systemui/.SystemUIService,,187]
04-07 09:19:32.946 I/am_create_service(   89): [1097096432,com.android.systemui/.ImageWallpaper,act=android.service.wallpaper.WallpaperService,187]
04-07 09:19:33.046 I/am_proc_start(   89): [201,10022,com.android.inputmethod.latin,service,com.android.inputmethod.latin/.LatinIME]
04-07 09:19:33.306 I/am_proc_start(   89): [215,1001,com.android.phone,added application,com.android.phone]
04-07 09:19:33.386 I/am_create_task(   89): 2
04-07 09:19:33.386 I/am_create_activity(   89): [1102670032,2,com.android.settings/.CryptKeeper,android.intent.action.MAIN,NULL,NULL,276824064]
04-07 09:19:33.566 I/am_proc_start(   89): [226,1000,com.android.settings,activity,com.android.settings/.CryptKeeper]
04-07 09:19:33.616 I/am_proc_bound(   89): [201,com.android.inputmethod.latin]
04-07 09:19:33.626 I/am_create_service(   89): [1096959112,com.android.inputmethod.latin/.LatinIME,act=android.view.InputMethod,201]
04-07 09:19:33.636 I/backup_data_changed(   89): com.android.providers.settings
04-07 09:19:33.946 I/notification_cancel(   89): [android,17302839,NULL,0,0]
04-07 09:19:33.975 I/am_proc_bound(   89): [215,com.android.phone]
04-07 09:19:34.047 I/binder_sample(  201): [,1,145,com.android.inputmethod.latin,29]
04-07 09:19:34.176 I/am_proc_bound(   89): [226,com.android.settings]
04-07 09:19:34.206 I/am_restart_activity(   89): [1102670032,2,com.android.settings/.CryptKeeper]
04-07 09:19:34.336 I/notification_cancel(   89): [android,17302839,NULL,0,0]
04-07 09:19:34.736 I/binder_sample(  187): [android.content.IContentProvider,21,15,com.android.systemui,3]
04-07 09:19:36.235 I/binder_sample(  201): [android.content.IContentService,1,194,com.android.inputmethod.latin,38]
04-07 09:19:36.305 I/binder_sample(  215): [android.content.IContentService,1,17,com.android.phone,3]
04-07 09:19:37.125 I/binder_sample(  226): [android.content.pm.IPackageManager,51,1150,com.android.settings,100]
04-07 09:19:37.565 I/am_proc_start(   89): [272,10020,android.process.acore,content provider,com.android.providers.userdictionary/.UserDictionaryProvider]
04-07 09:19:37.575 I/binder_sample(  215): [android.app.IActivityManager,12,1250,com.android.phone,100]
04-07 09:19:37.585 I/binder_sample(  187): [android.app.IActivityManager,12,1075,com.android.systemui,100]
04-07 09:19:37.605 I/am_finish_activity(   89): [1102670032,2,com.android.settings/.CryptKeeper,app-request]
04-07 09:19:37.605 I/am_pause_activity(   89): [1102670032,com.android.settings/.CryptKeeper]
04-07 09:19:37.865 I/am_create_task(   89): 3
04-07 09:19:37.865 I/am_create_activity(   89): [1096250152,3,com.android.sdksetup/.DefaultActivity,android.intent.action.MAIN,NULL,NULL,276824064]
04-07 09:19:38.035 I/am_proc_start(   89): [283,10028,com.android.sdksetup,activity,com.android.sdksetup/.DefaultActivity]
04-07 09:19:38.035 I/binder_sample(  226): [android.app.IActivityManager,19,314,com.android.settings,62]
04-07 09:19:38.286 I/am_proc_bound(   89): [272,android.process.acore]
04-07 09:19:38.385 I/binder_sample(  226): [,1,93,com.android.settings,18]
04-07 09:19:38.485 I/binder_sample(  226): [,1,82,com.android.settings,16]
04-07 09:19:38.655 I/binder_sample(  272): [android.content.pm.IPackageManager,1,89,android.process.acore,17]
04-07 09:19:38.715 I/am_proc_bound(   89): [283,com.android.sdksetup]
04-07 09:19:38.735 I/am_restart_activity(   89): [1096250152,3,com.android.sdksetup/.DefaultActivity]
04-07 09:19:39.195 I/notification_cancel(   89): [com.android.phone,2,NULL,0,64]
04-07 09:19:39.405 I/backup_data_changed(   89): com.android.providers.settings
04-07 09:19:39.435 I/binder_sample(  283): [android.content.IContentProvider,3,264,com.android.sdksetup,52]
04-07 09:19:39.518 I/content_update_sample(  283): [content://settings/secure,insert,,345,com.android.sdksetup,70]
04-07 09:19:39.705 I/backup_data_changed(   89): com.android.providers.settings
04-07 09:19:40.345 I/backup_data_changed(   89): com.android.providers.settings
04-07 09:19:40.355 I/binder_sample(  272): [android.app.IActivityManager,12,83,android.process.acore,16]
04-07 09:19:40.415 I/content_update_sample(   89): [content://settings/secure,insert,,641,,100]
04-07 09:19:40.425 I/binder_sample(  283): [android.app.backup.IBackupManager,8,645,com.android.sdksetup,100]
04-07 09:19:42.465 I/binder_sample(  215): [android.app.IActivityManager,110,1850,com.android.phone,100]
04-07 09:19:42.535 I/am_finish_activity(   89): [1096250152,3,com.android.sdksetup/.DefaultActivity,proc died without state saved]
04-07 09:19:42.760 I/notification_cancel_all(   89): [com.android.sdksetup,0,0]
04-07 09:19:42.991 I/binder_sample(  201): [android.app.IActivityManager,29,6921,com.android.inputmethod.latin,100]
04-07 09:19:43.010 I/binder_sample(  215): [com.android.internal.telephony.ITelephonyRegistry,8,211,com.android.phone,42]
04-07 09:19:43.431 I/binder_sample(  187): [android.view.IWindowSession,4,231,com.android.systemui,46]
04-07 09:19:43.540 I/binder_sample(  215): [com.android.internal.telephony.ITelephonyRegistry,8,361,com.android.phone,72]
04-07 09:19:43.601 I/binder_sample(  201): [android.app.IActivityManager,38,45,com.android.inputmethod.latin,9]
04-07 09:19:43.710 I/binder_sample(  272): [android.app.IActivityManager,110,575,android.process.acore,100]
04-07 09:19:43.821 I/content_query_sample(  201): [content://user_dictionary/words,word/frequency,(locale is NULL) or (locale=?) or (locale=?),,824,,100]
04-07 09:19:43.861 I/binder_sample(  272): [android.app.IActivityManager,110,144,android.process.acore,28]
04-07 09:19:43.872 I/binder_sample(  215): [com.android.internal.telephony.ITelephonyRegistry,8,130,com.android.phone,26]
04-07 09:19:44.200 I/am_proc_start(   89): [319,10008,com.android.deskclock,broadcast,com.android.deskclock/.AlarmInitReceiver]
04-07 09:19:44.210 I/am_destroy_activity(   89): [1102670032,2,com.android.settings/.CryptKeeper,finish-idle]
04-07 09:19:44.240 I/boot_progress_enable_screen(   89): 84617
04-07 09:19:44.720 I/notification_enqueue(   89): [com.android.systemui,17301675,NULL,Notification(contentView=com.android.systemui/0x1090098 vibrate=null,sound=null,defaults=0x0,flags=0x2)]
04-07 09:19:45.011 I/am_proc_bound(   89): [319,com.android.deskclock]
04-07 09:19:45.331 I/binder_sample(  319): [android.view.IWindowManager,6,81,com.android.deskclock,16]
04-07 09:19:45.491 I/notification_cancel(   89): [com.android.phone,5,NULL,0,64]
04-07 09:19:45.491 I/notification_cancel(   89): [com.android.phone,6,NULL,0,64]
04-07 09:19:45.791 I/force_gc(   89): Binder
04-07 09:19:46.091 I/binder_sample(  187): [android.app.IActivityManager,12,303,com.android.systemui,60]
04-07 09:19:46.491 I/content_query_sample(  319): [content://com.android.deskclock/alarm,_id/hour/minutes/daysofweek/alarmtime/enabled/vibrate/message/alert,enabled=1,,279,,56]
04-07 09:19:46.501 I/gsm_service_state_change(  215): [1,1,0,0]
04-07 09:19:46.501 I/gsm_rat_switched(  215): [-1,0,3]
04-07 09:19:46.741 I/am_proc_start(   89): [340,10032,com.android.calendar,broadcast,com.android.calendar/.widget.CalendarAppWidgetService$CalendarFactory]
04-07 09:19:46.921 I/binder_sample(  215): [com.android.internal.telephony.ITelephonyRegistry,3,206,com.android.phone,41]
04-07 09:19:46.921 I/am_proc_bound(   89): [340,com.android.calendar]
04-07 09:19:47.151 I/notification_cancel(   89): [com.android.phone,7,NULL,0,64]
04-07 09:19:47.163 I/notification_cancel(   89): [com.android.phone,7,NULL,0,64]
04-07 09:19:47.181 I/notification_cancel(   89): [com.android.phone,7,NULL,0,64]
04-07 09:19:47.181 I/notification_cancel(   89): [com.android.phone,7,NULL,0,64]
04-07 09:19:47.181 I/notification_cancel(   89): [com.android.phone,7,NULL,0,64]
04-07 09:19:47.181 I/notification_cancel(   89): [com.android.phone,7,NULL,0,64]
04-07 09:19:47.181 I/notification_cancel(   89): [com.android.phone,7,NULL,0,64]
04-07 09:19:47.201 I/notification_cancel(   89): [com.android.phone,7,NULL,0,64]
04-07 09:19:47.201 I/notification_cancel(   89): [com.android.phone,7,NULL,0,64]
04-07 09:19:47.201 I/notification_cancel(   89): [com.android.phone,7,NULL,0,64]
04-07 09:19:47.221 I/notification_cancel(   89): [com.android.phone,7,NULL,0,64]
04-07 09:19:47.221 I/notification_cancel(   89): [com.android.phone,7,NULL,0,64]
04-07 09:19:47.221 I/notification_cancel(   89): [com.android.phone,7,NULL,0,64]
04-07 09:19:47.221 I/notification_cancel(   89): [com.android.phone,7,NULL,0,64]
04-07 09:19:47.221 I/notification_cancel(   89): [com.android.phone,7,NULL,0,64]
04-07 09:19:47.231 I/notification_cancel(   89): [com.android.phone,7,NULL,0,64]
04-07 09:19:47.231 I/notification_cancel(   89): [com.android.phone,7,NULL,0,64]
04-07 09:19:47.231 I/notification_cancel(   89): [com.android.phone,7,NULL,0,64]
04-07 09:19:47.231 I/notification_cancel_all(   89): [com.android.settings,0,0]
04-07 09:19:47.311 I/notification_cancel(   89): [com.android.phone,7,NULL,0,64]
04-07 09:19:47.311 I/notification_cancel(   89): [com.android.phone,7,NULL,0,64]
04-07 09:19:47.322 I/notification_cancel(   89): [com.android.phone,7,NULL,0,64]
04-07 09:19:47.322 I/notification_cancel(   89): [com.android.phone,7,NULL,0,64]
04-07 09:19:47.322 I/notification_cancel(   89): [com.android.phone,7,NULL,0,64]
04-07 09:19:47.322 I/notification_cancel(   89): [com.android.phone,7,NULL,0,64]
04-07 09:19:47.322 I/notification_cancel(   89): [com.android.phone,7,NULL,0,64]
04-07 09:19:47.331 I/notification_cancel(   89): [com.android.phone,7,NULL,0,64]
04-07 09:19:47.351 I/notification_cancel(   89): [com.android.phone,7,NULL,0,64]
04-07 09:19:47.351 I/notification_cancel(   89): [com.android.phone,7,NULL,0,64]
04-07 09:19:47.361 I/notification_cancel(   89): [com.android.phone,7,NULL,0,64]
04-07 09:19:47.372 I/notification_cancel(   89): [com.android.phone,7,NULL,0,64]
04-07 09:19:47.381 I/notification_cancel(   89): [com.android.phone,7,NULL,0,64]
04-07 09:19:47.391 I/notification_cancel(   89): [com.android.phone,7,NULL,0,64]
04-07 09:19:47.941 I/notification_cancel(   89): [com.android.phone,7,NULL,0,64]
04-07 09:19:47.981 I/am_wtf  (   89): [89,system_server,-1,NetworkStats,open failed: ENOENT (No such file or directory)]
04-07 09:19:48.002 I/configuration_changed(   89): 4
04-07 09:19:48.421 I/binder_sample(  319): [android.view.IWindowManager,6,89,com.android.deskclock,17]
04-07 09:19:48.441 I/binder_sample(  215): [android.net.wifi.IWifiManager,15,328,com.android.phone,65]
04-07 09:19:48.761 I/am_proc_start(   89): [358,10031,com.android.providers.calendar,content provider,com.android.providers.calendar/.CalendarProvider2]
04-07 09:19:48.771 I/configuration_changed(   89): 3
04-07 09:19:48.941 I/notification_cancel(   89): [com.android.phone,7,NULL,0,64]
04-07 09:19:48.941 I/notification_cancel(   89): [com.android.phone,7,NULL,0,64]
04-07 09:19:48.971 I/notification_cancel(   89): [com.android.phone,7,NULL,0,64]
04-07 09:19:48.971 I/notification_cancel(   89): [com.android.phone,7,NULL,0,64]
04-07 09:19:48.981 I/notification_cancel(   89): [com.android.phone,7,NULL,0,64]
04-07 09:19:48.981 I/notification_cancel(   89): [com.android.phone,7,NULL,0,64]
04-07 09:19:48.981 I/notification_cancel(   89): [com.android.phone,7,NULL,0,64]
04-07 09:19:48.981 I/notification_cancel(   89): [com.android.phone,7,NULL,0,64]
04-07 09:19:48.981 I/notification_cancel(   89): [com.android.phone,7,NULL,0,64]
04-07 09:19:48.991 I/notification_cancel(   89): [com.android.phone,7,NULL,0,64]
04-07 09:19:48.991 I/notification_cancel(   89): [com.android.phone,7,NULL,0,64]
04-07 09:19:49.051 I/notification_cancel(   89): [com.android.phone,5,NULL,0,64]
04-07 09:19:49.061 I/notification_cancel(   89): [com.android.phone,6,NULL,0,64]
04-07 09:19:49.061 I/notification_cancel(   89): [com.android.phone,7,NULL,0,64]
04-07 09:19:49.101 I/am_proc_bound(   89): [358,com.android.providers.calendar]
04-07 09:19:49.181 I/binder_sample(  340): [android.app.IActivityManager,110,868,com.android.calendar,100]
04-07 09:19:49.821 I/content_query_sample(  215): [content://telephony/carriers,,numeric = '310260' and carrier_enabled = 1,,743,com.android.phone,100]
04-07 09:19:50.091 I/connectivity_state_changed(   89): 1552
04-07 09:19:50.361 I/binder_sample(  215): [android.app.IActivityManager,110,5,com.android.phone,1]
04-07 09:19:50.501 I/am_proc_start(   89): [376,10020,com.android.contacts,broadcast,com.android.contacts/.calllog.CallLogReceiver]
04-07 09:19:50.521 I/connectivity_state_changed(   89): 1576
04-07 09:19:50.541 I/binder_sample(  215): [com.android.internal.telephony.ITelephonyRegistry,8,68,com.android.phone,13]
04-07 09:19:50.661 I/notification_cancel(   89): [com.android.phone,7,NULL,0,64]
04-07 09:19:50.661 I/notification_cancel(   89): [com.android.phone,7,NULL,0,64]
04-07 09:19:50.671 I/notification_cancel(   89): [com.android.phone,7,NULL,0,64]
04-07 09:19:50.671 I/notification_cancel(   89): [com.android.phone,7,NULL,0,64]
04-07 09:19:50.671 I/notification_cancel(   89): [com.android.phone,7,NULL,0,64]
04-07 09:19:50.671 I/notification_cancel(   89): [com.android.phone,7,NULL,0,64]
04-07 09:19:50.681 I/notification_cancel(   89): [com.android.phone,7,NULL,0,64]
04-07 09:19:50.691 I/am_wtf  (   89): [89,system_server,-1,NetworkStats,open failed: ENOENT (No such file or directory)]
04-07 09:19:50.731 I/notification_cancel(   89): [com.android.phone,7,NULL,0,64]
04-07 09:19:50.741 I/notification_cancel(   89): [com.android.phone,7,NULL,0,64]
04-07 09:19:50.741 I/notification_cancel(   89): [com.android.phone,7,NULL,0,64]
04-07 09:19:50.741 I/notification_cancel(   89): [com.android.phone,7,NULL,0,64]
04-07 09:19:50.751 I/notification_cancel(   89): [com.android.phone,7,NULL,0,64]
04-07 09:19:50.751 I/notification_cancel(   89): [com.android.phone,7,NULL,0,64]
04-07 09:19:50.801 I/am_proc_bound(   89): [376,com.android.contacts]
04-07 09:19:51.011 I/content_update_sample(  215): [content://telephony/carriers/current,insert,,259,com.android.phone,52]
04-07 09:19:51.121 I/binder_sample(  215): [android.content.IContentService,1,85,com.android.phone,17]
04-07 09:19:51.121 I/content_query_sample(  215): [content://telephony/carriers,,numeric = '310260' and carrier_enabled = 1,,111,com.android.phone,23]
04-07 09:19:51.261 I/binder_sample(  376): [android.content.pm.IPackageManager,22,365,com.android.contacts,73]
04-07 09:19:51.271 I/notification_cancel(   89): [com.android.phone,7,NULL,0,64]
04-07 09:19:51.391 I/connectivity_state_changed(   89): 1600
04-07 09:19:51.491 I/notification_cancel(   89): [com.android.phone,7,NULL,0,64]
04-07 09:19:51.571 I/am_wtf  (   89): [89,system_server,-1,NetworkStats,open failed: ENOENT (No such file or directory)]
04-07 09:19:51.921 I/am_create_service(   89): [1094578360,com.android.contacts/.calllog.CallLogNotificationsService,act=com.android.contacts.calllog.UPDATE_NOTIFICATIONS,376]
04-07 09:19:52.161 I/notification_cancel(   89): [com.android.systemui,17301675,NULL,0,0]
04-07 09:19:53.961 I/content_query_sample(  215): [content://call_log/calls,_id/number/date/duration/type,type=3 AND new=1,date DESC,11225,,100]
04-07 09:19:54.611 I/am_proc_start(   89): [397,10004,android.process.media,content provider,com.android.providers.downloads/.DownloadProvider]
04-07 09:19:54.611 I/binder_sample(  215): [android.app.IActivityManager,69,647,com.android.phone,100]
04-07 09:19:54.790 I/am_proc_start(   89): [407,10011,com.android.email,broadcast,com.android.email/.service.EmailBroadcastReceiver]
04-07 09:19:54.821 I/am_proc_bound(   89): [397,android.process.media]
04-07 09:19:54.981 I/content_query_sample(  376): [content://call_log/calls?allow_voicemails=true,_id/number/voicemail_uri,new = 1 AND type = ?,date DESC,2908,,100]
04-07 09:19:55.001 I/am_proc_bound(   89): [407,com.android.email]
04-07 09:19:55.771 I/binder_sample(  358): [android.app.IActivityManager,12,931,com.android.providers.calendar,100]
04-07 09:19:55.881 I/am_proc_start(   89): [426,10021,com.android.exchange,service,com.android.exchange/.ExchangeService]
04-07 09:19:55.891 I/am_create_service(   89): [1102687592,com.android.email/.service.EmailBroadcastProcessorService,act=broadcast_receiver,407]
04-07 09:19:56.041 I/am_proc_bound(   89): [426,com.android.exchange]
04-07 09:19:56.061 I/am_create_service(   89): [1103343192,com.android.exchange/.ExchangeService,act=com.android.email.EXCHANGE_INTENT,426]
04-07 09:19:56.191 I/notification_cancel(   89): [com.android.contacts,1,DefaultVoicemailNotifier,0,64]
04-07 09:19:56.231 I/am_destroy_service(   89): [1094578360,com.android.contacts/.calllog.CallLogNotificationsService,376]
04-07 09:19:56.661 I/binder_sample(  358): [android.app.IActivityManager,30,318,com.android.providers.calendar,63]
04-07 09:19:56.731 I/binder_sample(  376): [android.app.IActivityManager,61,493,com.android.contacts,98]
04-07 09:19:56.731 I/binder_sample(  426): [android.app.IActivityManager,38,463,com.android.exchange,92]
04-07 09:19:56.811 I/am_create_service(   89): [1097342784,com.android.providers.downloads/.DownloadService,,397]
04-07 09:19:56.971 I/binder_sample(  397): [android.app.IActivityManager,16,12,android.process.media,2]
04-07 09:19:56.991 I/am_create_service(   89): [1096999712,com.android.exchange/.service.ExchangeBroadcastProcessorService,act=broadcast_receiver,426]
04-07 09:19:57.001 I/notification_cancel_all(   89): [com.android.providers.downloads,0,64]
04-07 09:19:57.071 I/am_create_service(   89): [1096996184,com.android.providers.media/.MediaScannerService,,397]
04-07 09:19:57.151 I/am_proc_start(   89): [452,10025,com.android.mms,broadcast,com.android.mms/.transaction.MmsSystemEventReceiver]
04-07 09:19:57.171 I/content_update_sample(   89): [content://downloads/my_downloads,delete,notificationpackage=? AND notificationclass=?,313,,63]
04-07 09:19:57.180 I/content_query_sample(  397): [content://downloads/all_downloads,_data,,,303,,61]
04-07 09:19:57.251 I/am_proc_bound(   89): [452,com.android.mms]
04-07 09:19:57.311 I/binder_sample(  358): [android.app.IActivityManager,110,500,com.android.providers.calendar,100]
04-07 09:19:57.381 I/am_destroy_service(   89): [1096999712,com.android.exchange/.service.ExchangeBroadcastProcessorService,426]
04-07 09:19:57.841 I/binder_sample(  358): [android.app.IActivityManager,110,469,com.android.providers.calendar,93]
04-07 09:19:57.881 I/binder_sample(  358): [android.app.IActivityManager,110,39,com.android.providers.calendar,7]
04-07 09:19:57.980 I/content_query_sample(  452): [content://mms-sms/draft,thread_id,,,313,,63]
04-07 09:19:58.011 I/binder_sample(  452): [android.content.IContentProvider,4,307,com.android.mms,61]
04-07 09:19:58.161 I/am_create_service(   89): [1103256976,com.android.mms/.transaction.SmsReceiverService,act=android.intent.action.BOOT_COMPLETED,452]
04-07 09:19:58.191 I/notification_cancel(   89): [com.android.mms,123,NULL,0,64]
04-07 09:19:58.211 I/binder_sample(  452): [android.app.IActivityManager,34,75,com.android.mms,15]
04-07 09:19:58.271 I/am_create_service(   89): [1097185960,com.android.providers.calendar/.CalendarReceiver$RemoveScheduledAlarmsEmptyService,,358]
04-07 09:19:58.371 I/am_destroy_service(   89): [1097185960,com.android.providers.calendar/.CalendarReceiver$RemoveScheduledAlarmsEmptyService,358]
04-07 09:19:58.561 I/connectivity_state_changed(   89): 1552
04-07 09:19:58.731 I/connectivity_state_changed(   89): 1576
04-07 09:19:58.821 I/binder_sample(  340): [android.app.IActivityManager,16,374,com.android.calendar,74]
04-07 09:19:58.891 I/am_wtf  (   89): [89,system_server,-1,NetworkStats,open failed: ENOENT (No such file or directory)]
04-07 09:19:58.901 I/notification_cancel(   89): [com.android.phone,7,NULL,0,64]
04-07 09:19:58.921 I/notification_cancel(   89): [com.android.phone,7,NULL,0,64]
04-07 09:19:58.921 I/notification_cancel(   89): [com.android.phone,7,NULL,0,64]
04-07 09:19:58.921 I/notification_cancel(   89): [com.android.phone,7,NULL,0,64]
04-07 09:19:58.921 I/notification_cancel(   89): [com.android.phone,7,NULL,0,64]
04-07 09:19:58.931 I/notification_cancel(   89): [com.android.phone,7,NULL,0,64]
04-07 09:19:58.931 I/notification_cancel(   89): [com.android.phone,7,NULL,0,64]
04-07 09:19:58.931 I/notification_cancel(   89): [com.android.phone,7,NULL,0,64]
04-07 09:19:59.140 I/content_query_sample(   89): [content://telephony/carriers/preferapn,apn,,name ASC,4194,,100]
04-07 09:19:59.190 I/content_query_sample(  397): [content://downloads/all_downloads,,,,1868,,100]
04-07 09:19:59.291 I/am_create_service(   89): [1102624360,com.android.email/.service.AccountService,act=com.android.email.ACCOUNT_INTENT,407]
04-07 09:19:59.390 I/am_destroy_service(   89): [1102624360,com.android.email/.service.AccountService,407]
04-07 09:19:59.460 I/am_create_service(   89): [1100104712,com.android.email/.service.AccountService,act=com.android.email.ACCOUNT_INTENT,407]
04-07 09:19:59.550 I/am_destroy_service(   89): [1100104712,com.android.email/.service.AccountService,407]
04-07 09:19:59.620 I/am_create_service(   89): [1097163304,com.android.email/.service.AccountService,act=com.android.email.ACCOUNT_INTENT,407]
04-07 09:19:59.680 I/am_destroy_service(   89): [1097342784,com.android.providers.downloads/.DownloadService,397]
04-07 09:19:59.850 I/am_create_service(   89): [1097147120,com.android.providers.calendar/.EmptyService,,358]
04-07 09:19:59.870 I/content_update_sample(  452): [content://sms/outbox,update,type = 4,636,,100]
04-07 09:20:00.310 I/content_query_sample(  407): [content://com.android.email.provider/account,_id/displayName/emailAddress/syncKey/syncLookback/syncInterval/hostAuthKeyRecv/hostAuthKeySend/flags/isDefault/compatibilityUuid/senderName/ringtoneUri/protocolVersion/newMessageCount/securitySyncKey/signature/policyKey/notifiedMessageId/notifiedMessageCount,,,2864,,100]
04-07 09:20:00.470 I/content_query_sample(  407): [content://com.android.email.provider/account,_id,,,3408,,100]
04-07 09:20:00.470 I/content_query_sample(  407): [content://com.android.email.provider/account,_id,,,3328,,100]
04-07 09:20:00.780 I/content_query_sample(  407): [content://com.android.email.provider/account,_id,,,1050,,100]
04-07 09:20:01.110 I/am_destroy_service(   89): [1097163304,com.android.email/.service.AccountService,407]
04-07 09:20:01.120 I/am_destroy_service(   89): [1097147120,com.android.providers.calendar/.EmptyService,358]
04-07 09:20:01.180 I/am_destroy_service(   89): [1102687592,com.android.email/.service.EmailBroadcastProcessorService,407]
04-07 09:20:01.200 I/content_query_sample(  452): [content://sms,thread_id/date/address/subject/body,(type = 1 AND seen = 0),date desc,927,,100]
04-07 09:20:01.220 I/notification_cancel(   89): [com.android.mms,123,NULL,0,64]
04-07 09:20:01.240 I/content_query_sample(  426): [content://com.android.email.provider/hostauth?limit=1,count(*),protocol="eas",,82,,17]
04-07 09:20:01.270 I/am_destroy_service(   89): [1103343192,com.android.exchange/.ExchangeService,426]
04-07 09:20:01.310 I/am_destroy_service(   89): [1103256976,com.android.mms/.transaction.SmsReceiverService,452]
04-07 09:20:01.400 I/content_query_sample(  340): [content://com.android.calendar/instances/when/1333703989621/1334481589621,allDay/begin/end/title/eventLocation/event_id/startDay/endDay/calendar_color/selfAttendeeStatus,visible=1,startDay ASC, startMinute ASC, endDay ASC, endMinute ASC LIMIT 503,5011,,100]
04-07 09:20:01.660 I/content_query_sample(  201): [content://com.android.contacts/contacts,_id/display_name,,,18124,,100]
04-07 09:20:01.820 I/content_query_sample(  340): [content://com.android.calendar/instances/when/1333703998452/1334481598452,allDay/begin/end/title/eventLocation/event_id/startDay/endDay/calendar_color/selfAttendeeStatus,visible=1,startDay ASC, startMinute ASC, endDay ASC, endMinute ASC LIMIT 503,2830,,100]
04-07 09:20:01.820 I/content_query_sample(  340): [content://com.android.calendar/instances/when/1333704001113/1334481601113,allDay/begin/end/title/eventLocation/event_id/startDay/endDay/calendar_color/selfAttendeeStatus,visible=1,startDay ASC, startMinute ASC, endDay ASC, endMinute ASC LIMIT 503,632,,100]
04-07 09:20:01.820 I/content_query_sample(  340): [content://com.android.calendar/instances/when/1333703988212/1334481588212,allDay/begin/end/title/eventLocation/event_id/startDay/endDay/calendar_color/selfAttendeeStatus,visible=1,startDay ASC, startMinute ASC, endDay ASC, endMinute ASC LIMIT 503,5233,,100]
04-07 09:20:01.930 I/am_create_service(   89): [1100066832,com.android.providers.downloads/.DownloadService,,397]
04-07 09:20:01.940 I/notification_cancel_all(   89): [com.android.providers.downloads,0,64]
04-07 09:20:01.960 I/force_gc(   89): Binder
04-07 09:20:02.150 I/content_query_sample(   89): [content://telephony/carriers/preferapn,apn,,name ASC,228,,46]
04-07 09:20:02.180 I/content_query_sample(  397): [content://downloads/all_downloads,,,,194,,39]
04-07 09:20:02.200 I/content_query_sample(  358): [content://com.android.calendar/calendar_alerts,alarmTime,state=0 AND alarmTime<? AND alarmTime>? AND end>=?,alarmTime ASC,360,,73]
04-07 09:20:02.250 I/am_destroy_service(   89): [1100066832,com.android.providers.downloads/.DownloadService,397]
04-07 09:20:02.420 I/content_query_sample(  340): [content://com.android.calendar/instances/when/1333704001113/1334481601113,allDay/begin/end/title/eventLocation/event_id/startDay/endDay/calendar_color/selfAttendeeStatus,visible=1,startDay ASC, startMinute ASC, endDay ASC, endMinute ASC LIMIT 503,69,,14]
04-07 09:20:03.400 I/am_create_service(   89): [1103402712,com.android.providers.calendar/.CalendarProviderIntentService,act=com.android.providers.calendar.intent.CalendarProvider2,358]
04-07 09:20:03.490 I/am_destroy_service(   89): [1103402712,com.android.providers.calendar/.CalendarProviderIntentService,358]
04-07 09:20:04.440 I/notification_cancel(   89): [com.android.providers.contacts,1,NULL,0,64]
04-07 09:20:05.600 I/am_destroy_service(   89): [1096996184,com.android.providers.media/.MediaScannerService,397]
04-07 09:20:10.661 I/notification_cancel_all(   89): [com.android.email,0,0]
04-07 09:20:10.991 I/am_proc_start(   89): [514,10029,com.android.quicksearchbox,broadcast,com.android.quicksearchbox/.CorporaUpdateReceiver]
04-07 09:20:11.071 I/am_proc_bound(   89): [514,com.android.quicksearchbox]
04-07 09:21:03.961 I/am_create_task(   89): 4
04-07 09:21:03.961 I/am_create_activity(   89): [1102757264,4,com.android.launcher/com.android.launcher2.Launcher,android.intent.action.MAIN,NULL,NULL,270532608]
04-07 09:21:03.981 I/am_proc_start(   89): [528,10009,com.android.launcher,activity,com.android.launcher/com.android.launcher2.Launcher]
04-07 09:21:04.111 I/am_proc_bound(   89): [528,com.android.launcher]
04-07 09:21:04.142 I/am_restart_activity(   89): [1102757264,4,com.android.launcher/com.android.launcher2.Launcher]
04-07 09:21:04.810 I/binder_sample(  528): [com.android.internal.appwidget.IAppWidgetService,14,106,com.android.launcher,21]
04-07 09:21:05.200 I/binder_sample(  528): [android.content.pm.IPackageManager,12,364,com.android.launcher,72]
04-07 09:21:05.220 I/binder_sample(  226): [android.content.pm.IPackageManager,51,479,com.android.settings,95]
04-07 09:21:07.150 I/am_on_resume_called(  528): com.android.launcher2.Launcher
04-07 09:21:09.541 I/binder_sample(  187): [android.view.IWindowSession,4,24,com.android.systemui,4]
04-07 09:21:10.051 I/activity_launch_time(   89): [1102757264,com.android.launcher/com.android.launcher2.Launcher,6095,96911]
04-07 09:21:15.221 I/binder_sample(  528): [android.view.IWindowManager,68,16,com.android.launcher,3]
04-07 09:21:15.461 I/notification_cancel_all(   89): [com.android.settings,0,0]
04-07 09:21:15.890 I/binder_sample(  528): [android.app.IActivityManager,110,36,com.android.launcher,7]
04-07 09:21:15.930 I/binder_sample(  528): [android.app.IActivityManager,110,18,com.android.launcher,3]
04-07 09:21:16.480 I/binder_sample(  226): [android.app.IActivityManager,16,488,com.android.settings,97]
04-07 09:21:23.032 I/am_create_task(   89): 5
04-07 09:21:23.032 I/am_create_activity(   89): [1094578720,5,com.android.contacts/.activities.DialtactsActivity,android.intent.action.MAIN,NULL,NULL,270532608]
04-07 09:21:23.061 I/am_pause_activity(   89): [1102757264,com.android.launcher/com.android.launcher2.Launcher]
04-07 09:21:23.081 I/binder_sample(  528): [android.app.IActivityManager,3,55,com.android.launcher,11]
04-07 09:21:23.081 I/am_on_paused_called(  528): com.android.launcher2.Launcher
04-07 09:21:23.091 I/am_restart_activity(   89): [1094578720,5,com.android.contacts/.activities.DialtactsActivity]
04-07 09:21:23.461 I/binder_sample(  376): [android.view.IWindowManager,80,225,com.android.contacts,45]
04-07 09:21:24.591 I/am_on_resume_called(  376): com.android.contacts.activities.DialtactsActivity
04-07 09:21:25.231 I/notification_cancel(   89): [com.android.phone,1,NULL,0,64]
04-07 09:21:25.241 I/am_create_service(   89): [1102656512,com.android.contacts/.calllog.CallLogNotificationsService,act=com.android.contacts.calllog.UPDATE_NOTIFICATIONS,376]
04-07 09:21:25.711 I/notification_cancel(   89): [com.android.contacts,1,DefaultVoicemailNotifier,0,64]
04-07 09:21:25.711 I/am_destroy_service(   89): [1102656512,com.android.contacts/.calllog.CallLogNotificationsService,376]
04-07 09:21:26.131 I/activity_launch_time(   89): [1094578720,com.android.contacts/.activities.DialtactsActivity,3049,3049]
04-07 09:21:29.642 I/am_create_task(   89): 6
04-07 09:21:29.642 I/am_create_activity(   89): [1095168728,6,com.android.phone/.PrivilegedOutgoingCallBroadcaster,android.intent.action.CALL_PRIVILEGED,NULL,tel:1%2023,268435456]
04-07 09:21:29.642 I/am_pause_activity(   89): [1094578720,com.android.contacts/.activities.DialtactsActivity]
04-07 09:21:29.671 I/am_finish_activity(   89): [1094578720,5,com.android.contacts/.activities.DialtactsActivity,app-request]
04-07 09:21:29.681 I/am_on_paused_called(  376): com.android.contacts.activities.DialtactsActivity
04-07 09:21:29.731 I/am_restart_activity(   89): [1095168728,6,com.android.phone/.PrivilegedOutgoingCallBroadcaster]
04-07 09:21:31.141 I/am_on_resume_called(  215): com.android.phone.PrivilegedOutgoingCallBroadcaster
04-07 09:21:31.221 I/am_create_activity(   89): [1097183536,6,com.android.phone/.SipCallOptionHandler,com.android.phone.SIP_SELECT_PHONE,NULL,tel:1%2023,268435456]
04-07 09:21:31.221 I/am_pause_activity(   89): [1095168728,com.android.phone/.PrivilegedOutgoingCallBroadcaster]
04-07 09:21:31.231 I/am_finish_activity(   89): [1095168728,6,com.android.phone/.PrivilegedOutgoingCallBroadcaster,app-request]
04-07 09:21:31.231 I/am_on_paused_called(  215): com.android.phone.PrivilegedOutgoingCallBroadcaster
04-07 09:21:31.251 I/am_restart_activity(   89): [1097183536,6,com.android.phone/.SipCallOptionHandler]
04-07 09:21:31.411 I/am_create_task(   89): 7
04-07 09:21:31.411 I/am_create_activity(   89): [1102499744,7,com.android.phone/.InCallScreen,android.intent.action.MAIN,NULL,NULL,277086208]
04-07 09:21:31.421 I/am_pause_activity(   89): [1097183536,com.android.phone/.SipCallOptionHandler]
04-07 09:21:31.471 I/am_finish_activity(   89): [1097183536,6,com.android.phone/.SipCallOptionHandler,app-request]
04-07 09:21:31.511 I/am_restart_activity(   89): [1102499744,7,com.android.phone/.InCallScreen]
04-07 09:21:33.061 I/notification_cancel(   89): [com.android.phone,2,NULL,0,64]
04-07 09:21:33.151 I/phone_ui_enter(  215): []
04-07 09:21:33.181 I/am_on_resume_called(  215): com.android.phone.InCallScreen
04-07 09:21:33.301 I/notification_cancel(   89): [com.android.phone,2,NULL,0,64]
04-07 09:21:33.541 I/binder_sample(  187): [android.view.IWindowManager,77,10,com.android.systemui,2]
04-07 09:21:33.901 I/content_query_sample(  215): [content://com.android.contacts/phone_lookup/123,,,,773,,100]
04-07 09:21:33.972 I/activity_launch_time(   89): [1102499744,com.android.phone/.InCallScreen,2465,4283]
04-07 09:21:34.422 I/backup_data_changed(   89): com.android.providers.settings
04-07 09:21:35.001 I/am_destroy_activity(   89): [1094578720,5,com.android.contacts/.activities.DialtactsActivity,finish-imm]
04-07 09:21:35.011 I/am_destroy_activity(   89): [1095168728,6,com.android.phone/.PrivilegedOutgoingCallBroadcaster,finish-idle]
04-07 09:21:35.011 I/am_destroy_activity(   89): [1097183536,6,com.android.phone/.SipCallOptionHandler,finish-idle]
04-07 09:21:35.031 I/notification_cancel(   89): [com.android.phone,1,NULL,0,64]
04-07 09:21:35.041 I/am_create_service(   89): [1094554240,com.android.contacts/.calllog.CallLogNotificationsService,act=com.android.contacts.calllog.UPDATE_NOTIFICATIONS,376]
04-07 09:21:35.091 I/binder_sample(  376): [android.content.IBulkCursor,12,25,com.android.contacts,5]
04-07 09:21:35.120 I/binder_sample(  376): [android.content.IBulkCursor,12,26,com.android.contacts,5]
04-07 09:21:35.200 I/notification_cancel(   89): [com.android.contacts,1,DefaultVoicemailNotifier,0,64]
04-07 09:21:35.210 I/am_destroy_service(   89): [1094554240,com.android.contacts/.calllog.CallLogNotificationsService,376]
04-07 09:21:35.860 I/notification_cancel(   89): [com.android.phone,2,NULL,0,64]
04-07 09:21:39.730 I/am_create_task(   89): 8
04-07 09:21:39.730 I/am_create_activity(   89): [1102232464,8,com.android.contacts/.activities.DialtactsActivity,NULL,NULL,NULL,65536]
04-07 09:21:39.730 I/am_pause_activity(   89): [1102499744,com.android.phone/.InCallScreen]
04-07 09:21:39.760 I/phone_ui_exit(  215): []
04-07 09:21:39.770 I/notification_cancel(   89): [com.android.phone,2,NULL,0,64]
04-07 09:21:39.770 I/am_on_paused_called(  215): com.android.phone.InCallScreen
04-07 09:21:39.790 I/am_restart_activity(   89): [1102232464,8,com.android.contacts/.activities.DialtactsActivity]
04-07 09:21:40.050 I/am_on_resume_called(  376): com.android.contacts.activities.DialtactsActivity
04-07 09:21:40.471 I/binder_sample(  376): [android.view.IWindowSession,1,421,com.android.contacts,84]
04-07 09:21:40.561 I/binder_sample(  215): [android.app.IActivityManager,19,786,com.android.phone,100]
04-07 09:21:41.030 I/content_update_sample(  215): [content://call_log/calls,insert,,1766,,100]
04-07 09:21:41.990 I/content_update_sample(  215): [content://call_log/calls,delete,_id IN (SELECT _id FROM calls ORDER BY date DESC LIMIT -1 OFFSET 500),692,,100]
04-07 09:21:42.500 I/content_query_sample(  376): [content://call_log/calls,number,type = 2,date DESC LIMIT 1,417,,84]
04-07 09:21:42.530 I/content_query_sample(  376): [content://com.android.contacts/data/phones?directory=0&address_book_index_extras=true&remove_duplicate_entries=true,_id/data2/data3/data1/contact_id/lookup/photo_id/display_name,,sort_key,289,,58]
04-07 09:21:42.970 I/backup_data_changed(   89): com.android.providers.settings
04-07 09:21:43.000 I/content_update_sample(   89): [content://settings/system,insert,,39,,8]
04-07 09:21:43.261 I/screen_toggled(   89): 2
04-07 09:21:43.431 I/activity_launch_time(   89): [1102232464,com.android.contacts/.activities.DialtactsActivity,3658,3658]
04-07 09:21:43.770 I/binder_sample(  215): [android.view.IWindowSession,4,103,com.android.phone,20]
04-07 09:21:46.231 I/am_pause_activity(   89): [1102232464,com.android.contacts/.activities.DialtactsActivity]
04-07 09:21:46.241 I/am_on_paused_called(  376): com.android.contacts.activities.DialtactsActivity
04-07 09:21:46.251 I/am_task_to_front(   89): 4
04-07 09:21:46.251 I/am_new_intent(   89): [1102637632,4,com.android.launcher/com.android.launcher2.Launcher,android.intent.action.MAIN,NULL,NULL,274726912]
04-07 09:21:46.261 I/am_resume_activity(   89): [1102757264,4,com.android.launcher/com.android.launcher2.Launcher]
04-07 09:21:46.291 I/am_on_resume_called(  528): com.android.launcher2.Launcher
04-07 09:21:47.211 I/binder_sample(  376): [com.android.internal.view.IInputMethodManager,8,353,com.android.contacts,70]
04-07 09:21:47.321 I/notification_cancel(   89): [com.android.phone,1,NULL,0,64]
04-07 09:21:47.401 I/am_create_service(   89): [1093548520,com.android.contacts/.calllog.CallLogNotificationsService,act=com.android.contacts.calllog.UPDATE_NOTIFICATIONS,376]
04-07 09:21:47.491 I/content_update_sample(  376): [content://call_log/calls?allow_voicemails=true,update,new = 1,176,,36]
04-07 09:21:47.581 I/content_query_sample(  376): [content://call_log/calls?allow_voicemails=true,_id/number/date/duration/type/countryiso/voicemail_uri/geocoded_location/name/numbertype/numberlabel/lookup_uri/matched_number/normalized_number/photo_id/formatted_number/is_read,NOT (is_read IS NOT NULL AND is_read = 0 AND date > ?),date DESC,21,,5]
04-07 09:21:47.711 I/notification_cancel(   89): [com.android.contacts,1,DefaultVoicemailNotifier,0,64]
04-07 09:21:47.761 I/am_destroy_service(   89): [1093548520,com.android.contacts/.calllog.CallLogNotificationsService,376]
