04-07 09:19:58.571 D/GSM     (  215): [GsmDC-1] onSetupConnectionCompleted received DataCallState: DataCallState: {version=6 status=0 retry=-1 cid=1 active=1 type=IP' ifname='eth0' addresses=[10.0.2.15] dnses=[10.0.2.3,10.0.2.4] gateways=[10.0.2.2]}
04-07 09:19:58.571 D/GSM     (  215): addr/pl=10.0.2.15/32
04-07 09:19:58.571 D/GSM     (  215): [GsmDC-1] updateLinkProperty old != new
04-07 09:19:58.571 D/GSM     (  215): [GsmDC-1] DcActivatingState onSetupConnectionCompleted result=SUCCESS  SetupResult.mFailCause=NONE
04-07 09:19:58.571 D/GSM     (  215): [GsmDC-1] notifyConnectionCompleted at 1333790398577 cause=NONE
04-07 09:19:58.571 D/GSM     (  215): [GsmDCT] setupData: initing!
04-07 09:19:58.571 D/GSM     (  215): [GsmDCT] notifyOffApnOfAvailability type:fota
04-07 09:19:58.571 D/GSM     (  215): [GsmDCT] isDataPossible(fota): possible=true isDataAllowed=true apnTypePossible=true apnContextisEnabled=false apnContextState()=IDLE
04-07 09:19:58.571 D/GSM     (  215): [GsmDCT] get active apn string for type:fota
04-07 09:19:58.591 D/GSM     (  215): [GsmDCT] notifyOffApnOfAvailability type:supl
04-07 09:19:58.591 D/GSM     (  215): [GsmDCT] isDataPossible(supl): possible=true isDataAllowed=true apnTypePossible=true apnContextisEnabled=false apnContextState()=IDLE
04-07 09:19:58.591 D/GSM     (  215): [GsmDCT] get active apn string for type:supl
04-07 09:19:58.611 D/GSM     (  215): [GsmDCT] notifyOffApnOfAvailability type:hipri
04-07 09:19:58.611 D/GSM     (  215): [GsmDCT] isDataPossible(hipri): possible=true isDataAllowed=true apnTypePossible=true apnContextisEnabled=false apnContextState()=IDLE
04-07 09:19:58.611 D/GSM     (  215): [GsmDCT] get active apn string for type:hipri
04-07 09:19:58.621 D/GSM     (  215): [GsmDCT] notifyOffApnOfAvailability type:ims
04-07 09:19:58.621 D/GSM     (  215): [GsmDCT] isDataPossible(ims): possible=true isDataAllowed=true apnTypePossible=true apnContextisEnabled=false apnContextState()=IDLE
04-07 09:19:58.621 D/GSM     (  215): [GsmDCT] get active apn string for type:ims
04-07 09:19:58.641 D/GSM     (  215): [GsmDCT] notifyOffApnsOfAvailability skipped apn due to isReady==false: state=INITING apnType=default
04-07 09:19:58.641 D/GSM     (  215): [GsmDCT] notifyOffApnOfAvailability type:mms
04-07 09:19:58.641 D/GSM     (  215): [GsmDCT] isDataPossible(mms): possible=true isDataAllowed=true apnTypePossible=true apnContextisEnabled=false apnContextState()=IDLE
04-07 09:19:58.641 D/GSM     (  215): [GsmDCT] get active apn string for type:mms
04-07 09:19:58.661 D/GSM     (  215): [GsmDCT] notifyOffApnOfAvailability type:cbs
04-07 09:19:58.661 D/GSM     (  215): [GsmDCT] isDataPossible(cbs): possible=true isDataAllowed=true apnTypePossible=true apnContextisEnabled=false apnContextState()=IDLE
04-07 09:19:58.661 D/GSM     (  215): [GsmDCT] get active apn string for type:cbs
04-07 09:19:58.671 D/GSM     (  215): [GsmDCT] handleMessage msg={ what=270336 when=-101ms arg1=1 obj=android.os.AsyncResult@4136b540 }
04-07 09:19:58.671 D/GSM     (  215): [GsmDCT] isDataSetupCompleteOk return true
04-07 09:19:58.671 D/GSM     (  215): [GsmDCT] onDataSetupComplete: success apn=internet
04-07 09:19:58.690 D/GSM     (  215): [GsmDCT] notifyDefaultData: type=default, reason:apnChanged
04-07 09:19:58.690 D/GSM     (  215): [ApnContext] setState: CONNECTED for type default, previous state:INITING
04-07 09:19:58.690 D/GSM     (  215): [GsmDCT] return link properites for default
04-07 09:19:58.690 D/GSM     (  215): [GsmDCT] get active pdp is not null, return link Capabilities for default
04-07 09:19:58.700 D/GSM     (  215): [GsmDCT] isDataPossible(default): possible=true isDataAllowed=true apnTypePossible=true apnContextisEnabled=true apnContextState()=CONNECTED
04-07 09:19:58.700 D/GSM     (  215): [GsmDCT] get active apn string for type:default
04-07 09:19:58.761 D/GSM     (  215): [GsmDCT] overall state is CONNECTED
04-07 09:19:58.761 D/GSM     (  215): [GsmDCT] startNetStatPoll
04-07 09:19:58.771 D/GSM     (  215): [GsmDCT] startDataStallAlarm: tag=78512 delay=360s
04-07 09:19:58.931 D/GSM     (  215): [GsmDCT] handleMessage msg={ what=270368 when=-13ms arg1=1 }
04-07 09:20:05.755 D/RILJ    (  215): [0063]> SIGNAL_STRENGTH
04-07 09:20:05.760 D/RIL     (   35): onRequest: SIGNAL_STRENGTH
04-07 09:20:05.760 D/AT      (   35): AT> AT+CSQ
04-07 09:20:05.760 D/AT      (   35): AT< +CSQ: 7,99
04-07 09:20:05.760 D/AT      (   35): AT< OK
04-07 09:20:05.760 E/RILC    (   35): invalid response length
04-07 09:20:05.760 D/RILJ    (  215): [0063]< SIGNAL_STRENGTH error: com.android.internal.telephony.CommandException: INVALID_RESPONSE
04-07 09:20:05.760 D/RILB    (  215): getLteOnCdmaMode=0 curVal=-1 product_type='' lteOnCdmaProductType=''
04-07 09:20:05.760 D/RILB    (  215): getLteOnCdmaMode=0 curVal=-1 product_type='' lteOnCdmaProductType=''
04-07 09:20:25.832 D/RILJ    (  215): [0064]> SIGNAL_STRENGTH
04-07 09:20:25.840 D/RIL     (   35): onRequest: SIGNAL_STRENGTH
04-07 09:20:25.840 D/AT      (   35): AT> AT+CSQ
04-07 09:20:25.840 D/AT      (   35): AT< +CSQ: 7,99
04-07 09:20:25.840 D/AT      (   35): AT< OK
04-07 09:20:25.840 E/RILC    (   35): invalid response length
04-07 09:20:25.840 D/RILJ    (  215): [0064]< SIGNAL_STRENGTH error: com.android.internal.telephony.CommandException: INVALID_RESPONSE
04-07 09:20:25.840 D/RILB    (  215): getLteOnCdmaMode=0 curVal=-1 product_type='' lteOnCdmaProductType=''
04-07 09:20:25.851 D/RILB    (  215): getLteOnCdmaMode=0 curVal=-1 product_type='' lteOnCdmaProductType=''
04-07 09:20:45.880 D/RILJ    (  215): [0065]> SIGNAL_STRENGTH
04-07 09:20:45.880 D/RIL     (   35): onRequest: SIGNAL_STRENGTH
04-07 09:20:45.880 D/AT      (   35): AT> AT+CSQ
04-07 09:20:45.880 D/AT      (   35): AT< +CSQ: 7,99
04-07 09:20:45.880 D/AT      (   35): AT< OK
04-07 09:20:45.880 E/RILC    (   35): invalid response length
04-07 09:20:45.880 D/RILJ    (  215): [0065]< SIGNAL_STRENGTH error: com.android.internal.telephony.CommandException: INVALID_RESPONSE
04-07 09:20:45.880 D/RILB    (  215): getLteOnCdmaMode=0 curVal=-1 product_type='' lteOnCdmaProductType=''
04-07 09:20:45.880 D/RILB    (  215): getLteOnCdmaMode=0 curVal=-1 product_type='' lteOnCdmaProductType=''
04-07 09:21:05.891 D/RILJ    (  215): [0066]> SIGNAL_STRENGTH
04-07 09:21:05.891 D/RIL     (   35): onRequest: SIGNAL_STRENGTH
04-07 09:21:05.891 D/AT      (   35): AT> AT+CSQ
04-07 09:21:05.891 D/AT      (   35): AT< +CSQ: 7,99
04-07 09:21:05.891 D/AT      (   35): AT< OK
04-07 09:21:05.891 E/RILC    (   35): invalid response length
04-07 09:21:05.891 D/RILJ    (  215): [0066]< SIGNAL_STRENGTH error: com.android.internal.telephony.CommandException: INVALID_RESPONSE
04-07 09:21:05.891 D/RILB    (  215): getLteOnCdmaMode=0 curVal=-1 product_type='' lteOnCdmaProductType=''
04-07 09:21:05.891 D/RILB    (  215): getLteOnCdmaMode=0 curVal=-1 product_type='' lteOnCdmaProductType=''
04-07 09:21:25.901 D/RILJ    (  215): [0067]> SIGNAL_STRENGTH
04-07 09:21:25.901 D/RIL     (   35): onRequest: SIGNAL_STRENGTH
04-07 09:21:25.901 D/AT      (   35): AT> AT+CSQ
04-07 09:21:25.901 D/AT      (   35): AT< +CSQ: 7,99
04-07 09:21:25.901 D/AT      (   35): AT< OK
04-07 09:21:25.901 E/RILC    (   35): invalid response length
04-07 09:21:25.901 D/RILJ    (  215): [0067]< SIGNAL_STRENGTH error: com.android.internal.telephony.CommandException: INVALID_RESPONSE
04-07 09:21:25.901 D/RILB    (  215): getLteOnCdmaMode=0 curVal=-1 product_type='' lteOnCdmaProductType=''
04-07 09:21:25.901 D/RILB    (  215): getLteOnCdmaMode=0 curVal=-1 product_type='' lteOnCdmaProductType=''
04-07 09:21:31.321 D/GSM     (  215): isTwoDigitShortCode
04-07 09:21:31.331 D/GSM     (  215): dialing w/ mmi 'null'...
04-07 09:21:31.341 D/GSM     (  215): [GSMConn] acquireWakeLock
04-07 09:21:31.341 D/RILJ    (  215): [0068]> SET_MUTE false
04-07 09:21:31.351 D/RIL     (   35): onRequest: SET_MUTE
04-07 09:21:31.351 D/RILJ    (  215): [0068]< SET_MUTE error: com.android.internal.telephony.CommandException: REQUEST_NOT_SUPPORTED
04-07 09:21:31.351 D/RILJ    (  215): [0069]> DIAL
04-07 09:21:31.351 D/RIL     (   35): onRequest: DIAL
04-07 09:21:31.351 D/AT      (   35): AT> ATD123;
04-07 09:21:31.351 D/AT      (   35): AT< OK
04-07 09:21:31.351 D/RILJ    (  215): [0069]< DIAL 
04-07 09:21:31.471 D/RILJ    (  215): [0070]> GET_CURRENT_CALLS
04-07 09:21:31.491 D/RIL     (   35): onRequest: GET_CURRENT_CALLS
04-07 09:21:31.491 D/AT      (   35): AT> AT+CLCC
04-07 09:21:31.491 D/AT      (   35): AT< +CLCC: 1,0,2,0,0,"123",129
04-07 09:21:31.491 D/AT      (   35): AT< OK
04-07 09:21:31.491 V/RILJ    (  215): Incoming UUS : NOT present!
04-07 09:21:31.501 D/RILJ    (  215): InCall VoicePrivacy is disabled
04-07 09:21:31.501 D/RILJ    (  215): [0070]< GET_CURRENT_CALLS  [id=1,DIALING,toa=129,norm,mo,0,voc,noevp,,cli=1,,0] 
04-07 09:21:31.501 D/GSM     (  215): [GsmDCT] handleMessage msg={ what=270343 when=-142ms obj=android.os.AsyncResult@412ac348 }
04-07 09:21:31.501 D/GSM     (  215): [GsmDCT] onVoiceCallStarted
04-07 09:21:31.601 D/RILJ    (  215): [0071]> SET_MUTE false
04-07 09:21:31.671 D/RIL     (   35): onRequest: SET_MUTE
04-07 09:21:31.681 D/RILJ    (  215): [0071]< SET_MUTE error: com.android.internal.telephony.CommandException: REQUEST_NOT_SUPPORTED
04-07 09:21:31.681 D/GSM     (  215): [GSMConn] update: parent=DIALING, hasNewParent=false, wasConnectingInOrOut=true, wasHolding=false, isConnectingInOrOut=true, changed=false
04-07 09:21:31.751 D/RILJ    (  215): [0072]> SET_MUTE false
04-07 09:21:31.771 D/RIL     (   35): onRequest: SET_MUTE
04-07 09:21:31.771 D/RILJ    (  215): [0072]< SET_MUTE error: com.android.internal.telephony.CommandException: REQUEST_NOT_SUPPORTED
04-07 09:21:32.001 D/RILJ    (  215): [UNSL]< UNSOL_RESPONSE_CALL_STATE_CHANGED
04-07 09:21:32.351 D/AT      (   35): AT< RING
04-07 09:21:32.381 D/RILJ    (  215): [UNSL]< UNSOL_RESPONSE_CALL_STATE_CHANGED
04-07 09:21:33.122 D/PHONE   (  215): VM: PhoneSubInfo.getVoiceMailNUmber: 
04-07 09:21:33.281 D/RILJ    (  215): [0073]> GET_CURRENT_CALLS
04-07 09:21:33.281 D/RIL     (   35): onRequest: GET_CURRENT_CALLS
04-07 09:21:33.281 D/AT      (   35): AT> AT+CLCC
04-07 09:21:33.281 D/AT      (   35): AT< +CLCC: 1,0,3,0,0,"123",129
04-07 09:21:33.281 D/AT      (   35): AT< OK
04-07 09:21:33.281 V/RILJ    (  215): Incoming UUS : NOT present!
04-07 09:21:33.281 D/RILJ    (  215): InCall VoicePrivacy is disabled
04-07 09:21:33.281 D/RILJ    (  215): [0073]< GET_CURRENT_CALLS  [id=1,ALERTING,toa=129,norm,mo,0,voc,noevp,,cli=1,,0] 
04-07 09:21:33.292 D/RILJ    (  215): [0074]> GET_CURRENT_CALLS
04-07 09:21:33.301 D/RIL     (   35): onRequest: GET_CURRENT_CALLS
04-07 09:21:33.301 D/AT      (   35): AT> AT+CLCC
04-07 09:21:33.301 D/AT      (   35): AT< +CLCC: 1,0,3,0,0,"123",129
04-07 09:21:33.301 D/AT      (   35): AT< OK
04-07 09:21:33.301 V/RILJ    (  215): Incoming UUS : NOT present!
04-07 09:21:33.301 D/RILJ    (  215): InCall VoicePrivacy is disabled
04-07 09:21:33.301 D/RILJ    (  215): [0074]< GET_CURRENT_CALLS  [id=1,ALERTING,toa=129,norm,mo,0,voc,noevp,,cli=1,,0] 
04-07 09:21:33.351 D/AT      (   35): AT< RING
04-07 09:21:33.361 D/RILJ    (  215): [UNSL]< UNSOL_RESPONSE_CALL_STATE_CHANGED
04-07 09:21:33.601 D/RILJ    (  215): [0075]> SET_MUTE false
04-07 09:21:33.621 D/RIL     (   35): onRequest: SET_MUTE
04-07 09:21:33.621 D/RILJ    (  215): [0075]< SET_MUTE error: com.android.internal.telephony.CommandException: REQUEST_NOT_SUPPORTED
04-07 09:21:33.621 D/GSM     (  215): [GSMConn] update: parent=ALERTING, hasNewParent=false, wasConnectingInOrOut=true, wasHolding=false, isConnectingInOrOut=true, changed=true
04-07 09:21:33.651 D/RILJ    (  215): [0076]> SET_MUTE false
04-07 09:21:33.651 D/RIL     (   35): onRequest: SET_MUTE
04-07 09:21:33.651 D/RILJ    (  215): [0076]< SET_MUTE error: com.android.internal.telephony.CommandException: REQUEST_NOT_SUPPORTED
04-07 09:21:33.681 D/RILJ    (  215): [0077]> GET_CURRENT_CALLS
04-07 09:21:33.681 D/RIL     (   35): onRequest: GET_CURRENT_CALLS
04-07 09:21:33.681 D/AT      (   35): AT> AT+CLCC
04-07 09:21:33.681 D/AT      (   35): AT< +CLCC: 1,0,0,0,0,"123",129
04-07 09:21:33.681 D/AT      (   35): AT< OK
04-07 09:21:33.691 V/RILJ    (  215): Incoming UUS : NOT present!
04-07 09:21:33.691 D/RILJ    (  215): InCall VoicePrivacy is disabled
04-07 09:21:33.691 D/RILJ    (  215): [0077]< GET_CURRENT_CALLS  [id=1,ACTIVE,toa=129,norm,mo,0,voc,noevp,,cli=1,,0] 
04-07 09:21:33.781 D/RILJ    (  215): [UNSL]< UNSOL_RESPONSE_CALL_STATE_CHANGED
04-07 09:21:33.802 D/RILJ    (  215): [UNSL]< UNSOL_RESPONSE_CALL_STATE_CHANGED
04-07 09:21:34.121 D/GSM     (  215): [GSMConn] update: parent=ACTIVE, hasNewParent=false, wasConnectingInOrOut=true, wasHolding=false, isConnectingInOrOut=false, changed=true
04-07 09:21:34.121 D/GSM     (  215): [GSMConn] onConnectedInOrOut: connectTime=1333790494124
04-07 09:21:34.201 D/GSM     (  215): [GSMConn] releaseWakeLock
04-07 09:21:34.201 D/RILJ    (  215): [0078]> GET_CURRENT_CALLS
04-07 09:21:34.212 D/RIL     (   35): onRequest: GET_CURRENT_CALLS
04-07 09:21:34.212 D/AT      (   35): AT> AT+CLCC
04-07 09:21:34.212 D/AT      (   35): AT< +CLCC: 1,0,0,0,0,"123",129
04-07 09:21:34.212 D/AT      (   35): AT< OK
04-07 09:21:34.212 V/RILJ    (  215): Incoming UUS : NOT present!
04-07 09:21:34.212 D/RILJ    (  215): InCall VoicePrivacy is disabled
04-07 09:21:34.212 D/RILJ    (  215): [0078]< GET_CURRENT_CALLS  [id=1,ACTIVE,toa=129,norm,mo,0,voc,noevp,,cli=1,,0] 
04-07 09:21:34.212 D/RILJ    (  215): [0079]> GET_CURRENT_CALLS
04-07 09:21:34.221 D/RIL     (   35): onRequest: GET_CURRENT_CALLS
04-07 09:21:34.221 D/AT      (   35): AT> AT+CLCC
04-07 09:21:34.221 D/AT      (   35): AT< +CLCC: 1,0,0,0,0,"123",129
04-07 09:21:34.221 D/AT      (   35): AT< OK
04-07 09:21:34.221 V/RILJ    (  215): Incoming UUS : NOT present!
04-07 09:21:34.221 D/RILJ    (  215): InCall VoicePrivacy is disabled
04-07 09:21:34.221 D/RILJ    (  215): [0079]< GET_CURRENT_CALLS  [id=1,ACTIVE,toa=129,norm,mo,0,voc,noevp,,cli=1,,0] 
04-07 09:21:34.491 D/RILJ    (  215): [0080]> SET_MUTE false
04-07 09:21:34.541 D/RIL     (   35): onRequest: SET_MUTE
04-07 09:21:34.541 D/RILJ    (  215): [0080]< SET_MUTE error: com.android.internal.telephony.CommandException: REQUEST_NOT_SUPPORTED
04-07 09:21:34.711 D/GSM     (  215): [GSMConn] update: parent=ACTIVE, hasNewParent=false, wasConnectingInOrOut=false, wasHolding=false, isConnectingInOrOut=false, changed=false
04-07 09:21:34.801 D/RILJ    (  215): [0081]> SET_MUTE false
04-07 09:21:34.801 D/RIL     (   35): onRequest: SET_MUTE
04-07 09:21:34.801 D/RILJ    (  215): [0081]< SET_MUTE error: com.android.internal.telephony.CommandException: REQUEST_NOT_SUPPORTED
04-07 09:21:38.950 D/GSM     (  215): [GsmCallTracker] hangupForegroundResumeBackground
04-07 09:21:38.950 D/RILJ    (  215): [0082]> HANGUP_FOREGROUND_RESUME_BACKGROUND
04-07 09:21:38.950 D/RIL     (   35): onRequest: HANGUP_FOREGROUND_RESUME_BACKGROUND
04-07 09:21:38.950 D/AT      (   35): AT> AT+CHLD=1
04-07 09:21:38.950 D/AT      (   35): AT< OK
04-07 09:21:38.950 D/RILJ    (  215): [0082]< HANGUP_FOREGROUND_RESUME_BACKGROUND 
04-07 09:21:39.010 D/RILJ    (  215): [0083]> GET_CURRENT_CALLS
04-07 09:21:39.010 D/RIL     (   35): onRequest: GET_CURRENT_CALLS
04-07 09:21:39.010 D/AT      (   35): AT> AT+CLCC
04-07 09:21:39.010 D/AT      (   35): AT< OK
04-07 09:21:39.010 D/RILJ    (  215): [0083]< GET_CURRENT_CALLS  
04-07 09:21:39.060 D/RILJ    (  215): [0084]> SET_MUTE false
04-07 09:21:39.080 D/RIL     (   35): onRequest: SET_MUTE
04-07 09:21:39.080 D/RILJ    (  215): [0084]< SET_MUTE error: com.android.internal.telephony.CommandException: REQUEST_NOT_SUPPORTED
04-07 09:21:39.150 D/GSM     (  215): [GsmDCT] handleMessage msg={ what=270344 when=-133ms obj=android.os.AsyncResult@415bdc58 }
04-07 09:21:39.150 D/GSM     (  215): [GsmDCT] onVoiceCallEnded
04-07 09:21:40.561 D/RILJ    (  215): [0085]> SET_MUTE false
04-07 09:21:40.571 D/RIL     (   35): onRequest: SET_MUTE
04-07 09:21:40.571 D/RILJ    (  215): [0085]< SET_MUTE error: com.android.internal.telephony.CommandException: REQUEST_NOT_SUPPORTED
04-07 09:21:42.240 D/PHONE   (  215): VM: PhoneSubInfo.getVoiceMailNUmber: 
04-07 09:21:42.260 D/PHONE   (  215): VM: PhoneSubInfo.getVoiceMailNUmber: 
04-07 09:21:42.260 D/PHONE   (  215): VM: PhoneSubInfo.getVoiceMailNUmber: 
04-07 09:21:44.120 D/PHONE   (  215): VM: PhoneSubInfo.getVoiceMailNUmber: 
04-07 09:21:44.130 D/PHONE   (  215): VM: PhoneSubInfo.getVoiceMailNUmber: 
04-07 09:21:44.130 D/PHONE   (  215): VM: PhoneSubInfo.getVoiceMailNUmber: 
04-07 09:21:44.160 D/PHONE   (  215): VM: PhoneSubInfo.getVoiceMailNUmber: 
04-07 09:21:44.160 D/PHONE   (  215): VM: PhoneSubInfo.getVoiceMailNUmber: 
04-07 09:21:44.170 D/PHONE   (  215): VM: PhoneSubInfo.getVoiceMailNUmber: 
04-07 09:21:45.968 D/RILJ    (  215): [0086]> SIGNAL_STRENGTH
04-07 09:21:45.971 D/RIL     (   35): onRequest: SIGNAL_STRENGTH
04-07 09:21:45.971 D/AT      (   35): AT> AT+CSQ
04-07 09:21:45.971 D/AT      (   35): AT< +CSQ: 7,99
04-07 09:21:45.971 D/AT      (   35): AT< OK
04-07 09:21:45.971 E/RILC    (   35): invalid response length
04-07 09:21:45.971 D/RILJ    (  215): [0086]< SIGNAL_STRENGTH error: com.android.internal.telephony.CommandException: INVALID_RESPONSE
04-07 09:21:45.971 D/RILB    (  215): getLteOnCdmaMode=0 curVal=-1 product_type='' lteOnCdmaProductType=''
04-07 09:21:45.971 D/RILB    (  215): getLteOnCdmaMode=0 curVal=-1 product_type='' lteOnCdmaProductType=''
04-07 09:22:05.990 D/RILJ    (  215): [0087]> SIGNAL_STRENGTH
04-07 09:22:05.990 D/RIL     (   35): onRequest: SIGNAL_STRENGTH
04-07 09:22:05.990 D/AT      (   35): AT> AT+CSQ
04-07 09:22:05.990 D/AT      (   35): AT< +CSQ: 7,99
04-07 09:22:05.990 D/AT      (   35): AT< OK
04-07 09:22:05.990 E/RILC    (   35): invalid response length
04-07 09:22:05.990 D/RILJ    (  215): [0087]< SIGNAL_STRENGTH error: com.android.internal.telephony.CommandException: INVALID_RESPONSE
04-07 09:22:06.000 D/RILB    (  215): getLteOnCdmaMode=0 curVal=-1 product_type='' lteOnCdmaProductType=''
04-07 09:22:06.000 D/RILB    (  215): getLteOnCdmaMode=0 curVal=-1 product_type='' lteOnCdmaProductType=''
04-07 09:22:26.045 D/RILJ    (  215): [0088]> SIGNAL_STRENGTH
04-07 09:22:26.050 D/RIL     (   35): onRequest: SIGNAL_STRENGTH
04-07 09:22:26.050 D/AT      (   35): AT> AT+CSQ
04-07 09:22:26.050 D/AT      (   35): AT< +CSQ: 7,99
04-07 09:22:26.050 D/AT      (   35): AT< OK
04-07 09:22:26.050 E/RILC    (   35): invalid response length
04-07 09:22:26.050 D/RILJ    (  215): [0088]< SIGNAL_STRENGTH error: com.android.internal.telephony.CommandException: INVALID_RESPONSE
04-07 09:22:26.050 D/RILB    (  215): getLteOnCdmaMode=0 curVal=-1 product_type='' lteOnCdmaProductType=''
04-07 09:22:26.050 D/RILB    (  215): getLteOnCdmaMode=0 curVal=-1 product_type='' lteOnCdmaProductType=''
04-07 09:22:46.114 D/RILJ    (  215): [0089]> SIGNAL_STRENGTH
04-07 09:22:46.114 D/RIL     (   35): onRequest: SIGNAL_STRENGTH
04-07 09:22:46.114 D/AT      (   35): AT> AT+CSQ
04-07 09:22:46.114 D/AT      (   35): AT< +CSQ: 7,99
04-07 09:22:46.114 D/AT      (   35): AT< OK
04-07 09:22:46.121 E/RILC    (   35): invalid response length
04-07 09:22:46.121 D/RILJ    (  215): [0089]< SIGNAL_STRENGTH error: com.android.internal.telephony.CommandException: INVALID_RESPONSE
04-07 09:22:46.121 D/RILB    (  215): getLteOnCdmaMode=0 curVal=-1 product_type='' lteOnCdmaProductType=''
04-07 09:22:46.121 D/RILB    (  215): getLteOnCdmaMode=0 curVal=-1 product_type='' lteOnCdmaProductType=''
04-07 09:23:06.157 D/RILJ    (  215): [0090]> SIGNAL_STRENGTH
04-07 09:23:06.161 D/RIL     (   35): onRequest: SIGNAL_STRENGTH
04-07 09:23:06.161 D/AT      (   35): AT> AT+CSQ
04-07 09:23:06.161 D/AT      (   35): AT< +CSQ: 7,99
04-07 09:23:06.161 D/AT      (   35): AT< OK
04-07 09:23:06.161 E/RILC    (   35): invalid response length
04-07 09:23:06.161 D/RILJ    (  215): [0090]< SIGNAL_STRENGTH error: com.android.internal.telephony.CommandException: INVALID_RESPONSE
04-07 09:23:06.161 D/RILB    (  215): getLteOnCdmaMode=0 curVal=-1 product_type='' lteOnCdmaProductType=''
04-07 09:23:06.161 D/RILB    (  215): getLteOnCdmaMode=0 curVal=-1 product_type='' lteOnCdmaProductType=''
04-07 09:23:26.225 D/RILJ    (  215): [0091]> SIGNAL_STRENGTH
04-07 09:23:26.231 D/RIL     (   35): onRequest: SIGNAL_STRENGTH
04-07 09:23:26.231 D/AT      (   35): AT> AT+CSQ
04-07 09:23:26.231 D/AT      (   35): AT< +CSQ: 7,99
04-07 09:23:26.231 D/AT      (   35): AT< OK
04-07 09:23:26.231 E/RILC    (   35): invalid response length
04-07 09:23:26.231 D/RILJ    (  215): [0091]< SIGNAL_STRENGTH error: com.android.internal.telephony.CommandException: INVALID_RESPONSE
04-07 09:23:26.231 D/RILB    (  215): getLteOnCdmaMode=0 curVal=-1 product_type='' lteOnCdmaProductType=''
04-07 09:23:26.231 D/RILB    (  215): getLteOnCdmaMode=0 curVal=-1 product_type='' lteOnCdmaProductType=''
04-07 09:23:46.264 D/RILJ    (  215): [0092]> SIGNAL_STRENGTH
04-07 09:23:46.271 D/RIL     (   35): onRequest: SIGNAL_STRENGTH
04-07 09:23:46.271 D/AT      (   35): AT> AT+CSQ
04-07 09:23:46.271 D/AT      (   35): AT< +CSQ: 7,99
04-07 09:23:46.271 D/AT      (   35): AT< OK
04-07 09:23:46.271 E/RILC    (   35): invalid response length
04-07 09:23:46.271 D/RILJ    (  215): [0092]< SIGNAL_STRENGTH error: com.android.internal.telephony.CommandException: INVALID_RESPONSE
04-07 09:23:46.271 D/RILB    (  215): getLteOnCdmaMode=0 curVal=-1 product_type='' lteOnCdmaProductType=''
04-07 09:23:46.271 D/RILB    (  215): getLteOnCdmaMode=0 curVal=-1 product_type='' lteOnCdmaProductType=''
04-07 09:24:06.311 D/RILJ    (  215): [0093]> SIGNAL_STRENGTH
04-07 09:24:06.311 D/RIL     (   35): onRequest: SIGNAL_STRENGTH
04-07 09:24:06.311 D/AT      (   35): AT> AT+CSQ
04-07 09:24:06.311 D/AT      (   35): AT< +CSQ: 7,99
04-07 09:24:06.311 D/AT      (   35): AT< OK
04-07 09:24:06.311 E/RILC    (   35): invalid response length
04-07 09:24:06.311 D/RILJ    (  215): [0093]< SIGNAL_STRENGTH error: com.android.internal.telephony.CommandException: INVALID_RESPONSE
04-07 09:24:06.321 D/RILB    (  215): getLteOnCdmaMode=0 curVal=-1 product_type='' lteOnCdmaProductType=''
04-07 09:24:06.321 D/RILB    (  215): getLteOnCdmaMode=0 curVal=-1 product_type='' lteOnCdmaProductType=''
04-07 09:24:26.374 D/RILJ    (  215): [0094]> SIGNAL_STRENGTH
04-07 09:24:26.380 D/RIL     (   35): onRequest: SIGNAL_STRENGTH
04-07 09:24:26.380 D/AT      (   35): AT> AT+CSQ
04-07 09:24:26.380 D/AT      (   35): AT< +CSQ: 7,99
04-07 09:24:26.380 D/AT      (   35): AT< OK
04-07 09:24:26.380 E/RILC    (   35): invalid response length
04-07 09:24:26.380 D/RILJ    (  215): [0094]< SIGNAL_STRENGTH error: com.android.internal.telephony.CommandException: INVALID_RESPONSE
04-07 09:24:26.380 D/RILB    (  215): getLteOnCdmaMode=0 curVal=-1 product_type='' lteOnCdmaProductType=''
04-07 09:24:26.380 D/RILB    (  215): getLteOnCdmaMode=0 curVal=-1 product_type='' lteOnCdmaProductType=''
04-07 09:24:46.424 D/RILJ    (  215): [0095]> SIGNAL_STRENGTH
04-07 09:24:46.424 D/RIL     (   35): onRequest: SIGNAL_STRENGTH
04-07 09:24:46.424 D/AT      (   35): AT> AT+CSQ
04-07 09:24:46.424 D/AT      (   35): AT< +CSQ: 7,99
04-07 09:24:46.424 D/AT      (   35): AT< OK
04-07 09:24:46.431 E/RILC    (   35): invalid response length
04-07 09:24:46.431 D/RILJ    (  215): [0095]< SIGNAL_STRENGTH error: com.android.internal.telephony.CommandException: INVALID_RESPONSE
04-07 09:24:46.431 D/RILB    (  215): getLteOnCdmaMode=0 curVal=-1 product_type='' lteOnCdmaProductType=''
04-07 09:24:46.431 D/RILB    (  215): getLteOnCdmaMode=0 curVal=-1 product_type='' lteOnCdmaProductType=''
04-07 09:25:06.457 D/RILJ    (  215): [0096]> SIGNAL_STRENGTH
04-07 09:25:06.461 D/RIL     (   35): onRequest: SIGNAL_STRENGTH
04-07 09:25:06.461 D/AT      (   35): AT> AT+CSQ
04-07 09:25:06.461 D/AT      (   35): AT< +CSQ: 7,99
04-07 09:25:06.461 D/AT      (   35): AT< OK
04-07 09:25:06.461 E/RILC    (   35): invalid response length
04-07 09:25:06.461 D/RILJ    (  215): [0096]< SIGNAL_STRENGTH error: com.android.internal.telephony.CommandException: INVALID_RESPONSE
04-07 09:25:06.461 D/RILB    (  215): getLteOnCdmaMode=0 curVal=-1 product_type='' lteOnCdmaProductType=''
04-07 09:25:06.461 D/RILB    (  215): getLteOnCdmaMode=0 curVal=-1 product_type='' lteOnCdmaProductType=''
04-07 09:25:26.481 D/RILJ    (  215): [0097]> SIGNAL_STRENGTH
04-07 09:25:26.481 D/RIL     (   35): onRequest: SIGNAL_STRENGTH
04-07 09:25:26.481 D/AT      (   35): AT> AT+CSQ
04-07 09:25:26.481 D/AT      (   35): AT< +CSQ: 7,99
04-07 09:25:26.481 D/AT      (   35): AT< OK
04-07 09:25:26.481 E/RILC    (   35): invalid response length
04-07 09:25:26.481 D/RILJ    (  215): [0097]< SIGNAL_STRENGTH error: com.android.internal.telephony.CommandException: INVALID_RESPONSE
04-07 09:25:26.491 D/RILB    (  215): getLteOnCdmaMode=0 curVal=-1 product_type='' lteOnCdmaProductType=''
04-07 09:25:26.491 D/RILB    (  215): getLteOnCdmaMode=0 curVal=-1 product_type='' lteOnCdmaProductType=''
04-07 09:25:46.529 D/RILJ    (  215): [0098]> SIGNAL_STRENGTH
04-07 09:25:46.531 D/RIL     (   35): onRequest: SIGNAL_STRENGTH
04-07 09:25:46.531 D/AT      (   35): AT> AT+CSQ
04-07 09:25:46.531 D/AT      (   35): AT< +CSQ: 7,99
04-07 09:25:46.531 D/AT      (   35): AT< OK
04-07 09:25:46.531 E/RILC    (   35): invalid response length
04-07 09:25:46.531 D/RILJ    (  215): [0098]< SIGNAL_STRENGTH error: com.android.internal.telephony.CommandException: INVALID_RESPONSE
04-07 09:25:46.531 D/RILB    (  215): getLteOnCdmaMode=0 curVal=-1 product_type='' lteOnCdmaProductType=''
04-07 09:25:46.531 D/RILB    (  215): getLteOnCdmaMode=0 curVal=-1 product_type='' lteOnCdmaProductType=''
04-07 09:25:58.851 D/GSM     (  215): [GsmDCT] onReceive: action=com.android.internal.telephony.gprs-data-stall
04-07 09:25:58.860 D/GSM     (  215): [GsmDCT] handleMessage msg={ what=270353 when=-10ms arg1=78512 obj=com.android.internal.telephony.gprs-data-stall }
04-07 09:25:58.921 D/GSM     (  215): [GsmDCT] startDataStallAlarm: tag=78513 delay=360s
04-07 09:26:06.552 D/RILJ    (  215): [0099]> SIGNAL_STRENGTH
04-07 09:26:06.561 D/RIL     (   35): onRequest: SIGNAL_STRENGTH
04-07 09:26:06.561 D/AT      (   35): AT> AT+CSQ
04-07 09:26:06.561 D/AT      (   35): AT< +CSQ: 7,99
04-07 09:26:06.561 D/AT      (   35): AT< OK
04-07 09:26:06.561 E/RILC    (   35): invalid response length
04-07 09:26:06.561 D/RILJ    (  215): [0099]< SIGNAL_STRENGTH error: com.android.internal.telephony.CommandException: INVALID_RESPONSE
04-07 09:26:06.570 D/RILB    (  215): getLteOnCdmaMode=0 curVal=-1 product_type='' lteOnCdmaProductType=''
04-07 09:26:06.570 D/RILB    (  215): getLteOnCdmaMode=0 curVal=-1 product_type='' lteOnCdmaProductType=''
04-07 09:26:26.590 D/RILJ    (  215): [0100]> SIGNAL_STRENGTH
04-07 09:26:26.590 D/RIL     (   35): onRequest: SIGNAL_STRENGTH
04-07 09:26:26.590 D/AT      (   35): AT> AT+CSQ
04-07 09:26:26.590 D/AT      (   35): AT< +CSQ: 7,99
04-07 09:26:26.590 D/AT      (   35): AT< OK
04-07 09:26:26.590 E/RILC    (   35): invalid response length
04-07 09:26:26.600 D/RILJ    (  215): [0100]< SIGNAL_STRENGTH error: com.android.internal.telephony.CommandException: INVALID_RESPONSE
04-07 09:26:26.600 D/RILB    (  215): getLteOnCdmaMode=0 curVal=-1 product_type='' lteOnCdmaProductType=''
04-07 09:26:26.600 D/RILB    (  215): getLteOnCdmaMode=0 curVal=-1 product_type='' lteOnCdmaProductType=''
