04-08 13:03:18.571    37    37 I boot_progress_start: 3739
04-08 13:03:20.650    37    37 I boot_progress_preload_start: 5815
04-08 13:03:35.281    37    37 I boot_progress_preload_end: 20450
04-08 13:03:35.781    89   103 I boot_progress_system_run: 20941
04-08 13:03:36.052    89   103 I boot_progress_pms_start: 21218
04-08 13:03:36.281    89   103 I boot_progress_pms_system_scan_start: 21446
04-08 13:04:13.141    89   103 I boot_progress_pms_data_scan_start: 58303
04-08 13:04:18.971    89   103 I boot_progress_pms_scan_end: 64132
04-08 13:04:19.501    89   103 I boot_progress_pms_ready: 64668
04-08 13:04:20.701    89   103 I battery_status: [2,2,1,1,Li-ion]
04-08 13:04:20.701    89   103 I battery_level: [50,0,0]
04-08 13:04:20.741    89   116 I power_screen_state: [1,3,0,0]
04-08 13:04:20.901    89   119 I screen_toggled: 1
04-08 13:04:21.121    89   103 I configuration_changed: 1528
04-08 13:04:21.191    89   103 I content_update_sample: [content://settings/secure,insert,,25,,6]
04-08 13:04:21.351    89   103 I wifi_state_changed: InitialState
04-08 13:04:21.371    89   130 I wifi_state_changed: DriverUnloadedState
04-08 13:04:21.601    89   103 I free_storage_left: [124665856,0,65925120]
04-08 13:04:21.601    89   103 I free_storage_changed: 124665856
04-08 13:04:22.032    89   103 I backup_data_changed: android
04-08 13:04:22.032    89   103 I backup_data_changed: com.android.browser
04-08 13:04:22.032    89   103 I backup_data_changed: com.android.calendar
04-08 13:04:22.041    89   103 I backup_data_changed: com.android.inputmethod.latin
04-08 13:04:22.041    89   103 I backup_data_changed: com.android.providers.settings
04-08 13:04:22.041    89   103 I backup_data_changed: com.android.providers.userdictionary
04-08 13:04:22.041    89   103 I backup_data_changed: com.android.sharedstoragebackup
04-08 13:04:22.520    89   104 I am_proc_start: [143,10020,android.process.acore,broadcast,com.android.providers.contacts/.ContactsUpgradeReceiver]
04-08 13:04:22.640    89    89 I am_proc_bound: [143,android.process.acore]
04-08 13:04:22.671   143   143 I binder_sample: [android.app.IActivityManager,17,39,<pre-initialized>,7]
04-08 13:04:25.100   143   143 I contacts_upgrade_receiver: 2371
04-08 13:04:25.180    89   100 I am_proc_start: [157,10004,android.process.media,broadcast,com.android.providers.media/.MediaUpgradeReceiver]
04-08 13:04:25.300    89    89 I am_proc_bound: [157,android.process.media]
04-08 13:04:25.340   157   157 I binder_sample: [android.app.IActivityManager,17,34,<pre-initialized>,6]
04-08 13:04:25.530    89    89 I am_proc_start: [172,10031,com.android.providers.calendar,broadcast,com.android.providers.calendar/.CalendarUpgradeReceiver]
04-08 13:04:25.630    89   174 I am_proc_bound: [172,com.android.providers.calendar]
04-08 13:04:25.810   157   157 I binder_sample: [android.app.IActivityManager,110,311,android.process.media,62]
04-08 13:04:25.820   172   172 I calendar_upgrade_receiver: 87
04-08 13:04:25.901    89   104 I boot_progress_ams_ready: 71065
04-08 13:04:25.950    89   104 I am_proc_start: [188,1000,com.android.systemui,service,com.android.systemui/.SystemUIService]
04-08 13:04:26.080    89   104 I configuration_changed: 512
04-08 13:04:26.200    89    89 I am_proc_bound: [188,com.android.systemui]
04-08 13:04:26.210    89    89 I am_create_service: [1100558960,com.android.systemui/.SystemUIService,,188]
04-08 13:04:26.830    89   104 I am_create_service: [1103171184,com.android.systemui/.ImageWallpaper,act=android.service.wallpaper.WallpaperService,188]
04-08 13:04:26.910    89   104 I am_proc_start: [202,10022,com.android.inputmethod.latin,service,com.android.inputmethod.latin/.LatinIME]
04-08 13:04:27.190    89   104 I am_proc_start: [218,1001,com.android.phone,added application,com.android.phone]
04-08 13:04:27.270    89   104 I am_create_task: 2
04-08 13:04:27.270    89   104 I am_create_activity: [1093259184,2,com.android.settings/.CryptKeeper,android.intent.action.MAIN,NULL,NULL,276824064]
04-08 13:04:27.391   202   202 I binder_sample: [,1,51,<pre-initialized>,10]
04-08 13:04:27.511    89   104 I am_proc_start: [231,1000,com.android.settings,activity,com.android.settings/.CryptKeeper]
04-08 13:04:27.511    89   177 I am_proc_bound: [202,com.android.inputmethod.latin]
04-08 13:04:27.530    89   177 I am_create_service: [1102771976,com.android.inputmethod.latin/.LatinIME,act=android.view.InputMethod,202]
04-08 13:04:27.781    89   101 I am_proc_bound: [218,com.android.phone]
04-08 13:04:27.881   218   218 I binder_sample: [android.app.IActivityManager,17,94,<pre-initialized>,18]
04-08 13:04:27.921    89   141 I backup_data_changed: com.android.providers.settings
04-08 13:04:27.931    89   211 I notification_cancel: [android,17302839,NULL,0,0]
04-08 13:04:28.402    89   100 I am_proc_bound: [231,com.android.settings]
04-08 13:04:28.421    89   100 I am_restart_activity: [1093259184,2,com.android.settings/.CryptKeeper]
04-08 13:04:28.441    89   211 I notification_cancel: [android,17302839,NULL,0,0]
04-08 13:04:28.451   231   231 I binder_sample: [android.app.IActivityManager,17,401,<pre-initialized>,80]
04-08 13:04:28.671   202   202 I binder_sample: [android.content.IContentProvider,21,23,com.android.inputmethod.latin,4]
04-08 13:04:28.731   188   188 I binder_sample: [android.net.wifi.IWifiManager,36,40,com.android.systemui,8]
04-08 13:04:29.361   218   218 I binder_sample: [,1,64,com.android.phone,12]
04-08 13:04:29.451    89   101 I am_proc_start: [266,10020,android.process.acore,content provider,com.android.providers.userdictionary/.UserDictionaryProvider]
04-08 13:04:29.691   188   188 I binder_sample: [com.android.internal.statusbar.IStatusBarService,4,7,com.android.systemui,1]
04-08 13:04:29.932    89   174 I am_proc_bound: [266,android.process.acore]
04-08 13:04:30.411    89   208 I content_query_sample: [content://settings/secure,,(name=?),,505,,100]
04-08 13:04:30.751   188   188 I binder_sample: [android.view.IWindowSession,4,42,com.android.systemui,8]
04-08 13:04:31.281   231   231 I binder_sample: [android.content.pm.IPackageManager,51,694,com.android.settings,100]
04-08 13:04:31.711   266   266 I binder_sample: [android.content.pm.IPackageManager,10,1121,android.process.acore,100]
04-08 13:04:31.742   218   218 I binder_sample: [android.app.IActivityManager,14,1135,com.android.phone,100]
04-08 13:04:31.742    89   284 I am_finish_activity: [1093259184,2,com.android.settings/.CryptKeeper,app-request]
04-08 13:04:31.742    89   284 I am_pause_activity: [1093259184,com.android.settings/.CryptKeeper]
04-08 13:04:31.811   188   188 I binder_sample: [android.app.IActivityManager,110,1040,com.android.systemui,100]
04-08 13:04:31.971   231   231 I binder_sample: [android.net.wifi.IWifiManager,14,31,com.android.settings,6]
04-08 13:04:31.981    89   285 I notification_cancel: [com.android.phone,2,NULL,0,64]
04-08 13:04:32.271    89   177 I am_create_task: 3
04-08 13:04:32.271    89   177 I am_create_activity: [1095295448,3,com.android.sdksetup/.DefaultActivity,android.intent.action.MAIN,NULL,NULL,276824064]
04-08 13:04:32.331    89   177 I am_proc_start: [292,10028,com.android.sdksetup,activity,com.android.sdksetup/.DefaultActivity]
04-08 13:04:32.881    89   174 I am_proc_bound: [292,com.android.sdksetup]
04-08 13:04:32.902    89   174 I am_restart_activity: [1095295448,3,com.android.sdksetup/.DefaultActivity]
04-08 13:04:33.091   292   292 I binder_sample: [android.content.pm.IPackageManager,22,65,com.android.sdksetup,13]
04-08 13:04:33.791    89   104 I am_proc_start: [308,10008,com.android.deskclock,broadcast,com.android.deskclock/.AlarmInitReceiver]
04-08 13:04:33.791   218   218 I binder_sample: [android.app.IActivityManager,14,422,com.android.phone,84]
04-08 13:04:33.811   292   292 I binder_sample: [android.app.IActivityManager,29,435,com.android.sdksetup,87]
04-08 13:04:34.270   292   292 I binder_sample: [android.content.IContentProvider,3,490,com.android.sdksetup,98]
04-08 13:04:34.300   292   292 I content_update_sample: [content://settings/secure,insert,,516,com.android.sdksetup,100]
04-08 13:04:34.690    89    89 I am_proc_bound: [308,com.android.deskclock]
04-08 13:04:34.900   218   218 I binder_sample: [com.android.internal.telephony.ITelephonyRegistry,8,173,com.android.phone,34]
04-08 13:04:34.980    89   141 I backup_data_changed: com.android.providers.settings
04-08 13:04:35.070   308   308 I binder_sample: [android.net.IConnectivityManager,37,52,com.android.deskclock,10]
04-08 13:04:35.090   292   292 I binder_sample: [android.content.IContentProvider,3,704,com.android.sdksetup,100]
04-08 13:04:35.100   292   292 I content_update_sample: [content://settings/secure,insert,,715,com.android.sdksetup,100]
04-08 13:04:35.120    89   141 I backup_data_changed: com.android.providers.settings
04-08 13:04:35.251   218   218 I binder_sample: [com.android.internal.telephony.ITelephonyRegistry,8,45,com.android.phone,9]
04-08 13:04:35.320   202   202 I binder_sample: [android.app.IActivityManager,29,6005,com.android.inputmethod.latin,100]
04-08 13:04:35.340   266   266 I binder_sample: [android.app.IActivityManager,30,515,android.process.acore,100]
04-08 13:04:35.540   266   266 I binder_sample: [android.app.IActivityManager,110,100,android.process.acore,20]
04-08 13:04:35.970   218   218 I binder_sample: [com.android.internal.telephony.ITelephonyRegistry,8,377,com.android.phone,75]
04-08 13:04:36.000   308   308 I binder_sample: [android.content.pm.IPackageManager,1,273,com.android.deskclock,54]
04-08 13:04:36.030    89    89 I content_update_sample: [content://settings/secure,insert,,929,,100]
04-08 13:04:36.040   292   292 I binder_sample: [android.app.backup.IBackupManager,8,934,com.android.sdksetup,100]
04-08 13:04:36.310    89   141 I backup_data_changed: com.android.providers.settings
04-08 13:04:36.840   202   264 I content_query_sample: [content://user_dictionary/words,word/frequency,(locale is NULL) or (locale=?) or (locale=?),,1519,,100]
04-08 13:04:37.100   308   308 I binder_sample: [android.os.IPowerManager,1,899,com.android.deskclock,100]
04-08 13:04:37.110   218   218 I binder_sample: [com.android.internal.telephony.ITelephonyRegistry,8,790,com.android.phone,100]
04-08 13:04:37.200    89   285 I am_finish_activity: [1095295448,3,com.android.sdksetup/.DefaultActivity,proc died without state saved]
04-08 13:04:37.520    89   103 I notification_cancel_all: [com.android.sdksetup,0,0]
04-08 13:04:37.571    89   174 I notification_cancel: [com.android.phone,5,NULL,0,64]
04-08 13:04:37.571    89    89 I notification_cancel: [com.android.phone,6,NULL,0,64]
04-08 13:04:37.841   308   333 I content_query_sample: [content://com.android.deskclock/alarm,_id/hour/minutes/daysofweek/alarmtime/enabled/vibrate/message/alert,enabled=1,,571,,100]
04-08 13:04:37.860    89   174 I force_gc: Binder
04-08 13:04:38.130    89   285 I am_proc_start: [335,10032,com.android.calendar,broadcast,com.android.calendar/.widget.CalendarAppWidgetService$CalendarFactory]
04-08 13:04:38.401    89   100 I am_proc_bound: [335,com.android.calendar]
04-08 13:04:38.461    89   103 I am_destroy_activity: [1093259184,2,com.android.settings/.CryptKeeper,finish-idle]
04-08 13:04:38.481    89   103 I boot_progress_enable_screen: 83678
04-08 13:04:38.511   335   335 I binder_sample: [android.app.IActivityManager,17,103,<pre-initialized>,20]
04-08 13:04:38.710   218   218 I binder_sample: [android.os.IPowerManager,1,844,com.android.phone,100]
04-08 13:04:38.921    89   286 I notification_enqueue: [com.android.systemui,17301675,NULL,Notification(contentView=com.android.systemui/0x1090098 vibrate=null,sound=null,defaults=0x0,flags=0x2)]
04-08 13:04:39.001   335   335 I binder_sample: [android.content.pm.IPackageManager,1,133,com.android.calendar,26]
04-08 13:04:39.291   218   218 I gsm_service_state_change: [1,1,0,0]
04-08 13:04:39.291   218   218 I gsm_rat_switched: [-1,0,3]
04-08 13:04:39.581    89   177 I notification_cancel: [com.android.phone,7,NULL,0,64]
04-08 13:04:39.581    89   284 I notification_cancel: [com.android.phone,7,NULL,0,64]
04-08 13:04:39.592    89   174 I notification_cancel: [com.android.phone,7,NULL,0,64]
04-08 13:04:39.611    89   286 I notification_cancel: [com.android.phone,7,NULL,0,64]
04-08 13:04:39.611    89    89 I notification_cancel: [com.android.phone,7,NULL,0,64]
04-08 13:04:39.621    89   101 I notification_cancel: [com.android.phone,7,NULL,0,64]
04-08 13:04:39.621    89   285 I notification_cancel: [com.android.phone,7,NULL,0,64]
04-08 13:04:39.621    89   177 I notification_cancel: [com.android.phone,7,NULL,0,64]
04-08 13:04:39.641    89   284 I notification_cancel: [com.android.phone,7,NULL,0,64]
04-08 13:04:39.641    89   174 I notification_cancel: [com.android.phone,7,NULL,0,64]
04-08 13:04:39.641    89   100 I notification_cancel: [com.android.phone,7,NULL,0,64]
04-08 13:04:39.641    89   286 I notification_cancel: [com.android.phone,7,NULL,0,64]
04-08 13:04:39.641    89    89 I notification_cancel: [com.android.phone,7,NULL,0,64]
04-08 13:04:39.651    89   101 I notification_cancel: [com.android.phone,7,NULL,0,64]
04-08 13:04:39.651    89   285 I notification_cancel: [com.android.phone,7,NULL,0,64]
04-08 13:04:39.661    89   284 I notification_cancel: [com.android.phone,7,NULL,0,64]
04-08 13:04:39.661    89   174 I notification_cancel: [com.android.phone,7,NULL,0,64]
04-08 13:04:39.661    89   100 I notification_cancel: [com.android.phone,7,NULL,0,64]
04-08 13:04:39.661    89   286 I notification_cancel: [com.android.phone,7,NULL,0,64]
04-08 13:04:39.671    89    89 I notification_cancel: [com.android.phone,7,NULL,0,64]
04-08 13:04:39.671    89   101 I notification_cancel: [com.android.phone,7,NULL,0,64]
04-08 13:04:39.671    89   285 I notification_cancel: [com.android.phone,7,NULL,0,64]
04-08 13:04:39.671    89   177 I notification_cancel: [com.android.phone,7,NULL,0,64]
04-08 13:04:39.671    89   284 I notification_cancel: [com.android.phone,7,NULL,0,64]
04-08 13:04:39.671    89   174 I notification_cancel: [com.android.phone,7,NULL,0,64]
04-08 13:04:39.681    89   286 I notification_cancel: [com.android.phone,7,NULL,0,64]
04-08 13:04:39.691    89    89 I notification_cancel: [com.android.phone,7,NULL,0,64]
04-08 13:04:39.701    89   285 I notification_cancel: [com.android.phone,7,NULL,0,64]
04-08 13:04:39.701    89   177 I notification_cancel: [com.android.phone,7,NULL,0,64]
04-08 13:04:39.701    89   284 I notification_cancel: [com.android.phone,7,NULL,0,64]
04-08 13:04:39.761    89   174 I notification_cancel: [com.android.phone,7,NULL,0,64]
04-08 13:04:39.761    89   100 I notification_cancel: [com.android.phone,7,NULL,0,64]
04-08 13:04:40.361   308   333 I content_update_sample: [content://settings/system,insert,,3,,1]
04-08 13:04:40.391    89   286 I notification_cancel: [com.android.phone,7,NULL,0,64]
04-08 13:04:40.411   335   335 I binder_sample: [android.app.IActivityManager,16,253,com.android.calendar,50]
04-08 13:04:40.511    89   127 I am_wtf  : [89,system_server,-1,NetworkStats,open failed: ENOENT (No such file or directory)]
04-08 13:04:40.681    89   286 I configuration_changed: 4
04-08 13:04:40.851   188   188 I binder_sample: [android.view.IWindowManager,7,56,com.android.systemui,11]
04-08 13:04:41.081   218   218 I binder_sample: [android.net.wifi.IWifiManager,15,248,com.android.phone,49]
04-08 13:04:41.101    89   101 I configuration_changed: 3
04-08 13:04:41.241   218   218 I binder_sample: [android.app.IActivityManager,47,148,com.android.phone,29]
04-08 13:04:41.301    89   284 I notification_cancel: [com.android.phone,7,NULL,0,64]
04-08 13:04:41.301    89   174 I notification_cancel: [com.android.phone,7,NULL,0,64]
04-08 13:04:41.311   188   188 I binder_sample: [android.view.IWindowSession,1,28,com.android.systemui,5]
04-08 13:04:41.321    89    89 I notification_cancel: [com.android.phone,7,NULL,0,64]
04-08 13:04:41.321    89   101 I notification_cancel: [com.android.phone,7,NULL,0,64]
04-08 13:04:41.331    89   177 I notification_cancel: [com.android.phone,7,NULL,0,64]
04-08 13:04:41.382    89   284 I notification_cancel: [com.android.phone,7,NULL,0,64]
04-08 13:04:41.382    89   286 I notification_cancel: [com.android.phone,7,NULL,0,64]
04-08 13:04:41.391    89   100 I notification_cancel: [com.android.phone,7,NULL,0,64]
04-08 13:04:41.391    89    89 I notification_cancel: [com.android.phone,7,NULL,0,64]
04-08 13:04:41.391    89   101 I notification_cancel: [com.android.phone,7,NULL,0,64]
04-08 13:04:41.391    89   177 I notification_cancel: [com.android.phone,7,NULL,0,64]
04-08 13:04:41.481    89   285 I am_proc_start: [360,10020,com.android.contacts,broadcast,com.android.contacts/.calllog.CallLogReceiver]
04-08 13:04:41.501    89   284 I notification_cancel: [com.android.phone,5,NULL,0,64]
04-08 13:04:41.501    89   286 I notification_cancel: [com.android.phone,6,NULL,0,64]
04-08 13:04:41.511    89   100 I notification_cancel: [com.android.phone,7,NULL,0,64]
04-08 13:04:41.821    89   177 I am_proc_bound: [360,com.android.contacts]
04-08 13:04:41.871   360   360 I binder_sample: [android.app.IActivityManager,17,56,<pre-initialized>,11]
04-08 13:04:42.191    89   103 I notification_cancel_all: [com.android.settings,0,0]
04-08 13:04:42.681   335   335 I binder_sample: [android.app.IActivityManager,16,2173,com.android.calendar,100]
04-08 13:04:43.280   360   360 I binder_sample: [android.content.pm.IPackageManager,1,637,com.android.contacts,100]
04-08 13:04:43.300   218   218 I binder_sample: [android.content.IContentService,1,596,com.android.phone,100]
04-08 13:04:43.300   218   218 I content_query_sample: [content://telephony/carriers,,numeric = '310260' and carrier_enabled = 1,,1743,com.android.phone,100]
04-08 13:04:43.400   231   231 I binder_sample: [android.view.IWindowManager,6,229,com.android.settings,45]
04-08 13:04:43.400    89   286 I am_proc_start: [374,10031,com.android.providers.calendar,content provider,com.android.providers.calendar/.CalendarProvider2]
04-08 13:04:43.980    89   284 I am_proc_bound: [374,com.android.providers.calendar]
04-08 13:04:44.010   360   360 I binder_sample: [android.app.IActivityManager,12,223,com.android.contacts,44]
04-08 13:04:44.070    89   133 I connectivity_state_changed: 1552
04-08 13:04:44.080    89   174 I am_create_service: [1102623000,com.android.contacts/.calllog.CallLogNotificationsService,act=com.android.contacts.calllog.UPDATE_NOTIFICATIONS,360]
04-08 13:04:44.121   374   374 I binder_sample: [android.app.IActivityManager,17,383,<pre-initialized>,76]
04-08 13:04:44.331   335   335 I binder_sample: [android.view.IWindowManager,6,1123,com.android.calendar,100]
04-08 13:04:44.331   374   374 I binder_sample: [android.net.IConnectivityManager,37,81,com.android.providers.calendar,16]
04-08 13:04:44.541    89   391 I am_proc_start: [396,10004,android.process.media,content provider,com.android.providers.downloads/.DownloadProvider]
04-08 13:04:44.710    89   174 I am_proc_start: [404,10011,com.android.email,broadcast,com.android.email/.service.EmailBroadcastReceiver]
04-08 13:04:45.350   218   218 I binder_sample: [android.app.IActivityManager,110,732,com.android.phone,100]
04-08 13:04:45.360    89   177 I notification_cancel: [com.android.systemui,17301675,NULL,0,0]
04-08 13:04:45.370    89   101 I am_proc_bound: [404,com.android.email]
04-08 13:04:45.450    89   284 I am_proc_bound: [396,android.process.media]
04-08 13:04:45.460   404   404 I binder_sample: [android.app.IActivityManager,17,579,<pre-initialized>,100]
04-08 13:04:45.760   396   396 I binder_sample: [android.app.IActivityManager,17,943,<pre-initialized>,100]
04-08 13:04:45.770   404   404 I binder_sample: [android.net.IConnectivityManager,37,139,com.android.email,27]
04-08 13:04:45.780   218   291 I content_query_sample: [content://call_log/calls,_id/number/date/duration/type,type=3 AND new=1,date DESC,10488,,100]
04-08 13:04:45.950    89   133 I connectivity_state_changed: 1576
04-08 13:04:46.011   218   218 I binder_sample: [android.app.IActivityManager,63,29,com.android.phone,5]
04-08 13:04:46.160   396   396 I binder_sample: [android.content.pm.IPackageManager,1,141,android.process.media,28]
04-08 13:04:46.190    89   285 I notification_cancel: [com.android.phone,7,NULL,0,64]
04-08 13:04:46.190    89   426 I notification_cancel: [com.android.phone,7,NULL,0,64]
04-08 13:04:46.190    89   177 I notification_cancel: [com.android.phone,7,NULL,0,64]
04-08 13:04:46.190    89   174 I notification_cancel: [com.android.phone,7,NULL,0,64]
04-08 13:04:46.190    89   286 I notification_cancel: [com.android.phone,7,NULL,0,64]
04-08 13:04:46.220    89   423 I notification_cancel: [com.android.phone,7,NULL,0,64]
04-08 13:04:46.230    89   101 I notification_cancel: [com.android.phone,7,NULL,0,64]
04-08 13:04:46.230    89    89 I notification_cancel: [com.android.phone,7,NULL,0,64]
04-08 13:04:46.300    89   426 I notification_cancel: [com.android.phone,7,NULL,0,64]
04-08 13:04:46.300    89   174 I notification_cancel: [com.android.phone,7,NULL,0,64]
04-08 13:04:46.300    89   286 I notification_cancel: [com.android.phone,7,NULL,0,64]
04-08 13:04:46.310    89   100 I notification_cancel: [com.android.phone,7,NULL,0,64]
04-08 13:04:46.310    89   284 I notification_cancel: [com.android.phone,7,NULL,0,64]
04-08 13:04:46.390    89   127 I am_wtf  : [89,system_server,-1,NetworkStats,open failed: ENOENT (No such file or directory)]
04-08 13:04:46.820    89   177 I notification_cancel: [com.android.phone,7,NULL,0,64]
04-08 13:04:46.960    89   133 I connectivity_state_changed: 1600
04-08 13:04:47.010    89   284 I notification_cancel: [com.android.phone,7,NULL,0,64]
04-08 13:04:47.170    89   127 I am_wtf  : [89,system_server,-1,NetworkStats,open failed: ENOENT (No such file or directory)]
04-08 13:04:47.201    89   423 I am_proc_start: [431,10021,com.android.exchange,service,com.android.exchange/.ExchangeService]
04-08 13:04:47.220    89   285 I am_create_service: [1096256640,com.android.email/.service.EmailBroadcastProcessorService,act=broadcast_receiver,404]
04-08 13:04:47.380    89   100 I am_proc_bound: [431,com.android.exchange]
04-08 13:04:47.390    89   100 I am_create_service: [1100375064,com.android.exchange/.ExchangeService,act=com.android.email.EXCHANGE_INTENT,431]
04-08 13:04:48.100   360   392 I content_query_sample: [content://call_log/calls?allow_voicemails=true,_id/number/voicemail_uri,new = 1 AND type = ?,date DESC,3238,,100]
04-08 13:04:48.310   431   431 I binder_sample: [android.app.IActivityManager,38,698,com.android.exchange,100]
04-08 13:04:48.310   404   404 I binder_sample: [android.app.IActivityManager,61,1051,com.android.email,100]
04-08 13:04:48.720   335   359 I content_query_sample: [content://com.android.calendar/instances/when/1333803880491/1334581480491,allDay/begin/end/title/eventLocation/event_id/startDay/endDay/calendar_color/selfAttendeeStatus,visible=1,startDay ASC, startMinute ASC, endDay ASC, endMinute ASC LIMIT 503,1203,,100]
04-08 13:04:48.740   335   357 I content_query_sample: [content://com.android.calendar/instances/when/1333803879996/1334581479996,allDay/begin/end/title/eventLocation/event_id/startDay/endDay/calendar_color/selfAttendeeStatus,visible=1,startDay ASC, startMinute ASC, endDay ASC, endMinute ASC LIMIT 503,2481,,100]
04-08 13:04:49.330    89   286 I notification_cancel: [com.android.contacts,1,DefaultVoicemailNotifier,0,64]
04-08 13:04:49.330   396   396 I binder_sample: [android.content.pm.IPackageManager,10,988,android.process.media,100]
04-08 13:04:49.350    89   100 I am_create_service: [1103218856,com.android.providers.calendar/.EmptyService,,374]
04-08 13:04:49.370    89   284 I am_create_service: [1101911864,com.android.providers.downloads/.DownloadService,,396]
04-08 13:04:49.690   335   453 I content_query_sample: [content://com.android.calendar/properties,key/value,,,937,,100]
04-08 13:04:49.690   360   360 I binder_sample: [android.app.IActivityManager,69,1309,com.android.contacts,100]
04-08 13:04:49.700   335   335 I binder_sample: [android.app.IActivityManager,63,932,com.android.calendar,100]
04-08 13:04:49.790    89   174 I notification_cancel_all: [com.android.providers.downloads,0,64]
04-08 13:04:49.800    89   426 I am_create_service: [1101538744,com.android.email/.service.AccountService,act=com.android.email.ACCOUNT_INTENT,404]
04-08 13:04:49.820   396   454 I content_query_sample: [content://downloads/all_downloads,_data,,,387,,78]
04-08 13:04:49.960    89   101 I am_create_service: [1100556176,com.android.exchange/.service.ExchangeBroadcastProcessorService,act=broadcast_receiver,431]
04-08 13:04:49.970    89   391 I content_update_sample: [content://downloads/my_downloads,delete,notificationpackage=? AND notificationclass=?,489,,98]
04-08 13:04:49.980    89   422 I am_destroy_service: [1102623000,com.android.contacts/.calllog.CallLogNotificationsService,360]
04-08 13:04:50.100    89    89 I am_create_service: [1100512912,com.android.providers.media/.MediaScannerService,,396]
04-08 13:04:50.110    89   426 I am_destroy_service: [1101538744,com.android.email/.service.AccountService,404]
04-08 13:04:50.180    89   286 I am_proc_start: [464,10025,com.android.mms,broadcast,com.android.mms/.transaction.MmsSystemEventReceiver]
04-08 13:04:50.190    89   177 I am_destroy_service: [1100556176,com.android.exchange/.service.ExchangeBroadcastProcessorService,431]
04-08 13:04:50.250    89   284 I am_proc_bound: [464,com.android.mms]
04-08 13:04:50.290    89   101 I am_create_service: [1100382992,com.android.email/.service.AccountService,act=com.android.email.ACCOUNT_INTENT,404]
04-08 13:04:50.290   464   464 I binder_sample: [android.app.IActivityManager,17,42,<pre-initialized>,8]
04-08 13:04:50.830   335   335 I binder_sample: [android.app.IAlarmManager,6,178,com.android.calendar,35]
04-08 13:04:50.850    89   423 I am_destroy_service: [1103218856,com.android.providers.calendar/.EmptyService,374]
04-08 13:04:50.870   431   431 I binder_sample: [android.app.IActivityManager,61,679,com.android.exchange,100]
04-08 13:04:50.870   404   404 I binder_sample: [android.app.IActivityManager,38,554,com.android.email,100]
04-08 13:04:50.900   464   464 I binder_sample: [android.content.IContentProvider,4,310,com.android.mms,62]
04-08 13:04:50.950   464   482 I content_query_sample: [content://mms-sms/draft,thread_id,,,386,,78]
04-08 13:04:51.111    89    89 I am_create_service: [1096139520,com.android.mms/.transaction.SmsReceiverService,act=android.intent.action.BOOT_COMPLETED,464]
04-08 13:04:51.120   464   490 I content_query_sample: [content://sms,thread_id/date/address/subject/body,(type = 1 AND seen = 0),date desc,67,,14]
04-08 13:04:51.130    89   426 I notification_cancel: [com.android.mms,123,NULL,0,64]
04-08 13:04:51.170    89   423 I am_create_service: [1096038528,com.android.providers.calendar/.CalendarReceiver$RemoveScheduledAlarmsEmptyService,,374]
04-08 13:04:51.300    89   286 I am_destroy_service: [1100382992,com.android.email/.service.AccountService,404]
04-08 13:04:51.320    89   422 I am_create_service: [1102711656,com.android.email/.service.AccountService,act=com.android.email.ACCOUNT_INTENT,404]
04-08 13:04:51.340   404   404 I binder_sample: [android.app.IActivityManager,61,36,com.android.email,7]
04-08 13:04:51.360   464   464 I binder_sample: [android.app.IActivityManager,61,180,com.android.mms,36]
04-08 13:04:51.451    89   261 I content_query_sample: [content://telephony/carriers/preferapn,apn,,name ASC,1010,,100]
04-08 13:04:51.490   396   459 I content_query_sample: [content://downloads/all_downloads,,,,605,,100]
04-08 13:04:51.500   335   335 I binder_sample: [android.content.IBulkCursor,3,629,com.android.calendar,100]
04-08 13:04:51.690    89   423 I am_destroy_service: [1101911864,com.android.providers.downloads/.DownloadService,396]
04-08 13:04:51.710    89   426 I am_create_service: [1100095848,com.android.providers.downloads/.DownloadService,,396]
04-08 13:04:51.730    89   101 I notification_cancel_all: [com.android.providers.downloads,0,64]
04-08 13:04:51.890   464   492 I content_update_sample: [content://sms/outbox,update,type = 4,409,,82]
04-08 13:04:51.920    89   101 I am_destroy_service: [1100095848,com.android.providers.downloads/.DownloadService,396]
04-08 13:04:52.040    89   133 I connectivity_state_changed: 1552
04-08 13:04:52.200    89   133 I connectivity_state_changed: 1576
04-08 13:04:52.220   218   218 I binder_sample: [com.android.internal.telephony.ITelephonyRegistry,8,47,com.android.phone,9]
04-08 13:04:52.290    89   127 I am_wtf  : [89,system_server,-1,NetworkStats,open failed: ENOENT (No such file or directory)]
04-08 13:04:52.301    89   284 I notification_cancel: [com.android.phone,7,NULL,0,64]
04-08 13:04:52.301    89   101 I notification_cancel: [com.android.phone,7,NULL,0,64]
04-08 13:04:52.301    89   286 I notification_cancel: [com.android.phone,7,NULL,0,64]
04-08 13:04:52.301    89    89 I notification_cancel: [com.android.phone,7,NULL,0,64]
04-08 13:04:52.310    89   422 I notification_cancel: [com.android.phone,7,NULL,0,64]
04-08 13:04:52.310    89   423 I notification_cancel: [com.android.phone,7,NULL,0,64]
04-08 13:04:52.310    89   100 I notification_cancel: [com.android.phone,7,NULL,0,64]
04-08 13:04:52.320    89   174 I notification_cancel: [com.android.phone,7,NULL,0,64]
04-08 13:04:52.360   374   424 I content_query_sample: [content://com.android.calendar/calendar_alerts,alarmTime,state=0 AND alarmTime<? AND alarmTime>? AND end>=?,alarmTime ASC,383,,77]
04-08 13:04:52.370   464   492 I content_query_sample: [content://mms,thread_id/date/_id/sub/sub_cs,(msg_box=1 AND seen=0 AND (m_type=130 OR m_type=132)),date desc,366,,74]
04-08 13:04:52.380   202   329 I content_query_sample: [content://com.android.contacts/contacts,_id/display_name,,,16398,,100]
04-08 13:04:52.471   335   501 I content_query_sample: [content://com.android.calendar/instances/when/1333803891571/1334581491571,allDay/begin/end/title/eventLocation/event_id/startDay/endDay/calendar_color/selfAttendeeStatus,visible=1,startDay ASC, startMinute ASC, endDay ASC, endMinute ASC LIMIT 503,766,,100]
04-08 13:04:52.480   374   493 I content_update_sample: [content://com.android.calendar/schedule_alarms_remove,update,,1278,,100]
04-08 13:04:52.480    89   285 I am_destroy_service: [1096038528,com.android.providers.calendar/.CalendarReceiver$RemoveScheduledAlarmsEmptyService,374]
04-08 13:04:52.540   335   503 I content_query_sample: [content://com.android.calendar/instances/when/1333803891797/1334581491797,allDay/begin/end/title/eventLocation/event_id/startDay/endDay/calendar_color/selfAttendeeStatus,visible=1,startDay ASC, startMinute ASC, endDay ASC, endMinute ASC LIMIT 503,706,,100]
04-08 13:04:52.540   335   500 I content_query_sample: [content://com.android.calendar/instances/when/1333803880491/1334581480491,allDay/begin/end/title/eventLocation/event_id/startDay/endDay/calendar_color/selfAttendeeStatus,visible=1,startDay ASC, startMinute ASC, endDay ASC, endMinute ASC LIMIT 503,724,,100]
04-08 13:04:52.590   464   492 I content_query_sample: [content://sms,thread_id/date/address/subject/body,(type = 1 AND seen = 0),date desc,164,,33]
04-08 13:04:52.600    89   284 I notification_cancel: [com.android.mms,123,NULL,0,64]
04-08 13:04:52.811    89   422 I am_destroy_service: [1096139520,com.android.mms/.transaction.SmsReceiverService,464]
04-08 13:04:53.630   404   430 I content_query_sample: [content://com.android.email.provider/account,_id,,,5282,,100]
04-08 13:04:53.640   404   439 I content_query_sample: [content://com.android.email.provider/account,_id/displayName/emailAddress/syncKey/syncLookback/syncInterval/hostAuthKeyRecv/hostAuthKeySend/flags/isDefault/compatibilityUuid/senderName/ringtoneUri/protocolVersion/newMessageCount/securitySyncKey/signature/policyKey/notifiedMessageId/notifiedMessageCount,,,3947,,100]
04-08 13:04:53.730   404   421 I content_query_sample: [content://com.android.email.provider/account,_id,,,2346,,100]
04-08 13:04:53.790   404   437 I content_query_sample: [content://com.android.email.provider/account,_id,,,5442,,100]
04-08 13:04:53.850    89   101 I am_destroy_service: [1102711656,com.android.email/.service.AccountService,404]
04-08 13:04:54.350    89   177 I am_destroy_service: [1096256640,com.android.email/.service.EmailBroadcastProcessorService,404]
04-08 13:04:54.370   431   455 I content_query_sample: [content://com.android.email.provider/hostauth?limit=1,count(*),protocol="eas",,440,,89]
04-08 13:04:54.400    89   101 I am_destroy_service: [1100375064,com.android.exchange/.ExchangeService,431]
04-08 13:04:55.320    89   285 I am_create_service: [1103102000,com.android.providers.downloads/.DownloadService,,396]
04-08 13:04:55.320    89   285 I force_gc: Binder
04-08 13:04:55.450    89    89 I notification_cancel_all: [com.android.providers.downloads,0,64]
04-08 13:04:55.520    89   100 I am_destroy_service: [1103102000,com.android.providers.downloads/.DownloadService,396]
04-08 13:04:56.000    89   423 I notification_cancel: [com.android.providers.contacts,1,NULL,0,64]
04-08 13:04:57.390    89   423 I am_destroy_service: [1100512912,com.android.providers.media/.MediaScannerService,396]
04-08 13:04:57.500    89   284 I am_create_service: [1101903928,com.android.providers.calendar/.CalendarProviderIntentService,act=com.android.providers.calendar.intent.CalendarProvider2,374]
04-08 13:04:57.580    89   100 I am_destroy_service: [1101903928,com.android.providers.calendar/.CalendarProviderIntentService,374]
04-08 13:05:03.950    89   103 I notification_cancel_all: [com.android.email,0,0]
04-08 13:05:04.140    89   104 I am_proc_start: [515,10029,com.android.quicksearchbox,broadcast,com.android.quicksearchbox/.CorporaUpdateReceiver]
04-08 13:05:04.200    89   423 I am_proc_bound: [515,com.android.quicksearchbox]
04-08 13:09:04.990   188   188 I binder_sample: [android.view.IWindowSession,4,40,com.android.systemui,8]
04-08 13:09:05.180   188   188 I binder_sample: [android.view.IWindowSession,4,10,com.android.systemui,2]
04-08 13:09:11.782    89   285 I am_create_task: 4
04-08 13:09:11.782    89   285 I am_create_activity: [1096353264,4,com.android.settings/.Settings,android.settings.SETTINGS,NULL,NULL,268435456]
04-08 13:09:11.791    89   285 I am_restart_activity: [1096353264,4,com.android.settings/.Settings]
04-08 13:09:12.331   231   231 I am_on_resume_called: com.android.settings.Settings
04-08 13:09:12.422   231   231 I binder_sample: [android.view.IWindowSession,4,21,com.android.settings,4]
04-08 13:09:13.010    89   118 I activity_launch_time: [1096353264,com.android.settings/.Settings,1225,285768]
04-08 13:09:14.080    89   123 I am_create_task: 5
04-08 13:09:14.080    89   123 I am_create_activity: [1098575504,5,com.android.launcher/com.android.launcher2.Launcher,android.intent.action.MAIN,NULL,NULL,270532608]
04-08 13:09:14.100    89   123 I am_pause_activity: [1096353264,com.android.settings/.Settings]
04-08 13:09:14.110   231   231 I am_on_paused_called: com.android.settings.Settings
04-08 13:09:14.170    89   101 I am_proc_start: [529,10009,com.android.launcher,activity,com.android.launcher/com.android.launcher2.Launcher]
04-08 13:09:14.240    89    89 I am_proc_bound: [529,com.android.launcher]
04-08 13:09:14.270    89    89 I am_restart_activity: [1098575504,5,com.android.launcher/com.android.launcher2.Launcher]
04-08 13:09:14.390   529   529 I binder_sample: [android.app.IActivityManager,17,148,<pre-initialized>,29]
04-08 13:09:16.170   231   231 I binder_sample: [android.content.IContentProvider,21,15,com.android.settings,3]
04-08 13:09:17.960   529   529 I binder_sample: [android.content.pm.IPackageManager,25,22,com.android.launcher,4]
04-08 13:09:18.080   529   529 I am_on_resume_called: com.android.launcher2.Launcher
04-08 13:09:18.890   529   529 I binder_sample: [android.view.IWindowSession,4,47,com.android.launcher,9]
04-08 13:09:19.400    89   118 I activity_launch_time: [1098575504,com.android.launcher/com.android.launcher2.Launcher,5291,5291]
04-08 13:09:25.960    89   103 I notification_cancel_all: [com.android.settings,0,0]
04-08 13:09:26.470   515   515 I binder_sample: [android.app.IActivityManager,16,53,com.android.quicksearchbox,10]
04-08 13:09:26.470   266   266 I binder_sample: [android.app.IActivityManager,16,566,android.process.acore,100]
04-08 13:09:26.480   231   231 I binder_sample: [android.app.IActivityManager,16,371,com.android.settings,74]
04-08 13:13:43.771    89   177 I am_create_task: 6
04-08 13:13:43.771    89   177 I am_create_activity: [1093261640,6,com.android.deskclock/.AlarmClock,NULL,NULL,NULL,276824064]
04-08 13:13:43.811    89   177 I am_pause_activity: [1098575504,com.android.launcher/com.android.launcher2.Launcher]
04-08 13:13:43.841   529   529 I am_on_paused_called: com.android.launcher2.Launcher
04-08 13:13:43.851    89   174 I am_restart_activity: [1093261640,6,com.android.deskclock/.AlarmClock]
04-08 13:13:44.050   308   308 I content_query_sample: [content://com.android.deskclock/alarm,_id/hour/minutes/daysofweek/alarmtime/enabled/vibrate/message/alert,,hour, minutes ASC,160,com.android.deskclock,33]
04-08 13:13:44.850   308   308 I am_on_resume_called: com.android.deskclock.AlarmClock
04-08 13:13:44.950   529   529 I binder_sample: [android.view.IWindowSession,4,489,com.android.launcher,97]
04-08 13:13:45.010   308   308 I binder_sample: [android.view.IWindowSession,4,33,com.android.deskclock,6]
04-08 13:13:45.470    89   118 I activity_launch_time: [1093261640,com.android.deskclock/.AlarmClock,1630,1630]
04-08 13:13:46.620    89   123 I am_pause_activity: [1093261640,com.android.deskclock/.AlarmClock]
04-08 13:13:46.620   308   308 I am_on_paused_called: com.android.deskclock.AlarmClock
04-08 13:13:46.630    89   123 I am_task_to_front: 5
04-08 13:13:46.630    89   123 I am_new_intent: [1096029408,5,com.android.launcher/com.android.launcher2.Launcher,android.intent.action.MAIN,NULL,NULL,274726912]
04-08 13:13:46.640    89   426 I am_resume_activity: [1098575504,5,com.android.launcher/com.android.launcher2.Launcher]
04-08 13:13:46.660   529   529 I am_on_resume_called: com.android.launcher2.Launcher
