04-08 13:04:48.010   396   396 I SqliteDatabaseCpp: sqlite returned: error code = 17, msg = statement aborts at 71: [UPDATE files SET date_modified=0 WHERE media_type=2;] database schema has changed, db=/data/data/com.android.providers.media/databases/external.db
04-08 13:04:48.040   308   314 D dalvikvm: Debugger has detached; object registry had 1 entries
04-08 13:04:48.060   335   341 D dalvikvm: Debugger has detached; object registry had 1 entries
04-08 13:04:48.060   396   396 I SqliteDatabaseCpp: sqlite returned: error code = 17, msg = statement aborts at 71: [UPDATE files SET date_modified=0 WHERE media_type=2;] database schema has changed, db=/data/data/com.android.providers.media/databases/external.db
04-08 13:04:48.080   360   366 D dalvikvm: Debugger has detached; object registry had 1 entries
04-08 13:04:48.150   396   396 I SqliteDatabaseCpp: sqlite returned: error code = 17, msg = statement aborts at 71: [UPDATE files SET date_modified=0;] database schema has changed, db=/data/data/com.android.providers.media/databases/external.db
04-08 13:04:48.180   360   392 E DefaultVoicemailNotifier: No voicemails to notify about: clear the notification.
04-08 13:04:48.310   431   448 D ExchangeService: !!! EAS ExchangeService, onCreate
04-08 13:04:48.330   396   396 I ActivityThread: Pub downloads: com.android.providers.downloads.DownloadProvider
04-08 13:04:48.350   404   439 I Email   : Onetime initialization: 1
04-08 13:04:48.370    89   107 W PackageManager: Unknown permission com.google.android.googleapps.permission.GOOGLE_AUTH.mail in package com.android.contacts
04-08 13:04:48.410   431   444 D Eas Debug: Logging: 
04-08 13:04:48.420    89   107 W PackageManager: Unknown permission android.permission.ADD_SYSTEM_SERVICE in package com.android.phone
04-08 13:04:48.460    89   107 W PackageManager: Unknown permission com.android.smspush.WAPPUSH_MANAGER_BIND in package com.android.phone
04-08 13:04:48.460    89   107 W PackageManager: Unknown permission com.google.android.googleapps.permission.GOOGLE_AUTH in package com.android.providers.calendar
04-08 13:04:48.460    89   107 W PackageManager: Unknown permission com.google.android.googleapps.permission.GOOGLE_AUTH.cl in package com.android.providers.calendar
04-08 13:04:48.470    89   107 W PackageManager: Unknown permission com.google.android.googleapps.permission.GOOGLE_AUTH.mail in package com.android.calendar
04-08 13:04:48.480    89   107 W PackageManager: Not granting permission android.permission.SEND_DOWNLOAD_COMPLETED_INTENTS to package com.android.browser (protectionLevel=2 flags=0x9be45)
04-08 13:04:48.510    89   107 W PackageManager: Not granting permission android.permission.BIND_APPWIDGET to package com.android.widgetpreview (protectionLevel=3 flags=0x28be44)
04-08 13:04:48.540    89   107 W PackageManager: Unknown permission com.google.android.googleapps.permission.GOOGLE_AUTH in package com.android.providers.contacts
04-08 13:04:48.540    89   107 W PackageManager: Unknown permission com.google.android.googleapps.permission.GOOGLE_AUTH.cp in package com.android.providers.contacts
04-08 13:04:48.561   404   430 D EmailProvider: Creating EmailProvider database
04-08 13:04:48.570    89   107 W PackageManager: Unknown permission com.google.android.googleapps.permission.GOOGLE_AUTH in package com.android.settings
04-08 13:04:48.630    89   107 W PackageManager: Unknown permission com.google.android.googleapps.permission.ACCESS_GOOGLE_PASSWORD in package com.android.development
04-08 13:04:48.630    89   107 W PackageManager: Unknown permission com.google.android.googleapps.permission.GOOGLE_AUTH in package com.android.development
04-08 13:04:48.650    89   107 W PackageManager: Unknown permission com.google.android.googleapps.permission.GOOGLE_AUTH.ALL_SERVICES in package com.android.development
04-08 13:04:48.650    89   107 W PackageManager: Unknown permission com.google.android.googleapps.permission.GOOGLE_AUTH.YouTubeUser in package com.android.development
04-08 13:04:48.650    89   107 W PackageManager: Not granting permission android.permission.DEVICE_POWER to package com.android.deskclock (protectionLevel=2 flags=0x8be45)
04-08 13:04:48.970    89    92 D dalvikvm: GC_CONCURRENT freed 364K, 42% free 11228K/19335K, paused 7ms+8ms
04-08 13:04:49.110   404   409 D dalvikvm: GC_CONCURRENT freed 205K, 4% free 9269K/9607K, paused 5ms+4ms
04-08 13:04:49.390    89   134 D Tethering: MasterInitialState.processMessage what=3
04-08 13:04:49.420   396   396 I ActivityThread: Pub drm: com.android.providers.drm.DrmProvider
04-08 13:04:49.430   431   431 D ExchangeService: !!! EAS ExchangeService, onStartCommand, startingUp = false, running = false
04-08 13:04:49.430   396   454 I DownloadManager: in removeSpuriousFiles
04-08 13:04:49.550   396   454 I DownloadManager: Upgrading downloads database from version 0 to version 107, which will destroy all old data
04-08 13:04:49.630   396   398 D dalvikvm: GC_CONCURRENT freed 297K, 5% free 9332K/9735K, paused 4ms+5ms
04-08 13:04:49.690   404   439 I Email   : Onetime initialization: 2
04-08 13:04:49.930    89    92 D dalvikvm: GC_CONCURRENT freed 277K, 41% free 11504K/19335K, paused 7ms+8ms
04-08 13:04:50.140    89   134 D Tethering: MasterInitialState.processMessage what=3
04-08 13:04:50.170   431   431 D ExchangeService: !!! EAS ExchangeService, onStartCommand, startingUp = true, running = false
04-08 13:04:50.180    89   286 I ActivityManager: Start proc com.android.mms for broadcast com.android.mms/.transaction.MmsSystemEventReceiver: pid=464 uid=10025 gids={3003, 1015}
04-08 13:04:50.410   464   464 I ActivityThread: Pub mms_temp_file: com.android.mms.TempFileProvider
04-08 13:04:50.420   464   464 I ActivityThread: Pub com.android.mms.SuggestionsProvider: com.android.mms.SuggestionsProvider
04-08 13:04:50.500   464   464 V MmsConfig: mnc/mcc: 310260
04-08 13:04:50.500   464   464 V MmsConfig: tag: bool value: enabledMMS - true
04-08 13:04:50.500   464   464 V MmsConfig: tag: int value: maxMessageSize - 307200
04-08 13:04:50.500   464   464 V MmsConfig: tag: int value: maxImageHeight - 480
04-08 13:04:50.500   464   464 V MmsConfig: tag: int value: maxImageWidth - 640
04-08 13:04:50.500   464   464 V MmsConfig: tag: int value: defaultSMSMessagesPerThread - 500
04-08 13:04:50.500   464   464 V MmsConfig: tag: int value: defaultMMSMessagesPerThread - 50
04-08 13:04:50.500   464   464 V MmsConfig: tag: int value: minMessageCountPerThread - 10
04-08 13:04:50.500   464   464 V MmsConfig: tag: int value: maxMessageCountPerThread - 5000
04-08 13:04:50.520   464   464 V MmsConfig: tag: string value: uaProfUrl - http://www.google.com/oha/rdf/ua-profile-kila.xml
04-08 13:04:50.520   464   464 V MmsConfig: tag: int value: recipientLimit - -1
04-08 13:04:50.520   464   464 V MmsConfig: tag: int value: smsToMmsTextThreshold - 4
04-08 13:04:50.520   464   464 V MmsConfig: tag: bool value: enableMultipartSMS - true
04-08 13:04:50.520   464   464 V MmsConfig: tag: bool value: enableSlideDuration - true
04-08 13:04:50.520   464   464 V MmsConfig: tag: int value: maxMessageTextSize - -1
04-08 13:04:50.760   374   374 I CalendarProvider2: Sending notification intent: Intent { act=android.intent.action.PROVIDER_CHANGED dat=content://com.android.calendar }
04-08 13:04:50.800   374   374 W ContentResolver: Failed to get type for: content://com.android.calendar (Unknown URL content://com.android.calendar)
04-08 13:04:50.830   218   250 D MmsSmsDatabaseHelper: [MmsSmsDb] tableName: threads hasAutoIncrement: CREATE TABLE threads (_id INTEGER PRIMARY KEY AUTOINCREMENT,date INTEGER DEFAULT 0,message_count INTEGER DEFAULT 0,recipient_ids TEXT,snippet TEXT,snippet_cs INTEGER DEFAULT 0,read INTEGER DEFAULT 1,type INTEGER DEFAULT 0,error INTEGER DEFAULT 0,has_attachment INTEGER DEFAULT 0) result: true
04-08 13:04:50.830   218   250 D MmsSmsDatabaseHelper: [MmsSmsDb] tableName: canonical_addresses hasAutoIncrement: CREATE TABLE canonical_addresses (_id INTEGER PRIMARY KEY AUTOINCREMENT,address TEXT) result: true
04-08 13:04:50.830   218   250 D MmsSmsDatabaseHelper: [getWritableDatabase] hasAutoIncrementThreads: true hasAutoIncrementAddresses: true
04-08 13:04:50.880   404   430 D EmailProvider: Creating EmailProviderBody database
04-08 13:04:50.980    89   101 D CountryDetectorService: The first listener is added
04-08 13:04:51.310   431   455 D ExchangeService: Received deviceId from Email app: androidc259148960
04-08 13:04:51.310   431   455 D ExchangeService: Reconciling accounts...
04-08 13:04:51.380   431   431 D ExchangeService: !!! EAS ExchangeService, onStartCommand, startingUp = true, running = false
04-08 13:04:51.380   308   333 V AlarmClock: AlarmInitReceiver finished
04-08 13:04:51.430   464   467 D dalvikvm: GC_CONCURRENT freed 310K, 5% free 9217K/9607K, paused 6ms+5ms
04-08 13:04:51.430   431   444 D Eas Debug: Logging: 
04-08 13:04:51.600   335   338 D dalvikvm: GC_CONCURRENT freed 302K, 5% free 9204K/9607K, paused 6ms+5ms
04-08 13:04:51.740   396   396 D MediaScannerReceiver: action: android.intent.action.MEDIA_MOUNTED path: /mnt/sdcard
04-08 13:04:52.200    89   133 D ConnectivityService: ConnectivityChange for mobile: CONNECTED/CONNECTED
04-08 13:04:52.270    89   127 F NetworkStats: problem reading network stats
04-08 13:04:52.270    89   127 F NetworkStats: java.lang.IllegalStateException: problem parsing idx 1
04-08 13:04:52.270    89   127 F NetworkStats: 	at com.android.internal.net.NetworkStatsFactory.readNetworkStatsDetail(NetworkStatsFactory.java:300)
04-08 13:04:52.270    89   127 F NetworkStats: 	at com.android.server.NetworkManagementService.getNetworkStatsUidDetail(NetworkManagementService.java:1282)
04-08 13:04:52.270    89   127 F NetworkStats: 	at com.android.server.net.NetworkStatsService.performPollLocked(NetworkStatsService.java:831)
04-08 13:04:52.270    89   127 F NetworkStats: 	at com.android.server.net.NetworkStatsService.updateIfacesLocked(NetworkStatsService.java:743)
04-08 13:04:52.270    89   127 F NetworkStats: 	at com.android.server.net.NetworkStatsService.updateIfaces(NetworkStatsService.java:721)
04-08 13:04:52.270    89   127 F NetworkStats: 	at com.android.server.net.NetworkStatsService.access$000(NetworkStatsService.java:128)
04-08 13:04:52.270    89   127 F NetworkStats: 	at com.android.server.net.NetworkStatsService$1.onReceive(NetworkStatsService.java:612)
04-08 13:04:52.270    89   127 F NetworkStats: 	at android.app.LoadedApk$ReceiverDispatcher$Args.run(LoadedApk.java:728)
04-08 13:04:52.270    89   127 F NetworkStats: 	at android.os.Handler.handleCallback(Handler.java:605)
04-08 13:04:52.270    89   127 F NetworkStats: 	at android.os.Handler.dispatchMessage(Handler.java:92)
04-08 13:04:52.270    89   127 F NetworkStats: 	at android.os.Looper.loop(Looper.java:137)
04-08 13:04:52.270    89   127 F NetworkStats: 	at android.os.HandlerThread.run(HandlerThread.java:60)
04-08 13:04:52.270    89   127 F NetworkStats: Caused by: java.io.FileNotFoundException: /proc/net/xt_qtaguid/stats: open failed: ENOENT (No such file or directory)
04-08 13:04:52.270    89   127 F NetworkStats: 	at libcore.io.IoBridge.open(IoBridge.java:406)
04-08 13:04:52.270    89   127 F NetworkStats: 	at java.io.FileInputStream.<init>(FileInputStream.java:78)
04-08 13:04:52.270    89   127 F NetworkStats: 	at com.android.internal.net.NetworkStatsFactory.readNetworkStatsDetail(NetworkStatsFactory.java:269)
04-08 13:04:52.270    89   127 F NetworkStats: 	... 11 more
04-08 13:04:52.270    89   127 F NetworkStats: Caused by: libcore.io.ErrnoException: open failed: ENOENT (No such file or directory)
04-08 13:04:52.270    89   127 F NetworkStats: 	at libcore.io.Posix.open(Native Method)
04-08 13:04:52.270    89   127 F NetworkStats: 	at libcore.io.BlockGuardOs.open(BlockGuardOs.java:110)
04-08 13:04:52.270    89   127 F NetworkStats: 	at libcore.io.IoBridge.open(IoBridge.java:390)
04-08 13:04:52.270    89   127 F NetworkStats: 	... 13 more
04-08 13:04:52.330    89   128 D NetworkPolicy: applying policy NetworkPolicy[NetworkTemplate: matchRule=MOBILE_ALL, subscriberId=310260000000000]: cycleDay=8, warningBytes=2147483648, limitBytes=-1, lastSnooze=-1 to ifaces [eth0]
04-08 13:04:52.410   396   463 I MediaProvider: Upgrading media database from version 0 to 408, which will destroy all old data
04-08 13:04:52.510   266   322 V ContactsProvider: Importing legacy contacts
04-08 13:04:52.580   404   430 D EmailProvider: Creating EmailProvider database
04-08 13:04:52.590   266   322 I ContactsDatabaseHelper: Switching to locale en_US
04-08 13:04:52.760    89    92 D dalvikvm: GC_CONCURRENT freed 858K, 43% free 11145K/19335K, paused 7ms+7ms
04-08 13:04:53.260   266   269 D dalvikvm: GC_CONCURRENT freed 326K, 5% free 9561K/9991K, paused 4ms+6ms
04-08 13:04:53.670   404   439 I Email   : Onetime initialization: completed.
04-08 13:04:54.240    89    92 D dalvikvm: GC_CONCURRENT freed 412K, 42% free 11301K/19335K, paused 5ms+8ms
04-08 13:04:54.350   431   431 D ExchangeService: !!! EAS ExchangeService, onStartCommand, startingUp = true, running = false
04-08 13:04:55.250   396   463 I SqliteDatabaseCpp: sqlite returned: error code = 17, msg = statement aborts at 9: [DELETE from albums] database schema has changed, db=/data/data/com.android.providers.media/databases/external.db
04-08 13:04:55.300    89   134 D Tethering: MasterInitialState.processMessage what=3
04-08 13:04:55.440    89   285 D dalvikvm: GC_EXPLICIT freed 265K, 43% free 11140K/19335K, paused 5ms+18ms
04-08 13:04:55.590    89   261 D GpsLocationProvider: NTP server returned: 1333890296754 (Sun Apr 08 13:04:56 GMT+00:00 2012) reference: 100782 certainty: 23 system time offset: 1161
04-08 13:04:55.660   396   463 I SqliteDatabaseCpp: sqlite returned: error code = 17, msg = statement aborts at 71: [UPDATE files SET date_modified=0;] database schema has changed, db=/data/data/com.android.providers.media/databases/external.db
04-08 13:04:55.890   266   269 D dalvikvm: GC_CONCURRENT freed 513K, 7% free 9501K/10119K, paused 5ms+4ms
04-08 13:04:55.950   266   322 I ContactsDatabaseHelper: Locale change completed in 3363ms
04-08 13:04:55.990   266   322 I LegacyContactImporter: Legacy contacts database does not exist at /data/data/com.android.providers.contacts/databases/contacts.db
04-08 13:04:56.020   266   322 V ContactsProvider: Completed import of legacy contacts
04-08 13:04:56.320    38    38 E WVMExtractor: Failed to open libwvm.so
04-08 13:04:56.340   266   322 I ContactDirectoryManager: deleted 0 stale rows which don't have any relevant directory
04-08 13:04:56.350   266   322 I ContactDirectoryManager: Discovered 0 contact directories in 80ms
04-08 13:04:56.360   266   322 I ContactsProvider: Upgrading aggregation algorithm
04-08 13:04:56.381   266   322 I ContactsProvider: Aggregation algorithm upgraded for 0 contacts, in 12ms
04-08 13:04:56.530   266   322 I ContactsFTS: Rebuild contact search index in 55ms, 0 contacts
04-08 13:04:56.770    38   510 E WVMExtractor: Failed to open libwvm.so
04-08 13:04:56.850    38    74 E WVMExtractor: Failed to open libwvm.so
04-08 13:04:56.920    38   513 E MetadataRetrieverClient: failed to extract an album art
04-08 13:04:57.140   396   398 D dalvikvm: GC_CONCURRENT freed 374K, 6% free 9355K/9863K, paused 9ms+5ms
04-08 13:04:57.190   396   463 W MediaScanner: Error opening directory '/mnt/sdcard/.android_secure/', skipping: Permission denied.
04-08 13:04:57.380   396   463 V MediaScanner: pruneDeadThumbnailFiles... android.database.sqlite.SQLiteCursor@4131c8b8
04-08 13:04:57.380   396   463 V MediaScanner: /pruneDeadThumbnailFiles... android.database.sqlite.SQLiteCursor@4131c8b8
04-08 13:05:03.920    89   103 D PackageManager: generateServicesMap(android.accounts.AccountAuthenticator): 2 services unchanged
04-08 13:05:03.950    89   103 D PackageManager: generateServicesMap(android.content.SyncAdapter): 4 services unchanged
04-08 13:05:04.140    89   104 I ActivityManager: Start proc com.android.quicksearchbox for broadcast com.android.quicksearchbox/.CorporaUpdateReceiver: pid=515 uid=10029 gids={3003}
04-08 13:05:04.320   515   515 I ActivityThread: Pub com.android.quicksearchbox.google: com.android.quicksearchbox.google.GoogleSuggestionProvider
04-08 13:05:04.350   515   515 I ActivityThread: Pub com.android.quicksearchbox.shortcuts: com.android.quicksearchbox.ShortcutsProvider
04-08 13:05:04.460   360   390 I AccountTypeManager: Loaded meta-data for 1 account types, 0 accounts in 308ms(wall) 9ms(cpu)
04-08 13:05:04.510   360   363 D dalvikvm: GC_CONCURRENT freed 175K, 3% free 9296K/9543K, paused 12ms+3ms
04-08 13:05:16.760   218   220 D dalvikvm: GC_CONCURRENT freed 340K, 7% free 9605K/10247K, paused 10ms+5ms
04-08 13:05:57.050    89   211 W ThrottleService: unable to find stats for iface rmnet0
04-08 13:05:57.060    89   211 E ThrottleService: Error reading data file
04-08 13:09:03.890    89   123 I InputDispatcher: Dropping event because there is no touched window or focused application.
04-08 13:09:07.230    89   123 I InputDispatcher: Dropping event because there is no touched window or focused application.
04-08 13:09:08.543    89   123 I InputDispatcher: Dropping event because there is no touched window or focused application.
04-08 13:09:09.830    89   123 I InputDispatcher: Dropping event because there is no touched window or focused application.
04-08 13:09:10.991    89    92 D dalvikvm: GC_CONCURRENT freed 397K, 43% free 11146K/19335K, paused 7ms+8ms
04-08 13:09:11.701    89   285 I ActivityManager: START {act=android.settings.SETTINGS flg=0x10000000 cmp=com.android.settings/.Settings} from pid 188
04-08 13:09:11.791    89   128 W NetworkManagementSocketTagger: setKernelCountSet(1000, 1) failed with errno -2
04-08 13:09:12.271   231   231 W System.err: Removed 2131231170
04-08 13:09:12.271   231   231 W System.err: Removed 2131231177
04-08 13:09:12.861   231   235 D dalvikvm: GC_CONCURRENT freed 98K, 3% free 9587K/9799K, paused 7ms+9ms
04-08 13:09:12.920   231   231 D gralloc_goldfish: Emulator without GPU emulation detected.
04-08 13:09:13.010    89   118 I ActivityManager: Displayed com.android.settings/.Settings: +1s225ms (total +4m45s768ms)
04-08 13:09:14.070    89   123 I ActivityManager: START {act=android.intent.action.MAIN cat=[android.intent.category.HOME] flg=0x10200000 cmp=com.android.launcher/com.android.launcher2.Launcher} from pid 89
04-08 13:09:14.100    36    36 D PermissionCache: checking android.permission.READ_FRAME_BUFFER for uid=1000 => granted (919 us)
04-08 13:09:14.100    89   123 W WindowManager: Failure taking screenshot for (180x300) to layer 21005
04-08 13:09:14.170    89   101 I ActivityManager: Start proc com.android.launcher for activity com.android.launcher/com.android.launcher2.Launcher: pid=529 uid=10009 gids={}
04-08 13:09:14.250    89   128 W NetworkManagementSocketTagger: setKernelCountSet(10009, 1) failed with errno -2
04-08 13:09:14.380    36    62 I ARMAssembler: generated scanline__00000077:03515104_00009002_00000000 [127 ipp] (149 ins) at [0x41aca1e8:0x41aca43c] in 7379983 ns
04-08 13:09:14.560    36    62 I ARMAssembler: generated scanline__00000077:03515104_00009001_00000000 [131 ipp] (153 ins) at [0x41aca440:0x41aca6a4] in 543434 ns
04-08 13:09:15.020   529   529 I ActivityThread: Pub com.android.launcher2.settings: com.android.launcher2.LauncherProvider
04-08 13:09:15.250   529   529 W Resources: Converting to int: TypedValue{t=0x3/d=0x12 "4" a=-1}
04-08 13:09:15.250   529   529 W Resources: Converting to int: TypedValue{t=0x3/d=0xf "1" a=-1}
04-08 13:09:15.310   529   531 D dalvikvm: GC_CONCURRENT freed 318K, 5% free 9217K/9607K, paused 10ms+4ms
04-08 13:09:15.611    89    92 D dalvikvm: GC_CONCURRENT freed 468K, 43% free 11210K/19335K, paused 14ms+10ms
04-08 13:09:15.740   529   529 W Resources: Converting to int: TypedValue{t=0x3/d=0x15 "2" a=-1}
04-08 13:09:15.740   529   529 W Resources: Converting to int: TypedValue{t=0x3/d=0x15 "2" a=-1}
04-08 13:09:16.030   529   529 W Launcher.LauncherProvider: Unable to add favorite: com.android.gallery3d/com.android.gallery3d.app.Gallery
04-08 13:09:16.030   529   529 W Launcher.LauncherProvider: android.content.pm.PackageManager$NameNotFoundException: ComponentInfo{com.android.gallery3d/com.android.gallery3d.app.Gallery}
04-08 13:09:16.030   529   529 W Launcher.LauncherProvider: 	at android.app.ApplicationPackageManager.getActivityInfo(ApplicationPackageManager.java:223)
04-08 13:09:16.030   529   529 W Launcher.LauncherProvider: 	at com.android.launcher2.LauncherProvider$DatabaseHelper.addAppShortcut(LauncherProvider.java:850)
04-08 13:09:16.030   529   529 W Launcher.LauncherProvider: 	at com.android.launcher2.LauncherProvider$DatabaseHelper.loadFavorites(LauncherProvider.java:754)
04-08 13:09:16.030   529   529 W Launcher.LauncherProvider: 	at com.android.launcher2.LauncherProvider$DatabaseHelper.onCreate(LauncherProvider.java:271)
04-08 13:09:16.030   529   529 W Launcher.LauncherProvider: 	at android.database.sqlite.SQLiteOpenHelper.getWritableDatabase(SQLiteOpenHelper.java:165)
04-08 13:09:16.030   529   529 W Launcher.LauncherProvider: 	at com.android.launcher2.LauncherProvider$DatabaseHelper.<init>(LauncherProvider.java:221)
04-08 13:09:16.030   529   529 W Launcher.LauncherProvider: 	at com.android.launcher2.LauncherProvider.onCreate(LauncherProvider.java:87)
04-08 13:09:16.030   529   529 W Launcher.LauncherProvider: 	at android.content.ContentProvider.attachInfo(ContentProvider.java:944)
04-08 13:09:16.030   529   529 W Launcher.LauncherProvider: 	at android.app.ActivityThread.installProvider(ActivityThread.java:4237)
04-08 13:09:16.030   529   529 W Launcher.LauncherProvider: 	at android.app.ActivityThread.installContentProviders(ActivityThread.java:3992)
04-08 13:09:16.030   529   529 W Launcher.LauncherProvider: 	at android.app.ActivityThread.handleBindApplication(ActivityThread.java:3946)
04-08 13:09:16.030   529   529 W Launcher.LauncherProvider: 	at android.app.ActivityThread.access$1300(ActivityThread.java:123)
04-08 13:09:16.030   529   529 W Launcher.LauncherProvider: 	at android.app.ActivityThread$H.handleMessage(ActivityThread.java:1185)
04-08 13:09:16.030   529   529 W Launcher.LauncherProvider: 	at android.os.Handler.dispatchMessage(Handler.java:99)
04-08 13:09:16.030   529   529 W Launcher.LauncherProvider: 	at android.os.Looper.loop(Looper.java:137)
04-08 13:09:16.030   529   529 W Launcher.LauncherProvider: 	at android.app.ActivityThread.main(ActivityThread.java:4424)
04-08 13:09:16.030   529   529 W Launcher.LauncherProvider: 	at java.lang.reflect.Method.invokeNative(Native Method)
04-08 13:09:16.030   529   529 W Launcher.LauncherProvider: 	at java.lang.reflect.Method.invoke(Method.java:511)
04-08 13:09:16.030   529   529 W Launcher.LauncherProvider: 	at com.android.internal.os.ZygoteInit$MethodAndArgsCaller.run(ZygoteInit.java:784)
04-08 13:09:16.030   529   529 W Launcher.LauncherProvider: 	at com.android.internal.os.ZygoteInit.main(ZygoteInit.java:551)
04-08 13:09:16.030   529   529 W Launcher.LauncherProvider: 	at dalvik.system.NativeStart.main(Native Method)
04-08 13:09:16.120    89    92 D dalvikvm: GC_CONCURRENT freed 564K, 43% free 11179K/19335K, paused 11ms+19ms
04-08 13:09:16.530   529   531 D dalvikvm: GC_CONCURRENT freed 429K, 6% free 9300K/9863K, paused 8ms+4ms
04-08 13:09:17.120   529   531 D dalvikvm: GC_CONCURRENT freed 148K, 3% free 9601K/9863K, paused 8ms+8ms
04-08 13:09:17.430   529   529 D dalvikvm: GC_FOR_ALLOC freed 24K, 3% free 9650K/9863K, paused 58ms
04-08 13:09:17.470   188   188 D dalvikvm: GC_FOR_ALLOC freed 4304K, 32% free 9763K/14151K, paused 94ms
04-08 13:09:17.480   188   188 I dalvikvm-heap: Grow heap (frag case) to 10.772MB for 1228816-byte allocation
04-08 13:09:17.480   529   529 I dalvikvm-heap: Grow heap (frag case) to 10.866MB for 1440016-byte allocation
04-08 13:09:17.680   529   546 D dalvikvm: GC_FOR_ALLOC freed 4K, 2% free 11052K/11271K, paused 89ms
04-08 13:09:17.710   188   191 D dalvikvm: GC_CONCURRENT freed 33K, 23% free 10930K/14151K, paused 8ms+54ms
04-08 13:09:17.780   529   531 D dalvikvm: GC_CONCURRENT freed <1K, 2% free 11052K/11271K, paused 4ms+5ms
04-08 13:09:18.020   188   188 D dalvikvm: GC_FOR_ALLOC freed 0K, 23% free 10930K/14151K, paused 132ms
04-08 13:09:18.150   188   188 I dalvikvm-heap: Grow heap (frag case) to 13.669MB for 3072016-byte allocation
04-08 13:09:18.280   188   191 D dalvikvm: GC_CONCURRENT freed 0K, 19% free 13930K/17159K, paused 4ms+16ms
04-08 13:09:18.930    89   423 W InputManagerService: Starting input on non-focused client com.android.internal.view.IInputMethodClient$Stub$Proxy@41602698 (uid=1000 pid=231)
04-08 13:09:18.960   529   529 D gralloc_goldfish: Emulator without GPU emulation detected.
04-08 13:09:19.050   529   529 D dalvikvm: GC_FOR_ALLOC freed 248K, 4% free 11242K/11591K, paused 34ms
04-08 13:09:19.070   529   529 I dalvikvm-heap: Grow heap (frag case) to 12.442MB for 1463056-byte allocation
04-08 13:09:19.210   529   531 D dalvikvm: GC_CONCURRENT freed 12K, 4% free 12658K/13063K, paused 9ms+6ms
04-08 13:09:19.250   529   529 D dalvikvm: GC_FOR_ALLOC freed 0K, 4% free 12658K/13063K, paused 34ms
04-08 13:09:19.260   529   529 I dalvikvm-heap: Grow heap (frag case) to 13.826MB for 1463056-byte allocation
04-08 13:09:19.300   529   529 D dalvikvm: GC_FOR_ALLOC freed 0K, 4% free 14087K/14535K, paused 36ms
04-08 13:09:19.400    89   118 I ActivityManager: Displayed com.android.launcher/com.android.launcher2.Launcher: +5s291ms
04-08 13:09:20.490    89   128 W NetworkManagementSocketTagger: setKernelCountSet(1000, 0) failed with errno -2
04-08 13:09:20.730   529   529 D dalvikvm: GC_FOR_ALLOC freed 1475K, 11% free 14032K/15687K, paused 48ms
04-08 13:09:20.840   529   529 D dalvikvm: GREF has increased to 201
04-08 13:09:20.950   529   529 D dalvikvm: GC_FOR_ALLOC freed 1478K, 11% free 14010K/15687K, paused 40ms
04-08 13:09:21.200    89    92 D dalvikvm: GC_CONCURRENT freed 437K, 42% free 11270K/19335K, paused 6ms+54ms
04-08 13:09:21.900   529   531 D dalvikvm: GC_CONCURRENT freed 4454K, 29% free 11200K/15751K, paused 9ms+14ms
04-08 13:09:22.510   529   531 D dalvikvm: GC_CONCURRENT freed 432K, 28% free 11383K/15751K, paused 8ms+6ms
04-08 13:09:22.620   529   543 D Launcher.Model: going to save icon bitmap for info=ShortcutInfo(title=People)
04-08 13:09:22.680   529   543 D Launcher.Model: going to save icon bitmap for info=ShortcutInfo(title=Browser)
04-08 13:09:22.720   529   543 D Launcher.Model: going to save icon bitmap for info=ShortcutInfo(title=Settings)
04-08 13:09:22.770   529   543 D Launcher.Model: going to save icon bitmap for info=ShortcutInfo(title=Messaging)
04-08 13:09:22.810   529   543 D Launcher.Model: going to save icon bitmap for info=ShortcutInfo(title=Phone)
04-08 13:09:22.830   529   543 D Launcher.Model: going to save icon bitmap for info=ShortcutInfo(title=Camera)
04-08 13:09:25.941    89   103 D PackageManager: generateServicesMap(android.accounts.AccountAuthenticator): 2 services unchanged
04-08 13:09:25.950    89   103 D PackageManager: generateServicesMap(android.content.SyncAdapter): 4 services unchanged
04-08 13:09:26.470   360   390 I AccountTypeManager: Loaded meta-data for 1 account types, 0 accounts in 662ms(wall) 8ms(cpu)
04-08 13:09:26.640   529   531 D dalvikvm: GC_CONCURRENT freed 602K, 28% free 11444K/15751K, paused 9ms+5ms
04-08 13:10:52.300    89   285 W BackupManagerService: dataChanged but no participant pkg='com.android.providers.settings' uid=1001
04-08 13:10:52.530   218   220 D dalvikvm: GC_CONCURRENT freed 411K, 7% free 9582K/10247K, paused 5ms+14ms
04-08 13:10:52.580    89    92 D dalvikvm: GC_CONCURRENT freed 608K, 43% free 11205K/19335K, paused 12ms+7ms
04-08 13:13:43.771    89   177 I ActivityManager: START {flg=0x10000000 cmp=com.android.deskclock/.AlarmClock bnds=[132,115][348,392]} from pid -1
04-08 13:13:43.811    89   177 W WindowManager: Failure taking screenshot for (180x300) to layer 21010
04-08 13:13:43.851    89   128 W NetworkManagementSocketTagger: setKernelCountSet(10008, 1) failed with errno -2
04-08 13:13:45.240   308   310 D dalvikvm: GC_CONCURRENT freed 206K, 4% free 9285K/9607K, paused 9ms+5ms
04-08 13:13:45.400   308   308 D gralloc_goldfish: Emulator without GPU emulation detected.
04-08 13:13:45.470    89   118 I ActivityManager: Displayed com.android.deskclock/.AlarmClock: +1s630ms
04-08 13:13:45.720    89   128 W NetworkManagementSocketTagger: setKernelCountSet(10009, 0) failed with errno -2
04-08 13:13:46.620    89   123 I ActivityManager: START {act=android.intent.action.MAIN cat=[android.intent.category.HOME] flg=0x10200000 cmp=com.android.launcher/com.android.launcher2.Launcher} from pid 89
04-08 13:13:46.620    89   123 W WindowManager: Failure taking screenshot for (180x300) to layer 21015
04-08 13:13:46.630    89   128 W NetworkManagementSocketTagger: setKernelCountSet(10009, 1) failed with errno -2
04-08 13:13:46.930    89   101 W InputManagerService: Starting input on non-focused client com.android.internal.view.IInputMethodClient$Stub$Proxy@41960750 (uid=10008 pid=308)
04-08 13:13:47.440    89   128 W NetworkManagementSocketTagger: setKernelCountSet(10008, 0) failed with errno -2
