04-08 13:04:18.991    89   103 W PackageManager: Not granting permission android.permission.SEND_DOWNLOAD_COMPLETED_INTENTS to package com.android.browser (protectionLevel=2 flags=0x9be45)
04-08 13:04:18.991    89   103 W PackageManager: Not granting permission android.permission.BIND_APPWIDGET to package com.android.widgetpreview (protectionLevel=3 flags=0x8be44)
04-08 13:04:19.001    89   103 W PackageManager: Unknown permission com.google.android.googleapps.permission.GOOGLE_AUTH in package com.android.providers.contacts
04-08 13:04:19.001    89   103 W PackageManager: Unknown permission com.google.android.googleapps.permission.GOOGLE_AUTH.cp in package com.android.providers.contacts
04-08 13:04:19.001    89   103 W PackageManager: Unknown permission com.google.android.googleapps.permission.GOOGLE_AUTH in package com.android.settings
04-08 13:04:19.121    89   103 W PackageManager: Unknown permission com.google.android.googleapps.permission.ACCESS_GOOGLE_PASSWORD in package com.android.development
04-08 13:04:19.121    89   103 W PackageManager: Unknown permission com.google.android.googleapps.permission.GOOGLE_AUTH in package com.android.development
04-08 13:04:19.121    89   103 W PackageManager: Unknown permission com.google.android.googleapps.permission.GOOGLE_AUTH.ALL_SERVICES in package com.android.development
04-08 13:04:19.121    89   103 W PackageManager: Unknown permission com.google.android.googleapps.permission.GOOGLE_AUTH.YouTubeUser in package com.android.development
04-08 13:04:19.121    89   103 W PackageManager: Not granting permission android.permission.DEVICE_POWER to package com.android.deskclock (protectionLevel=2 flags=0x8be45)
04-08 13:04:19.421    89    92 D dalvikvm: GC_CONCURRENT freed 1061K, 47% free 10389K/19335K, paused 9ms+15ms
04-08 13:04:19.601    89   103 D dalvikvm: GC_EXPLICIT freed 225K, 48% free 10229K/19335K, paused 5ms+6ms
04-08 13:04:19.611    89   103 I SystemServer: Account Manager
04-08 13:04:19.671    89   103 D PackageManager: generateServicesMap(android.accounts.AccountAuthenticator): 2 services:
04-08 13:04:19.671    89   103 D PackageManager:   New service added: ServiceInfo: AuthenticatorDescription {type=com.android.email}, ComponentInfo{com.android.email/com.android.email.service.PopImapAuthenticatorService}, uid 10011
04-08 13:04:19.671    89   103 D PackageManager:   New service added: ServiceInfo: AuthenticatorDescription {type=com.android.exchange}, ComponentInfo{com.android.email/com.android.email.service.EasAuthenticatorService}, uid 10011
04-08 13:04:19.831    89   103 I SystemServer: Content Manager
04-08 13:04:19.841    89   103 I SyncManager: No initial accounts
04-08 13:04:19.841    89   103 I SyncManager: No initial status
04-08 13:04:19.841    89   103 I SyncManager: No initial pending operations
04-08 13:04:19.841    89   103 I SyncManager: No initial statistics
04-08 13:04:19.871    89   103 D PackageManager: generateServicesMap(android.content.SyncAdapter): 4 services:
04-08 13:04:19.871    89   103 D PackageManager:   New service added: ServiceInfo: SyncAdapterType {name=com.android.email.provider, type=com.android.email, userVisible=true, supportsUploading=false, isAlwaysSyncable=false, allowParallelSyncs=false, settingsActivity=null}, ComponentInfo{com.android.email/com.android.email.service.PopImapSyncAdapterService}, uid 10011
04-08 13:04:19.871    89   103 D PackageManager:   New service added: ServiceInfo: SyncAdapterType {name=com.android.email.provider, type=com.android.exchange, userVisible=true, supportsUploading=false, isAlwaysSyncable=false, allowParallelSyncs=false, settingsActivity=null}, ComponentInfo{com.android.exchange/com.android.exchange.EmailSyncAdapterService}, uid 10021
04-08 13:04:19.871    89   103 D PackageManager:   New service added: ServiceInfo: SyncAdapterType {name=com.android.contacts, type=com.android.exchange, userVisible=true, supportsUploading=true, isAlwaysSyncable=false, allowParallelSyncs=false, settingsActivity=null}, ComponentInfo{com.android.exchange/com.android.exchange.ContactsSyncAdapterService}, uid 10021
04-08 13:04:19.871    89   103 D PackageManager:   New service added: ServiceInfo: SyncAdapterType {name=com.android.calendar, type=com.android.exchange, userVisible=true, supportsUploading=true, isAlwaysSyncable=false, allowParallelSyncs=false, settingsActivity=null}, ComponentInfo{com.android.exchange/com.android.exchange.CalendarSyncAdapterService}, uid 10021
04-08 13:04:19.881    89   103 I SystemServer: System Content Providers
04-08 13:04:19.881    89   103 I ActivityThread: Pub settings: com.android.providers.settings.SettingsProvider
04-08 13:04:20.091    89   103 D SettingsProvider: Generated and saved new ANDROID_ID [a9f63b74028797b2]
04-08 13:04:20.161    89   113 D SettingsProvider: cache for settings table 'secure' rows=25; fullycached=true
04-08 13:04:20.291    89   113 D SettingsProvider: cache for settings table 'system' rows=47; fullycached=true
04-08 13:04:20.571    89    92 D dalvikvm: GC_CONCURRENT freed 285K, 47% free 10404K/19335K, paused 10ms+19ms
04-08 13:04:20.691    89   103 I SystemServer: Lights Service
04-08 13:04:20.701    89   103 I SystemServer: Battery Service
04-08 13:04:20.711    89   103 I SystemServer: Vibrator Service
04-08 13:04:20.801    89   103 I SystemServer: Alarm Manager
04-08 13:04:20.801    89   103 I SystemServer: Init Watchdog
04-08 13:04:20.811    89   103 I SystemServer: Window Manager
04-08 13:04:20.821    89   118 I InputManager: Initializing input manager
04-08 13:04:20.860    89   119 W StatusBarManager: warning: no STATUS_BAR_SERVICE
04-08 13:04:20.872    89   119 E SoundPool: error loading /system/media/audio/ui/Lock.ogg
04-08 13:04:20.872    89   119 E SoundPool: error loading /system/media/audio/ui/Unlock.ogg
04-08 13:04:20.901    89   118 I InputManager: Starting input manager
04-08 13:04:20.911    89   118 I WindowManager: Enabled StrictMode logging for WMThread's Looper
04-08 13:04:20.911    89   103 I SystemServer: No Bluetooh Service (emulator)
04-08 13:04:20.911    89   103 I SystemServer: Input Method Service
04-08 13:04:20.940    89   119 I WindowManager: Enabled StrictMode for PolicyThread's Looper
04-08 13:04:20.981    89   124 I EventHub: New device: id=1, fd=100, path='/dev/input/event0', name='qwerty2', classes=0x2f, configuration='/system/usr/idc/qwerty2.idc', keyLayout='/system/usr/keylayout/qwerty.kl', keyCharacterMap='/system/usr/keychars/qwerty2.kcm', builtinKeyboard=true
04-08 13:04:20.981    89   124 E EventHub: could not get driver version for /dev/input/mouse0, Not a typewriter
04-08 13:04:20.981    89   124 E EventHub: could not get driver version for /dev/input/mice, Not a typewriter
04-08 13:04:20.981    89   124 I InputReader:   Touch device 'qwerty2' could not query the properties of its associated display 0.  The device will be inoperable until the display size becomes available.
04-08 13:04:20.981    89   124 I InputReader: Device added: id=0, name='qwerty2', sources=0x00011307
04-08 13:04:21.061    89   103 I InputManagerService: Selected default: com.android.inputmethod.latin/.LatinIME
04-08 13:04:21.111    89   103 I SystemServer: Accessibility Manager
04-08 13:04:21.121    89   124 I InputReader: Reconfiguring input devices.  changes=0x00000004
04-08 13:04:21.121    89   124 I InputReader: Device reconfigured: id=0, name='qwerty2', surface size is now 480x800, mode is 1
04-08 13:04:21.121    89   103 I ActivityManager: Config changed: {1.0 0mcc0mnc en_US layoutdir=0 sw320dp w320dp h508dp nrml long port ?uimode ?night finger qwerty/v/v tball/v s.2}
04-08 13:04:21.131    36    67 D PermissionCache: checking android.permission.ACCESS_SURFACE_FLINGER for uid=1000 => granted (1789 us)
04-08 13:04:21.141    89   103 I SystemServer: Device Policy
04-08 13:04:21.141    89   103 I SystemServer: Status Bar
04-08 13:04:21.141    89   103 I SystemServer: Clipboard Service
04-08 13:04:21.151    89   103 I SystemServer: NetworkManagement Service
04-08 13:04:21.161    89   103 I SystemServer: Text Service Manager Service
04-08 13:04:21.201    89   103 I SystemServer: NetworkStats Service
04-08 13:04:21.212    89   103 I SystemServer: NetworkPolicy Service
04-08 13:04:21.212    89   103 I SystemServer: Wi-Fi P2pService
04-08 13:04:21.231    89   103 I SystemServer: Wi-Fi Service
04-08 13:04:21.371    33    55 E CommandListener: Failed to open /proc/sys/net/ipv6/conf/wlan0/disable_ipv6: No such file or directory
04-08 13:04:21.381    89   103 E WifiStateMachine: Failed to disable IPv6: java.lang.IllegalStateException: Unable to communicate to native daemon for disabling ipv6
04-08 13:04:21.392    89   103 I SystemServer: Connectivity Service
04-08 13:04:21.392    89   103 D ConnectivityService: ConnectivityService starting up
04-08 13:04:21.451    89   103 E MobileDataStateTracker: default: Ignoring feature request because could not acquire PhoneService
04-08 13:04:21.451    89   103 E MobileDataStateTracker: default: Could not enable APN type "default"
04-08 13:04:21.471    89   103 D NetworkManagementService: Registering observer
04-08 13:04:21.471    89   103 D NetworkManagementService: Registering observer
04-08 13:04:21.471    89   103 I WifiService: WifiService starting up with Wi-Fi disabled
04-08 13:04:21.511    89   103 I SystemServer: Throttle Service
04-08 13:04:21.541    89    92 D dalvikvm: GC_CONCURRENT freed 298K, 46% free 10617K/19335K, paused 10ms+11ms
04-08 13:04:21.541    89   103 I SystemServer: Mount Service
04-08 13:04:21.551    89   103 D MountService: got storage path: /mnt/sdcard description: USB storage primary: true removable: false emulated: false mtpReserve: 0 allowMassStorage: false maxFileSize: 0
04-08 13:04:21.551    89   103 I SystemServer: Notification Manager
04-08 13:04:21.591    89   103 I SystemServer: Device Storage Monitor
04-08 13:04:21.601    89   103 I SystemServer: Location Manager
04-08 13:04:21.601    89   103 I SystemServer: Country Detector
04-08 13:04:21.601    89   103 I SystemServer: Search Service
04-08 13:04:21.611    89   103 I SystemServer: DropBox Service
04-08 13:04:21.611    89   103 I SystemServer: Wallpaper Service
04-08 13:04:21.620    89   103 W WallpaperService: failed parsing /data/system/wallpaper_info.xml java.io.FileNotFoundException: /data/system/wallpaper_info.xml: open failed: ENOENT (No such file or directory)
04-08 13:04:21.620    89   103 I SystemServer: Audio Service
04-08 13:04:21.630    31    58 D VoldCmdListener: volume list
04-08 13:04:21.630    89   139 D MountService: volume state changed for /mnt/sdcard (null -> unmounted)
04-08 13:04:21.630    89   139 I PackageManager: Updating external media status from unmounted to unmounted
04-08 13:04:21.751    89   103 I SystemServer: Dock Observer
04-08 13:04:21.762    89   103 W DockObserver: This kernel does not have dock station support
04-08 13:04:21.762    89   103 I SystemServer: Wired Accessory Observer
04-08 13:04:21.762    89   103 I SystemServer: USB Service
04-08 13:04:21.762    89   103 I SystemServer: UI Mode Manager Service
04-08 13:04:21.771    89   103 I SystemServer: Backup Service
04-08 13:04:21.781    89   103 V BackupManagerService: Initializing package tracking
04-08 13:04:21.781    89   103 V BackupManagerService: No ancestral data
04-08 13:04:21.781    89   103 V BackupManagerService: addPackageParticipantsLocked: null
04-08 13:04:22.032    89   103 I BackupManagerService: New app android never backed up; scheduling
04-08 13:04:22.032    89   103 I BackupManagerService: New app com.android.browser never backed up; scheduling
04-08 13:04:22.032    89   103 I BackupManagerService: New app com.android.calendar never backed up; scheduling
04-08 13:04:22.041    89   103 I BackupManagerService: New app com.android.inputmethod.latin never backed up; scheduling
04-08 13:04:22.041    89   103 I BackupManagerService: New app com.android.providers.settings never backed up; scheduling
04-08 13:04:22.041    89   103 I BackupManagerService: New app com.android.providers.userdictionary never backed up; scheduling
04-08 13:04:22.041    89   103 I BackupManagerService: New app com.android.sharedstoragebackup never backed up; scheduling
04-08 13:04:22.051    89   103 V BackupManagerService: Registering transport android/com.android.internal.backup.LocalTransport = com.android.internal.backup.LocalTransport@41adafe8
04-08 13:04:22.051    89   103 V BackupManagerService: Starting with transport android/com.android.internal.backup.LocalTransport
04-08 13:04:22.051    89   103 V BackupManagerService: Google transport not present
04-08 13:04:22.051    89   103 I BackupManagerService: Backup enabled => true
04-08 13:04:22.051    89   103 I SystemServer: AppWidget Service
04-08 13:04:22.051    89   103 I SystemServer: Recognition Service
04-08 13:04:22.051    89   103 I SystemServer: DiskStats Service
04-08 13:04:22.051    89   103 I SystemServer: SamplingProfiler Service
04-08 13:04:22.060    89   103 I SystemServer: NetworkTimeUpdateService
04-08 13:04:22.170    89   103 I WindowManager: SAFE MODE not enabled
04-08 13:04:22.170    89    96 D dalvikvm: JIT started for system_server
04-08 13:04:22.430    89   103 D PowerManagerService: system ready!
04-08 13:04:22.450    89   103 I ActivityManager: Sending system update to: ComponentInfo{com.android.providers.contacts/com.android.providers.contacts.ContactsUpgradeReceiver}
04-08 13:04:22.450    89   103 I ActivityManager: Sending system update to: ComponentInfo{com.android.providers.media/com.android.providers.media.MediaUpgradeReceiver}
04-08 13:04:22.450    89   103 I ActivityManager: Sending system update to: ComponentInfo{com.android.providers.calendar/com.android.providers.calendar.CalendarUpgradeReceiver}
04-08 13:04:22.461    89   104 I Zygote  : Process: zygote socket opened
04-08 13:04:22.491    89   103 I SystemServer: Enabled StrictMode for system server main thread.
04-08 13:04:22.510    89    92 D dalvikvm: GC_CONCURRENT freed 255K, 45% free 10774K/19335K, paused 10ms+27ms
04-08 13:04:22.520    89   104 I ActivityManager: Start proc android.process.acore for broadcast com.android.providers.contacts/.ContactsUpgradeReceiver: pid=143 uid=10020 gids={3003, 1015}
04-08 13:04:22.640    89    89 I ActivityManager: Launching preboot mode app: ProcessRecord{41994da8 143:android.process.acore/10020}
04-08 13:04:23.120   143   143 I ContactsDatabaseHelper: Bootstrapping database version: 625
04-08 13:04:23.200   143   145 D dalvikvm: GC_CONCURRENT freed 376K, 5% free 9135K/9607K, paused 17ms+5ms
04-08 13:04:24.160   143   145 D dalvikvm: GC_CONCURRENT freed 320K, 5% free 9242K/9671K, paused 8ms+7ms
04-08 13:04:24.460   143   143 I ContactsProviderV1: Bootstrapping database legacy support
04-08 13:04:25.140    89    89 D gralloc_goldfish: Emulator without GPU emulation detected.
04-08 13:04:25.190    89   100 I ActivityManager: Start proc android.process.media for broadcast com.android.providers.media/.MediaUpgradeReceiver: pid=157 uid=10004 gids={1015, 1023, 1024, 1006, 2001, 3003, 3007}
04-08 13:04:25.300    89    89 I ActivityManager: Launching preboot mode app: ProcessRecord{41997de0 157:android.process.media/10004}
04-08 13:04:25.380   143   145 D dalvikvm: GC_CONCURRENT freed 412K, 6% free 9257K/9799K, paused 14ms+15ms
04-08 13:04:25.530    89    89 I ActivityManager: Start proc com.android.providers.calendar for broadcast com.android.providers.calendar/.CalendarUpgradeReceiver: pid=172 uid=10031 gids={3003, 1015}
04-08 13:04:25.630    89   174 I ActivityManager: Launching preboot mode app: ProcessRecord{412e2148 172:com.android.providers.calendar/10031}
04-08 13:04:25.830    89   104 I ActivityManager: Writing new set of last done pre-boot receivers...
04-08 13:04:25.890    89   104 I ActivityManager: Removing system update proc: ProcessRecord{41994da8 143:android.process.acore/10020}
04-08 13:04:25.890    89   104 I ActivityManager: Killing proc 143:android.process.acore/10020: system update done
04-08 13:04:25.901    89   104 I ActivityManager: Removing system update proc: ProcessRecord{41997de0 157:android.process.media/10004}
04-08 13:04:25.901    89   104 I ActivityManager: Killing proc 157:android.process.media/10004: system update done
04-08 13:04:25.901    89   104 I ActivityManager: Removing system update proc: ProcessRecord{412e2148 172:com.android.providers.calendar/10031}
04-08 13:04:25.901    89   104 I ActivityManager: Killing proc 172:com.android.providers.calendar/10031: system update done
04-08 13:04:25.901    89   104 I ActivityManager: System now ready
04-08 13:04:25.901    89   104 I SystemServer: Making services ready
04-08 13:04:25.901    89   104 D SystemServer: Starting service: Intent { cmp=com.android.systemui/.SystemUIService }
04-08 13:04:25.950    89   104 I ActivityManager: Start proc com.android.systemui for service com.android.systemui/.SystemUIService: pid=188 uid=1000 gids={1015, 3002, 3001, 3003}
04-08 13:04:25.950    89   104 D NetworkManagementService: not enabling bandwidth control
04-08 13:04:26.040    89   104 W NetworkStats: problem reading network stats: java.lang.IllegalStateException: problem parsing idx 1
04-08 13:04:26.050    89   104 D NetworkManagementService: Registering observer
04-08 13:04:26.071    89   104 D NetworkManagementService: Registering observer
04-08 13:04:26.080    89   104 I ActivityManager: Config changed: {1.0 0mcc0mnc en_US layoutdir=0 sw320dp w320dp h508dp nrml long port finger qwerty/v/v tball/v s.3}
04-08 13:04:26.120    89   104 W RecognitionManagerService: no available voice recognition services found
04-08 13:04:26.620    89    92 D dalvikvm: GC_CONCURRENT freed 307K, 44% free 10858K/19335K, paused 5ms+6ms
04-08 13:04:26.821    89   104 W AppWidgetService: Failed to read state: java.io.FileNotFoundException: /data/system/appwidgets.xml: open failed: ENOENT (No such file or directory)
04-08 13:04:26.840   188   188 D SystemUIService: loading: class com.android.systemui.statusbar.phone.PhoneStatusBar
04-08 13:04:26.850    89   104 W InputManagerService: Ignoring setImeWindowStatus of uid 1000 token: null
04-08 13:04:26.890   188   188 D SystemUIService: running: com.android.systemui.statusbar.phone.PhoneStatusBar@412e5658
04-08 13:04:26.910    89   104 I ActivityManager: Start proc com.android.inputmethod.latin for service com.android.inputmethod.latin/.LatinIME: pid=202 uid=10022 gids={}
04-08 13:04:26.930    89   104 D NetworkManagementService: Registering observer
04-08 13:04:27.011    89   211 E ThrottleService: Error reading data file
04-08 13:04:27.190    89   104 I ActivityManager: Start proc com.android.phone for added application com.android.phone: pid=218 uid=1001 gids={3002, 3001, 3003, 1015}
04-08 13:04:27.270    89   104 I ActivityManager: START {act=android.intent.action.MAIN cat=[android.intent.category.HOME] flg=0x10000000 cmp=com.android.settings/.CryptKeeper} from pid 0
04-08 13:04:27.431    89   211 W ThrottleService: unable to find stats for iface rmnet0
04-08 13:04:27.511    89   104 I ActivityManager: Start proc com.android.settings for activity com.android.settings/.CryptKeeper: pid=231 uid=1000 gids={1015, 3002, 3001, 3003}
04-08 13:04:27.801   188   191 D dalvikvm: GC_CONCURRENT freed 135K, 3% free 9339K/9543K, paused 6ms+16ms
04-08 13:04:27.971    89   211 W ThrottleService: unable to find stats for iface rmnet0
04-08 13:04:28.421    89   128 W NetworkManagementSocketTagger: setKernelCountSet(1000, 1) failed with errno -2
04-08 13:04:28.491   218   218 I ActivityThread: Pub mms: com.android.providers.telephony.MmsProvider
04-08 13:04:28.591    89   208 W GpsLocationProvider: Could not open GPS configuration file /etc/gps.conf
04-08 13:04:28.651   218   218 I ActivityThread: Pub sms: com.android.providers.telephony.SmsProvider
04-08 13:04:28.701   218   218 I ActivityThread: Pub telephony: com.android.providers.telephony.TelephonyProvider
04-08 13:04:28.801   218   218 W TelephonyProvider: onCreate: confFile=/system/etc/apns-conf.xml oldCheckSum=-1
04-08 13:04:28.871   202   263 E ActivityThread: Failed to find provider info for com.android.inputmethod.latin.dictionarypack
04-08 13:04:28.951   218   218 I ActivityThread: Pub icc: com.android.phone.IccProvider
04-08 13:04:28.951   218   218 I ActivityThread: Pub mms-sms: com.android.providers.telephony.MmsSmsProvider
04-08 13:04:28.991   202   263 E BinaryDictionaryGetter: Could not find a dictionary pack
04-08 13:04:29.261    89   177 I StatusBarManagerService: registerStatusBar bar=com.android.internal.statusbar.IStatusBar$Stub$Proxy@41c04968
04-08 13:04:29.261   188   188 D PhoneStatusBar: disable: < expand icons alerts ticker system_info back home recent clock >
04-08 13:04:29.271    89   174 D dalvikvm: GREF has increased to 201
04-08 13:04:29.321   202   205 D dalvikvm: GC_CONCURRENT freed 171K, 3% free 9351K/9607K, paused 6ms+5ms
04-08 13:04:29.451    89   101 I ActivityManager: Start proc android.process.acore for content provider com.android.providers.userdictionary/.UserDictionaryProvider: pid=266 uid=10020 gids={3003, 1015}
04-08 13:04:29.461   218   220 D dalvikvm: GC_CONCURRENT freed 215K, 4% free 9222K/9543K, paused 5ms+56ms
04-08 13:04:29.521   188   188 D StorageNotification: Startup with UMS connection false (media state unmounted)
04-08 13:04:29.592   188   276 I StorageNotification: UMS connection changed to false (media state unmounted)
04-08 13:04:29.762   188   188 D SystemUIService: loading: class com.android.systemui.power.PowerUI
04-08 13:04:29.762   188   188 D SystemUIService: running: com.android.systemui.power.PowerUI@4133b6f0
04-08 13:04:30.061    89   177 W ActivityManager: Unable to start service Intent { act=com.android.internal.telephony.IWapPushManager }: not found
04-08 13:04:30.231    89   132 D WifiService: New client listening to asynchronous messages
04-08 13:04:30.261   266   266 I ActivityThread: Pub com.android.voicemail: com.android.providers.contacts.VoicemailContentProvider
04-08 13:04:30.421   218   218 D         : [ApnContext] set reason as dataEnabled, for type default,current state IDLE
04-08 13:04:30.481   266   266 I ActivityThread: Pub com.android.social: com.android.providers.contacts.SocialProvider
04-08 13:04:30.491   218   218 D         : [ApnContext] set reason as dataEnabled, for type mms,current state IDLE
04-08 13:04:30.491   188   191 D dalvikvm: GC_CONCURRENT freed 100K, 3% free 9647K/9863K, paused 4ms+4ms
04-08 13:04:30.521   218   218 D         : [ApnContext] set reason as dataEnabled, for type supl,current state IDLE
04-08 13:04:30.521   218   218 D         : [ApnContext] set reason as dataEnabled, for type hipri,current state IDLE
04-08 13:04:30.581   218   218 D         : [ApnContext] set reason as dataEnabled, for type fota,current state IDLE
04-08 13:04:30.581   218   218 D         : [ApnContext] set reason as dataEnabled, for type ims,current state IDLE
04-08 13:04:30.591   266   266 I ActivityThread: Pub applications: com.android.providers.applications.ApplicationsProvider
04-08 13:04:30.591   218   218 D         : [ApnContext] set reason as dataEnabled, for type cbs,current state IDLE
04-08 13:04:30.651    89    92 D dalvikvm: GC_CONCURRENT freed 377K, 44% free 10972K/19335K, paused 6ms+106ms
04-08 13:04:31.262    89    92 D dalvikvm: GC_CONCURRENT freed 489K, 44% free 10994K/19335K, paused 32ms+7ms
04-08 13:04:31.501   231   235 D dalvikvm: GC_CONCURRENT freed 216K, 4% free 9281K/9607K, paused 15ms+4ms
04-08 13:04:31.881   218   218 D CAT     : CatService: Is running
04-08 13:04:31.881   218   218 D CAT     : CatService: NEW sInstance
04-08 13:04:31.891   218   218 D CallManager: registerPhone(GSM Handler (com.android.internal.telephony.PhoneProxy) {412c4a38})
04-08 13:04:32.211    89   177 I ActivityManager: START {act=android.intent.action.MAIN cat=[android.intent.category.HOME] flg=0x10000000 cmp=com.android.sdksetup/.DefaultActivity} from pid 0
04-08 13:04:32.331    89   177 I ActivityManager: Start proc com.android.sdksetup for activity com.android.sdksetup/.DefaultActivity: pid=292 uid=10028 gids={}
04-08 13:04:32.351    89    89 W ActivityManager: Unable to start service Intent { act=com.android.ussd.IExtendedNetworkService }: not found
04-08 13:04:32.621   188   188 D dalvikvm: GC_FOR_ALLOC freed 26K, 2% free 9682K/9863K, paused 366ms
04-08 13:04:32.751   188   188 I dalvikvm-heap: Grow heap (frag case) to 10.692MB for 1228816-byte allocation
04-08 13:04:32.791   266   266 I ActivityThread: Pub contacts;com.android.contacts: com.android.providers.contacts.ContactsProvider2
04-08 13:04:32.861   266   269 D dalvikvm: GC_CONCURRENT freed 336K, 5% free 9170K/9607K, paused 5ms+4ms
04-08 13:04:32.891    89   128 W NetworkManagementSocketTagger: setKernelCountSet(10028, 1) failed with errno -2
04-08 13:04:32.931    37    37 D dalvikvm: GC_EXPLICIT freed 34K, 4% free 9031K/9347K, paused 34ms+112ms
04-08 13:04:33.141   188   191 D dalvikvm: GC_CONCURRENT freed <1K, 2% free 10881K/11079K, paused 5ms+55ms
04-08 13:04:33.351    89   284 D AlarmManagerService: Kernel timezone updated to 0 minutes west of GMT
04-08 13:04:33.451    37    37 D dalvikvm: GC_EXPLICIT freed <1K, 4% free 9031K/9347K, paused 2ms+21ms
04-08 13:04:33.701    37    37 D dalvikvm: GC_EXPLICIT freed <1K, 4% free 9031K/9347K, paused 3ms+4ms
04-08 13:04:33.791    89   104 I ActivityManager: Start proc com.android.deskclock for broadcast com.android.deskclock/.AlarmInitReceiver: pid=308 uid=10008 gids={}
04-08 13:04:33.820   218   218 W SystemClock: Unable to set rtc to 1333890273: Invalid argument
04-08 13:04:33.831   218   218 D SystemClock: Setting time of day to sec=1333890273
04-08 13:04:33.900   188   188 D dalvikvm: GC_FOR_ALLOC freed <1K, 2% free 10881K/11079K, paused 182ms
04-08 13:04:34.310   188   188 I dalvikvm-heap: Grow heap (frag case) to 13.133MB for 2560016-byte allocation
04-08 13:04:34.470   218   220 D dalvikvm: GC_CONCURRENT freed 319K, 5% free 9361K/9799K, paused 4ms+126ms
04-08 13:04:34.520   188   200 D dalvikvm: GC_FOR_ALLOC freed 0K, 2% free 13381K/13639K, paused 183ms
04-08 13:04:34.640    89    92 D dalvikvm: GC_CONCURRENT freed 456K, 43% free 11049K/19335K, paused 15ms+38ms
04-08 13:04:34.700   266   266 I ActivityThread: Pub call_log: com.android.providers.contacts.CallLogProvider
04-08 13:04:34.760   266   266 I ActivityThread: Pub user_dictionary: com.android.providers.userdictionary.UserDictionaryProvider
04-08 13:04:34.820   188   191 D dalvikvm: GC_CONCURRENT freed <1K, 2% free 13382K/13639K, paused 4ms+5ms
04-08 13:04:35.600   188   188 D gralloc_goldfish: Emulator without GPU emulation detected.
04-08 13:04:35.640   266   282 I ContactsDatabaseHelper: Bootstrapping database version: 625
04-08 13:04:35.970    89    92 D dalvikvm: GC_CONCURRENT freed 404K, 43% free 11156K/19335K, paused 6ms+28ms
04-08 13:04:35.990    89   109 D SettingsProvider: external modification to /data/data/com.android.providers.settings/databases/settings.db; event=2
04-08 13:04:35.990    89   109 D SettingsProvider: updating our caches for /data/data/com.android.providers.settings/databases/settings.db
04-08 13:04:36.000   308   308 I ActivityThread: Pub com.android.deskclock: com.android.deskclock.AlarmProvider
04-08 13:04:36.060    89   109 D SettingsProvider: cache for settings table 'secure' rows=34; fullycached=true
04-08 13:04:36.290    89   109 D SettingsProvider: cache for settings table 'system' rows=47; fullycached=true
04-08 13:04:36.470   292   296 D dalvikvm: GC_CONCURRENT freed 302K, 5% free 9139K/9543K, paused 4ms+4ms
04-08 13:04:36.960    89    92 D dalvikvm: GC_CONCURRENT freed 511K, 43% free 11181K/19335K, paused 6ms+8ms
04-08 13:04:37.200    89   285 I ActivityManager: Force stopping package com.android.sdksetup uid=10028
04-08 13:04:37.200    89   285 I ActivityManager: Killing proc 292:com.android.sdksetup/10028: force stop
04-08 13:04:37.200    89   285 W ActivityManager: Force removing ActivityRecord{4148e1d8 com.android.sdksetup/.DefaultActivity}: app died, no saved state
04-08 13:04:37.340    89   128 W NetworkManagementSocketTagger: setKernelCountSet(10028, 0) failed with errno -2
04-08 13:04:37.510    89   103 D PackageManager: generateServicesMap(android.accounts.AccountAuthenticator): 2 services unchanged
04-08 13:04:37.520    89   103 D PackageManager: generateServicesMap(android.content.SyncAdapter): 4 services unchanged
04-08 13:04:38.030    89   101 W BackupManagerService: dataChanged but no participant pkg='com.android.providers.settings' uid=10008
04-08 13:04:38.090   308   333 V AlarmClock: AlarmInitReceiver finished
04-08 13:04:38.130    89   285 I ActivityManager: Start proc com.android.calendar for broadcast com.android.calendar/.widget.CalendarAppWidgetService$CalendarFactory: pid=335 uid=10032 gids={3003}
04-08 13:04:38.321    89    92 D dalvikvm: GC_CONCURRENT freed 614K, 44% free 11003K/19335K, paused 6ms+90ms
04-08 13:04:38.411    89   103 W ActivityManager: Activity idle timeout for ActivityRecord{4129cfb0 com.android.settings/.CryptKeeper}
04-08 13:04:38.481    89   128 W NetworkManagementSocketTagger: setKernelCountSet(1000, 0) failed with errno -2
04-08 13:04:38.481    36    36 I SurfaceFlinger: Boot is finished (79846 ms)
04-08 13:04:38.670    89   174 D dalvikvm: GC_EXPLICIT freed 32K, 44% free 10981K/19335K, paused 5ms+10ms
04-08 13:04:38.751    89   103 D PowerManagerService: bootCompleted
04-08 13:04:38.851    89   103 V DevicePolicyManagerService: Sending password expiration notifications for action android.intent.action.BOOT_COMPLETED
04-08 13:04:38.901    31    58 D VoldCmdListener: volume mount /mnt/sdcard
04-08 13:04:38.901    31    58 I Vold    : /dev/block/vold/179:0 being considered for volume sdcard
04-08 13:04:38.901    31    58 D Vold    : Volume sdcard state changing 1 (Idle-Unmounted) -> 3 (Checking)
04-08 13:04:38.901    89   138 D MountService: volume state changed for /mnt/sdcard (unmounted -> checking)
04-08 13:04:38.911   188   276 I StorageNotification: Media {/mnt/sdcard} state changed from {unmounted} -> {checking}
04-08 13:04:38.911    89   138 D MountService: sendStorageIntent Intent { act=android.intent.action.MEDIA_CHECKING dat=file:///mnt/sdcard (has extras) }
04-08 13:04:38.961    89   103 V WiredAccessoryObserver: init()
04-08 13:04:38.961    89   103 W WiredAccessoryObserver: This kernel does not have wired headset support
04-08 13:04:38.991    89   103 W WiredAccessoryObserver: This kernel does not have wired headset support
04-08 13:04:38.991    89   103 W WiredAccessoryObserver: This kernel does not have wired headset support
04-08 13:04:39.001   335   335 I ActivityThread: Pub com.android.calendar.CalendarRecentSuggestionsProvider: com.android.calendar.CalendarRecentSuggestionsProvider
04-08 13:04:39.021    89   140 E SoundPool: error loading /system/media/audio/ui/Effect_Tick.ogg
04-08 13:04:39.021    89   140 W AudioService: Soundpool could not load file: /system/media/audio/ui/Effect_Tick.ogg
04-08 13:04:39.021    89   140 E SoundPool: error loading /system/media/audio/ui/Effect_Tick.ogg
04-08 13:04:39.021    89   140 W AudioService: Soundpool could not load file: /system/media/audio/ui/Effect_Tick.ogg
04-08 13:04:39.021    89   140 E SoundPool: error loading /system/media/audio/ui/Effect_Tick.ogg
04-08 13:04:39.021    89   140 W AudioService: Soundpool could not load file: /system/media/audio/ui/Effect_Tick.ogg
04-08 13:04:39.021    89   140 E SoundPool: error loading /system/media/audio/ui/Effect_Tick.ogg
04-08 13:04:39.021    89   140 W AudioService: Soundpool could not load file: /system/media/audio/ui/Effect_Tick.ogg
04-08 13:04:39.021    89   140 E SoundPool: error loading /system/media/audio/ui/Effect_Tick.ogg
04-08 13:04:39.021    89   140 W AudioService: Soundpool could not load file: /system/media/audio/ui/Effect_Tick.ogg
04-08 13:04:39.021    89   140 E SoundPool: error loading /system/media/audio/ui/KeypressStandard.ogg
04-08 13:04:39.021    89   140 W AudioService: Soundpool could not load file: /system/media/audio/ui/KeypressStandard.ogg
04-08 13:04:39.021    89   140 E SoundPool: error loading /system/media/audio/ui/KeypressSpacebar.ogg
04-08 13:04:39.021    89   140 W AudioService: Soundpool could not load file: /system/media/audio/ui/KeypressSpacebar.ogg
04-08 13:04:39.021    89   140 E SoundPool: error loading /system/media/audio/ui/KeypressDelete.ogg
04-08 13:04:39.021    89   140 W AudioService: Soundpool could not load file: /system/media/audio/ui/KeypressDelete.ogg
04-08 13:04:39.021    89   140 E SoundPool: error loading /system/media/audio/ui/KeypressReturn.ogg
04-08 13:04:39.021    89   140 W AudioService: Soundpool could not load file: /system/media/audio/ui/KeypressReturn.ogg
04-08 13:04:39.021    89   140 W AudioService: loadSoundEffects(), Error -1 while loading samples
04-08 13:04:39.131   218   218 D CAT     : CatService: SIM ready. Reporting STK service running now...
04-08 13:04:40.172   266   269 D dalvikvm: GC_CONCURRENT freed 241K, 4% free 9459K/9799K, paused 7ms+4ms
04-08 13:04:40.430    89   127 F NetworkStats: problem reading network stats
04-08 13:04:40.430    89   127 F NetworkStats: java.lang.IllegalStateException: problem parsing idx 1
04-08 13:04:40.430    89   127 F NetworkStats: 	at com.android.internal.net.NetworkStatsFactory.readNetworkStatsDetail(NetworkStatsFactory.java:300)
04-08 13:04:40.430    89   127 F NetworkStats: 	at com.android.server.NetworkManagementService.getNetworkStatsUidDetail(NetworkManagementService.java:1282)
04-08 13:04:40.430    89   127 F NetworkStats: 	at com.android.server.net.NetworkStatsService.performPollLocked(NetworkStatsService.java:831)
04-08 13:04:40.430    89   127 F NetworkStats: 	at com.android.server.net.NetworkStatsService.updateIfacesLocked(NetworkStatsService.java:743)
04-08 13:04:40.430    89   127 F NetworkStats: 	at com.android.server.net.NetworkStatsService.updateIfaces(NetworkStatsService.java:721)
04-08 13:04:40.430    89   127 F NetworkStats: 	at com.android.server.net.NetworkStatsService.access$000(NetworkStatsService.java:128)
04-08 13:04:40.430    89   127 F NetworkStats: 	at com.android.server.net.NetworkStatsService$8.handleMessage(NetworkStatsService.java:1633)
04-08 13:04:40.430    89   127 F NetworkStats: 	at android.os.Handler.dispatchMessage(Handler.java:95)
04-08 13:04:40.430    89   127 F NetworkStats: 	at android.os.Looper.loop(Looper.java:137)
04-08 13:04:40.430    89   127 F NetworkStats: 	at android.os.HandlerThread.run(HandlerThread.java:60)
04-08 13:04:40.430    89   127 F NetworkStats: Caused by: java.io.FileNotFoundException: /proc/net/xt_qtaguid/stats: open failed: ENOENT (No such file or directory)
04-08 13:04:40.430    89   127 F NetworkStats: 	at libcore.io.IoBridge.open(IoBridge.java:406)
04-08 13:04:40.430    89   127 F NetworkStats: 	at java.io.FileInputStream.<init>(FileInputStream.java:78)
04-08 13:04:40.430    89   127 F NetworkStats: 	at com.android.internal.net.NetworkStatsFactory.readNetworkStatsDetail(NetworkStatsFactory.java:269)
04-08 13:04:40.430    89   127 F NetworkStats: 	... 9 more
04-08 13:04:40.430    89   127 F NetworkStats: Caused by: libcore.io.ErrnoException: open failed: ENOENT (No such file or directory)
04-08 13:04:40.430    89   127 F NetworkStats: 	at libcore.io.Posix.open(Native Method)
04-08 13:04:40.430    89   127 F NetworkStats: 	at libcore.io.BlockGuardOs.open(BlockGuardOs.java:110)
04-08 13:04:40.430    89   127 F NetworkStats: 	at libcore.io.IoBridge.open(IoBridge.java:390)
04-08 13:04:40.430    89   127 F NetworkStats: 	... 11 more
04-08 13:04:40.631   218   218 D MccTable: updateMccMncConfiguration: mcc=310, mnc=260
04-08 13:04:40.631   218   218 D MccTable: locale set to en_us
04-08 13:04:40.681    89   286 I ActivityManager: Config changed: {1.0 0mcc0mnc en_US layoutdir=0 sw320dp w320dp h508dp nrml long port finger qwerty/v/v tball/v s.4}
04-08 13:04:40.831   218   218 D MccTable: WIFI_COUNTRY_CODE set to us
04-08 13:04:40.831    89   177 I WifiService: WifiService trying to set country code to us with persist set to true
04-08 13:04:40.991   218   220 D dalvikvm: GC_CONCURRENT freed 323K, 5% free 9482K/9927K, paused 4ms+45ms
04-08 13:04:41.041    89    92 D dalvikvm: GC_CONCURRENT freed 441K, 43% free 11051K/19335K, paused 7ms+36ms
04-08 13:04:41.071    89   177 W BackupManagerService: dataChanged but no participant pkg='com.android.providers.settings' uid=1001
04-08 13:04:41.101    89   101 I ActivityManager: Config changed: {1.0 310mcc260mnc en_US layoutdir=0 sw320dp w320dp h508dp nrml long port finger qwerty/v/v tball/v s.5}
04-08 13:04:41.391   218   218 V OtaStartupReceiver: onReceive: intent action=android.intent.action.BOOT_COMPLETED  mOtaspMode=-1
04-08 13:04:41.391   218   218 D OtaStartupReceiver: OTASP not supported, nothing to do.
04-08 13:04:41.481    89   285 I ActivityManager: Start proc com.android.contacts for broadcast com.android.contacts/.calllog.CallLogReceiver: pid=360 uid=10020 gids={3003, 1015}
04-08 13:04:41.991    89   349 I SearchManagerService: Building list of searchable activities
04-08 13:04:42.121    89   103 D PackageManager: generateServicesMap(android.accounts.AccountAuthenticator): 2 services unchanged
04-08 13:04:42.161    89   103 D PackageManager: generateServicesMap(android.content.SyncAdapter): 4 services unchanged
04-08 13:04:42.521   218   220 D dalvikvm: GC_CONCURRENT freed 403K, 5% free 9616K/10119K, paused 4ms+5ms
04-08 13:04:42.771   308   333 V AlarmClock: AlarmInitReceiver finished
04-08 13:04:42.990    31    58 I /system/bin/fsck_msdos: ** /dev/block/vold/179:0
04-08 13:04:43.070    31    58 I /system/bin/fsck_msdos: ** Phase 1 - Read and Compare FATs
04-08 13:04:43.110    31    58 I /system/bin/fsck_msdos: Attempting to allocate 238 KB for FAT
04-08 13:04:43.210   266   282 I ContactsProviderV1: Bootstrapping database legacy support
04-08 13:04:43.250    89   103 W ActivityManager: Launch timeout has expired, giving up wake lock!
04-08 13:04:43.270   266   269 D dalvikvm: GC_CONCURRENT freed 442K, 6% free 9466K/9991K, paused 4ms+5ms
04-08 13:04:43.400    89   286 I ActivityManager: Start proc com.android.providers.calendar for content provider com.android.providers.calendar/.CalendarProvider2: pid=374 uid=10031 gids={3003, 1015}
04-08 13:04:43.940    31    58 I /system/bin/fsck_msdos: Attempting to allocate 238 KB for FAT
04-08 13:04:44.230    89   177 D dalvikvm: GREF has increased to 301
04-08 13:04:44.290    89    92 D dalvikvm: GC_CONCURRENT freed 416K, 43% free 11117K/19335K, paused 6ms+9ms
04-08 13:04:44.380    89   391 I RecoverySystem: No recovery log file
04-08 13:04:44.520   374   374 I ActivityThread: Pub com.android.calendar: com.android.providers.calendar.CalendarProvider2
04-08 13:04:44.541    89   391 I ActivityManager: Start proc android.process.media for content provider com.android.providers.downloads/.DownloadProvider: pid=396 uid=10004 gids={1015, 1023, 1024, 1006, 2001, 3003, 3007}
04-08 13:04:44.620   308   333 V AlarmClock: AlarmInitReceiver finished
04-08 13:04:44.710    89   174 I ActivityManager: Start proc com.android.email for broadcast com.android.email/.service.EmailBroadcastReceiver: pid=404 uid=10011 gids={3003, 1015}
04-08 13:04:44.900   374   374 I CalendarDatabaseHelper: Bootstrapping database
04-08 13:04:44.930    31    58 I /system/bin/fsck_msdos: ** Phase 2 - Check Cluster Chains
04-08 13:04:44.940    31    58 I /system/bin/fsck_msdos: ** Phase 3 - Checking Directories
04-08 13:04:45.010    31    58 I /system/bin/fsck_msdos: ** Phase 4 - Checking for Lost Files
04-08 13:04:45.020   374   376 D dalvikvm: GC_CONCURRENT freed 373K, 5% free 9162K/9607K, paused 5ms+3ms
04-08 13:04:45.060    31    58 I /system/bin/fsck_msdos: 12 files, 30220 free (60441 clusters)
04-08 13:04:45.140    31    58 I Vold    : Filesystem check completed OK
04-08 13:04:45.140    31    58 I Vold    : Device /dev/block/vold/179:0, target /mnt/sdcard mounted @ /mnt/secure/staging
04-08 13:04:45.150    31    58 D Vold    : Volume sdcard state changing 3 (Checking) -> 4 (Mounted)
04-08 13:04:45.150    89   138 D MountService: volume state changed for /mnt/sdcard (checking -> mounted)
04-08 13:04:45.350    89   138 I PackageManager: Updating external media status from unmounted to mounted
04-08 13:04:45.350    89   138 D MountService: sendStorageIntent Intent { act=android.intent.action.MEDIA_MOUNTED dat=file:///mnt/sdcard (has extras) }
04-08 13:04:45.360   188   276 I StorageNotification: Media {/mnt/sdcard} state changed from {checking} -> {mounted}
04-08 13:04:45.570   360   390 I AccountTypeManager: Loaded meta-data for 1 account types, 0 accounts in 1533ms(wall) 35ms(cpu)
04-08 13:04:45.950    89   133 D ConnectivityService: ConnectivityChange for mobile: CONNECTED/CONNECTED
04-08 13:04:46.120    89    92 D dalvikvm: GC_CONCURRENT freed 443K, 43% free 11200K/19335K, paused 6ms+19ms
04-08 13:04:46.160   396   396 I ActivityThread: Pub media: com.android.providers.media.MediaProvider
04-08 13:04:46.270   404   404 I ActivityThread: Pub com.android.email.provider;com.android.email.notifier: com.android.email.provider.EmailProvider
04-08 13:04:46.340    89   127 F NetworkStats: problem reading network stats
04-08 13:04:46.340    89   127 F NetworkStats: java.lang.IllegalStateException: problem parsing idx 1
04-08 13:04:46.340    89   127 F NetworkStats: 	at com.android.internal.net.NetworkStatsFactory.readNetworkStatsDetail(NetworkStatsFactory.java:300)
04-08 13:04:46.340    89   127 F NetworkStats: 	at com.android.server.NetworkManagementService.getNetworkStatsUidDetail(NetworkManagementService.java:1282)
04-08 13:04:46.340    89   127 F NetworkStats: 	at com.android.server.net.NetworkStatsService.performPollLocked(NetworkStatsService.java:831)
04-08 13:04:46.340    89   127 F NetworkStats: 	at com.android.server.net.NetworkStatsService.updateIfacesLocked(NetworkStatsService.java:743)
04-08 13:04:46.340    89   127 F NetworkStats: 	at com.android.server.net.NetworkStatsService.updateIfaces(NetworkStatsService.java:721)
04-08 13:04:46.340    89   127 F NetworkStats: 	at com.android.server.net.NetworkStatsService.access$000(NetworkStatsService.java:128)
04-08 13:04:46.340    89   127 F NetworkStats: 	at com.android.server.net.NetworkStatsService$1.onReceive(NetworkStatsService.java:612)
04-08 13:04:46.340    89   127 F NetworkStats: 	at android.app.LoadedApk$ReceiverDispatcher$Args.run(LoadedApk.java:728)
04-08 13:04:46.340    89   127 F NetworkStats: 	at android.os.Handler.handleCallback(Handler.java:605)
04-08 13:04:46.340    89   127 F NetworkStats: 	at android.os.Handler.dispatchMessage(Handler.java:92)
04-08 13:04:46.340    89   127 F NetworkStats: 	at android.os.Looper.loop(Looper.java:137)
04-08 13:04:46.340    89   127 F NetworkStats: 	at android.os.HandlerThread.run(HandlerThread.java:60)
04-08 13:04:46.340    89   127 F NetworkStats: Caused by: java.io.FileNotFoundException: /proc/net/xt_qtaguid/stats: open failed: ENOENT (No such file or directory)
04-08 13:04:46.340    89   127 F NetworkStats: 	at libcore.io.IoBridge.open(IoBridge.java:406)
04-08 13:04:46.340    89   127 F NetworkStats: 	at java.io.FileInputStream.<init>(FileInputStream.java:78)
04-08 13:04:46.340    89   127 F NetworkStats: 	at com.android.internal.net.NetworkStatsFactory.readNetworkStatsDetail(NetworkStatsFactory.java:269)
04-08 13:04:46.340    89   127 F NetworkStats: 	... 11 more
04-08 13:04:46.340    89   127 F NetworkStats: Caused by: libcore.io.ErrnoException: open failed: ENOENT (No such file or directory)
04-08 13:04:46.340    89   127 F NetworkStats: 	at libcore.io.Posix.open(Native Method)
04-08 13:04:46.340    89   127 F NetworkStats: 	at libcore.io.BlockGuardOs.open(BlockGuardOs.java:110)
04-08 13:04:46.340    89   127 F NetworkStats: 	at libcore.io.IoBridge.open(IoBridge.java:390)
04-08 13:04:46.340    89   127 F NetworkStats: 	... 13 more
04-08 13:04:46.460   404   404 I ActivityThread: Pub com.android.email.attachmentprovider: com.android.email.provider.AttachmentProvider
04-08 13:04:46.500    89   128 I NetworkPolicy: no policy for active mobile network; generating default policy
04-08 13:04:46.650    89   128 D NetworkPolicy: applying policy NetworkPolicy[NetworkTemplate: matchRule=MOBILE_ALL, subscriberId=310260000000000]: cycleDay=8, warningBytes=2147483648, limitBytes=-1, lastSnooze=-1 to ifaces [eth0]
04-08 13:04:46.710   218   220 D dalvikvm: GC_CONCURRENT freed 617K, 7% free 9561K/10247K, paused 4ms+5ms
04-08 13:04:46.861   396   396 I MediaProvider: Upgrading media database from version 0 to 408, which will destroy all old data
04-08 13:04:46.920    89    92 D dalvikvm: GC_CONCURRENT freed 510K, 43% free 11168K/19335K, paused 6ms+8ms
04-08 13:04:46.960    89   133 D ConnectivityService: ConnectivityChange for mobile: DISCONNECTED/DISCONNECTED
04-08 13:04:46.960    89   133 D ConnectivityService: Attempting to switch to wifi
04-08 13:04:46.970    89   133 D ConnectivityService: resetConnections(eth0, 3)
04-08 13:04:46.970    89   133 D NetUtils: android_net_utils_resetConnections in env=0x1d9cb8 clazz=0x2eb00001 iface=eth0 mask=0x3
04-08 13:04:46.990   404   413 D dalvikvm: Debugger has detached; object registry had 1 entries
04-08 13:04:46.990    89    95 D dalvikvm: Debugger has detached; object registry had 1 entries
04-08 13:04:46.990   188   194 D dalvikvm: Debugger has detached; object registry had 1 entries
04-08 13:04:46.990   202   210 D dalvikvm: Debugger has detached; object registry had 1 entries
04-08 13:04:46.990   218   226 D dalvikvm: Debugger has detached; object registry had 1 entries
04-08 13:04:47.000   266   275 D dalvikvm: Debugger has detached; object registry had 1 entries
04-08 13:04:47.000   374   380 D dalvikvm: Debugger has detached; object registry had 1 entries
04-08 13:04:47.020   396   402 D dalvikvm: Debugger has detached; object registry had 1 entries
04-08 13:04:47.120    89   127 F NetworkStats: problem reading network stats
04-08 13:04:47.120    89   127 F NetworkStats: java.lang.IllegalStateException: problem parsing idx 1
04-08 13:04:47.120    89   127 F NetworkStats: 	at com.android.internal.net.NetworkStatsFactory.readNetworkStatsDetail(NetworkStatsFactory.java:300)
04-08 13:04:47.120    89   127 F NetworkStats: 	at com.android.server.NetworkManagementService.getNetworkStatsUidDetail(NetworkManagementService.java:1282)
04-08 13:04:47.120    89   127 F NetworkStats: 	at com.android.server.net.NetworkStatsService.performPollLocked(NetworkStatsService.java:831)
04-08 13:04:47.120    89   127 F NetworkStats: 	at com.android.server.net.NetworkStatsService.updateIfacesLocked(NetworkStatsService.java:743)
04-08 13:04:47.120    89   127 F NetworkStats: 	at com.android.server.net.NetworkStatsService.updateIfaces(NetworkStatsService.java:721)
04-08 13:04:47.120    89   127 F NetworkStats: 	at com.android.server.net.NetworkStatsService.access$000(NetworkStatsService.java:128)
04-08 13:04:47.120    89   127 F NetworkStats: 	at com.android.server.net.NetworkStatsService$1.onReceive(NetworkStatsService.java:612)
04-08 13:04:47.120    89   127 F NetworkStats: 	at android.app.LoadedApk$ReceiverDispatcher$Args.run(LoadedApk.java:728)
04-08 13:04:47.120    89   127 F NetworkStats: 	at android.os.Handler.handleCallback(Handler.java:605)
04-08 13:04:47.120    89   127 F NetworkStats: 	at android.os.Handler.dispatchMessage(Handler.java:92)
04-08 13:04:47.120    89   127 F NetworkStats: 	at android.os.Looper.loop(Looper.java:137)
04-08 13:04:47.120    89   127 F NetworkStats: 	at android.os.HandlerThread.run(HandlerThread.java:60)
04-08 13:04:47.120    89   127 F NetworkStats: Caused by: java.io.FileNotFoundException: /proc/net/xt_qtaguid/stats: open failed: ENOENT (No such file or directory)
04-08 13:04:47.120    89   127 F NetworkStats: 	at libcore.io.IoBridge.open(IoBridge.java:406)
04-08 13:04:47.120    89   127 F NetworkStats: 	at java.io.FileInputStream.<init>(FileInputStream.java:78)
04-08 13:04:47.120    89   127 F NetworkStats: 	at com.android.internal.net.NetworkStatsFactory.readNetworkStatsDetail(NetworkStatsFactory.java:269)
04-08 13:04:47.120    89   127 F NetworkStats: 	... 11 more
04-08 13:04:47.120    89   127 F NetworkStats: Caused by: libcore.io.ErrnoException: open failed: ENOENT (No such file or directory)
04-08 13:04:47.120    89   127 F NetworkStats: 	at libcore.io.Posix.open(Native Method)
04-08 13:04:47.120    89   127 F NetworkStats: 	at libcore.io.BlockGuardOs.open(BlockGuardOs.java:110)
04-08 13:04:47.120    89   127 F NetworkStats: 	at libcore.io.IoBridge.open(IoBridge.java:390)
04-08 13:04:47.120    89   127 F NetworkStats: 	... 13 more
04-08 13:04:47.201    89   423 I ActivityManager: Start proc com.android.exchange for service com.android.exchange/.ExchangeService: pid=431 uid=10021 gids={3003, 1015}
04-08 13:04:47.280   396   398 D dalvikvm: GC_CONCURRENT freed 377K, 5% free 9159K/9607K, paused 5ms+3ms
04-08 13:04:47.470    31    58 D VoldCmdListener: asec list
04-08 13:04:47.500   431   431 I ActivityThread: Pub com.android.exchange.directory.provider: com.android.exchange.provider.ExchangeDirectoryProvider
04-08 13:04:47.640    89   107 I PackageManager: No secure containers on sdcard
04-08 13:04:47.640    89   107 I PackageManager: Platform changed from 0 to 15; regranting permissions for external storage
04-08 13:04:47.990   231   240 D dalvikvm: Debugger has detached; object registry had 1 entries
