04-08 13:04:46.820   218   218 D GSM     : [GsmDCT] cleanUpConnection: tearDown=true reason=apnChanged
04-08 13:04:46.820   218   218 D GSM     : [ApnContext] setState: IDLE for type mms, previous state:IDLE
04-08 13:04:46.820   218   218 D GSM     : [ApnContext] set reason as apnChanged, for type cbs,current state IDLE
04-08 13:04:46.820   218   218 D GSM     : [GsmDCT] cleanUpConnection: tearDown=true reason=apnChanged
04-08 13:04:46.820   218   218 D GSM     : [ApnContext] setState: IDLE for type cbs, previous state:IDLE
04-08 13:04:46.820   218   218 D GSM     : [GsmDCT] stopNetStatPoll
04-08 13:04:46.820   218   218 D GSM     : [GsmDCT] stopDataStallAlarm: current tag=75466 mDataStallAlarmIntent=PendingIntent{412b5170: android.os.BinderProxy@4131a810}
04-08 13:04:46.930   218   218 D GSM     : [GsmDCT] handleMessage msg={ what=270368 when=-294ms arg1=1 }
04-08 13:04:46.930   218   218 D GSM     : [GsmDCT] handleMessage msg={ what=270351 when=-128ms obj=android.os.AsyncResult@412d05f0 }
04-08 13:04:46.930   218   218 D GSM     : [GsmDCT] DataConnectoinTracker.handleMessage: EVENT_DISCONNECT_DONE msg={ what=270351 when=-129ms obj=android.os.AsyncResult@412d05f0 }
04-08 13:04:46.930   218   218 D GSM     : [GsmDCT] onDisconnectDone: EVENT_DISCONNECT_DONE connId=0
04-08 13:04:46.930   218   218 D GSM     : [ApnContext] setState: IDLE for type default, previous state:DISCONNECTING
04-08 13:04:46.930   218   218 D GSM     : [GsmDCT] isDataPossible(default): possible=true isDataAllowed=true apnTypePossible=true apnContextisEnabled=true apnContextState()=IDLE
04-08 13:04:46.930   218   218 D GSM     : [GsmDCT] get active apn string for type:default
04-08 13:04:47.000   218   218 D GSM     : [GsmDCT] Schedule alarm for reconnect: activate failed. Scheduling next attempt for 5s
04-08 13:04:47.120   218   218 D GSM     : [GsmDCT] handleMessage msg={ what=270368 when=0 arg1=1 }
04-08 13:04:52.010   218   218 D GSM     : [GsmDCT] onReceive: action=com.android.internal.telephony.gprs-reconnect.0
04-08 13:04:52.020   218   218 D GSM     : [GsmDCT] Reconnect alarm. Previous state was IDLE
04-08 13:04:52.020   218   218 D GSM     : [GsmDCT] GPRS reconnect alarm. Previous state was IDLE
04-08 13:04:52.020   218   218 D GSM     : [ApnContext] set reason as apnChanged, for type default,current state IDLE
04-08 13:04:52.020   218   218 D GSM     : [GsmDCT] handleMessage msg={ what=270339 when=-2ms obj=state=IDLE apnType=default }
04-08 13:04:52.020   218   218 D GSM     : [GsmDCT] onTrySetupData: apnContext=state=IDLE apnType=default
04-08 13:04:52.020   218   218 D GSM     : [GsmDCT] trySetupData for type:default due to apnChanged
04-08 13:04:52.020   218   218 D GSM     : [GsmDCT] trySetupData with mIsPsRestricted=false
04-08 13:04:52.020   218   218 D GSM     : [GsmDCT] isEmergency: result=false
04-08 13:04:52.020   218   218 D GSM     : [GsmDCT] buildWaitingApns: Preferred APN:310260:310260:[ApnSettingV2] TelKila, 2, 310260, internet, null, null, null, null, null, -1, *, IP, IP, true, 0
04-08 13:04:52.020   218   218 D GSM     : [GsmDCT] buildWaitingApns: X added preferred apnList=[[ApnSettingV2] TelKila, 2, 310260, internet, null, null, null, null, null, -1, *, IP, IP, true, 0]
04-08 13:04:52.020   218   218 D GSM     : [GsmDCT] trySetupData: Create from mAllApns : [[ApnSettingV2] TelKila, 2, 310260, internet, null, null, null, null, null, -1, *, IP, IP, true, 0]
04-08 13:04:52.020   218   218 D GSM     : [GsmDCT] Setup watingApns : [[ApnSettingV2] TelKila, 2, 310260, internet, null, null, null, null, null, -1, *, IP, IP, true, 0]
04-08 13:04:52.020   218   218 D GSM     : [GsmDCT] setupData: apnContext=state=IDLE apnType=default
04-08 13:04:52.020   218   218 D GSM     : [ApnContext] setState: INITING for type default, previous state:IDLE
04-08 13:04:52.020   218   218 D GSM     : [GsmDCT] isDataPossible(default): possible=true isDataAllowed=true apnTypePossible=true apnContextisEnabled=true apnContextState()=INITING
04-08 13:04:52.020   218   218 D GSM     : [GsmDCT] get active apn string for type:default
04-08 13:04:52.050   218   383 D GSM     : [GsmDC-1] DcInactiveState msg.what=EVENT_CONNECT.RefCount = 0
04-08 13:04:52.050   218   383 D GSM     : [GsmDC-1] Connecting to carrier: 'TelKila' APN: 'internet' proxy: 'null' port: 'null
04-08 13:04:52.050   218   383 D RILJ    : [0062]> SETUP_DATA_CALL 5 0 internet * * 3 IP
04-08 13:04:52.050    35    64 D RIL     : onRequest: SETUP_DATA_CALL
04-08 13:04:52.050    35    64 D RIL     : requesting data connection to APN 'internet'
04-08 13:04:52.050    35    64 D AT      : AT> AT+CGDCONT=1,"IP","internet",,0,0
04-08 13:04:52.050    35    66 D AT      : AT< OK
04-08 13:04:52.050    35    64 D AT      : AT> AT+CGQREQ=1
04-08 13:04:52.050    35    66 D AT      : AT< OK
04-08 13:04:52.050    35    64 D AT      : AT> AT+CGQMIN=1
04-08 13:04:52.050    35    66 D AT      : AT< OK
04-08 13:04:52.050    35    64 D AT      : AT> AT+CGEREP=1,0
04-08 13:04:52.050    35    66 D AT      : AT< OK
04-08 13:04:52.050    35    64 D AT      : AT> AT+CGACT=1,0
04-08 13:04:52.050    35    66 D AT      : AT< OK
04-08 13:04:52.050    35    64 D AT      : AT> ATD*99***1#
04-08 13:04:52.050    35    66 D AT      : AT< OK
04-08 13:04:52.050    35    64 D AT      : AT> AT+CGACT?
04-08 13:04:52.050    35    66 D AT      : AT< +CGACT: 1,1
04-08 13:04:52.050    35    66 D AT      : AT< OK
04-08 13:04:52.050    35    64 D AT      : AT> AT+CGDCONT?
04-08 13:04:52.050    35    66 D AT      : AT< +CGDCONT: 1,"IP","internet","10.0.2.15",0,0
04-08 13:04:52.050    35    66 D AT      : AT< OK
04-08 13:04:52.060   218   274 D RILJ    : [0062]< SETUP_DATA_CALL DataCallState: {version=6 status=0 retry=-1 cid=1 active=1 type=IP' ifname='eth0' addresses=[10.0.2.15] dnses=[10.0.2.3,10.0.2.4] gateways=[10.0.2.2]}
04-08 13:04:52.060   218   383 D GSM     : [GsmDC-1] DcActivatingState msg.what=EVENT_SETUP_DATA_CONNECTION_DONE
04-08 13:04:52.060   218   383 D GSM     : [GsmDC-1] onSetupConnectionCompleted received DataCallState: DataCallState: {version=6 status=0 retry=-1 cid=1 active=1 type=IP' ifname='eth0' addresses=[10.0.2.15] dnses=[10.0.2.3,10.0.2.4] gateways=[10.0.2.2]}
04-08 13:04:52.060   218   383 D GSM     : addr/pl=10.0.2.15/32
04-08 13:04:52.060   218   383 D GSM     : [GsmDC-1] updateLinkProperty old != new
04-08 13:04:52.060   218   383 D GSM     : [GsmDC-1] DcActivatingState onSetupConnectionCompleted result=SUCCESS  SetupResult.mFailCause=NONE
04-08 13:04:52.060   218   383 D GSM     : [GsmDC-1] notifyConnectionCompleted at 1333890292068 cause=NONE
04-08 13:04:52.060   218   218 D GSM     : [GsmDCT] setupData: initing!
04-08 13:04:52.060   218   218 D GSM     : [GsmDCT] notifyOffApnOfAvailability type:fota
04-08 13:04:52.060   218   218 D GSM     : [GsmDCT] isDataPossible(fota): possible=true isDataAllowed=true apnTypePossible=true apnContextisEnabled=false apnContextState()=IDLE
04-08 13:04:52.060   218   218 D GSM     : [GsmDCT] get active apn string for type:fota
04-08 13:04:52.080   218   218 D GSM     : [GsmDCT] notifyOffApnOfAvailability type:supl
04-08 13:04:52.080   218   218 D GSM     : [GsmDCT] isDataPossible(supl): possible=true isDataAllowed=true apnTypePossible=true apnContextisEnabled=false apnContextState()=IDLE
04-08 13:04:52.080   218   218 D GSM     : [GsmDCT] get active apn string for type:supl
04-08 13:04:52.090   218   218 D GSM     : [GsmDCT] notifyOffApnOfAvailability type:hipri
04-08 13:04:52.090   218   218 D GSM     : [GsmDCT] isDataPossible(hipri): possible=true isDataAllowed=true apnTypePossible=true apnContextisEnabled=false apnContextState()=IDLE
04-08 13:04:52.090   218   218 D GSM     : [GsmDCT] get active apn string for type:hipri
04-08 13:04:52.110   218   218 D GSM     : [GsmDCT] notifyOffApnOfAvailability type:ims
04-08 13:04:52.110   218   218 D GSM     : [GsmDCT] isDataPossible(ims): possible=true isDataAllowed=true apnTypePossible=true apnContextisEnabled=false apnContextState()=IDLE
04-08 13:04:52.110   218   218 D GSM     : [GsmDCT] get active apn string for type:ims
04-08 13:04:52.131   218   218 D GSM     : [GsmDCT] notifyOffApnsOfAvailability skipped apn due to isReady==false: state=INITING apnType=default
04-08 13:04:52.131   218   218 D GSM     : [GsmDCT] notifyOffApnOfAvailability type:mms
04-08 13:04:52.131   218   218 D GSM     : [GsmDCT] isDataPossible(mms): possible=true isDataAllowed=true apnTypePossible=true apnContextisEnabled=false apnContextState()=IDLE
04-08 13:04:52.131   218   218 D GSM     : [GsmDCT] get active apn string for type:mms
04-08 13:04:52.150   218   218 D GSM     : [GsmDCT] notifyOffApnOfAvailability type:cbs
04-08 13:04:52.150   218   218 D GSM     : [GsmDCT] isDataPossible(cbs): possible=true isDataAllowed=true apnTypePossible=true apnContextisEnabled=false apnContextState()=IDLE
04-08 13:04:52.150   218   218 D GSM     : [GsmDCT] get active apn string for type:cbs
04-08 13:04:52.170   218   218 D GSM     : [GsmDCT] handleMessage msg={ what=270336 when=-102ms arg1=1 obj=android.os.AsyncResult@412d8740 }
04-08 13:04:52.170   218   218 D GSM     : [GsmDCT] isDataSetupCompleteOk return true
04-08 13:04:52.170   218   218 D GSM     : [GsmDCT] onDataSetupComplete: success apn=internet
04-08 13:04:52.170   218   218 D GSM     : [GsmDCT] notifyDefaultData: type=default, reason:apnChanged
04-08 13:04:52.170   218   218 D GSM     : [ApnContext] setState: CONNECTED for type default, previous state:INITING
04-08 13:04:52.170   218   218 D GSM     : [GsmDCT] return link properites for default
04-08 13:04:52.170   218   218 D GSM     : [GsmDCT] get active pdp is not null, return link Capabilities for default
04-08 13:04:52.170   218   218 D GSM     : [GsmDCT] isDataPossible(default): possible=true isDataAllowed=true apnTypePossible=true apnContextisEnabled=true apnContextState()=CONNECTED
04-08 13:04:52.170   218   218 D GSM     : [GsmDCT] get active apn string for type:default
04-08 13:04:52.220   218   218 D GSM     : [GsmDCT] overall state is CONNECTED
04-08 13:04:52.220   218   218 D GSM     : [GsmDCT] startNetStatPoll
04-08 13:04:52.220   218   218 D GSM     : [GsmDCT] startDataStallAlarm: tag=75468 delay=360s
04-08 13:04:52.310   218   218 D GSM     : [GsmDCT] handleMessage msg={ what=270368 when=-24ms arg1=1 }
04-08 13:04:58.812   218   218 D RILJ    : [0063]> SIGNAL_STRENGTH
04-08 13:04:58.812    35    64 D RIL     : onRequest: SIGNAL_STRENGTH
04-08 13:04:58.812    35    64 D AT      : AT> AT+CSQ
04-08 13:04:58.812    35    66 D AT      : AT< +CSQ: 7,99
04-08 13:04:58.812    35    66 D AT      : AT< OK
04-08 13:04:58.812    35    64 E RILC    : invalid response length
04-08 13:04:58.821   218   274 D RILJ    : [0063]< SIGNAL_STRENGTH error: com.android.internal.telephony.CommandException: INVALID_RESPONSE
04-08 13:04:58.821   218   218 D RILB    : getLteOnCdmaMode=0 curVal=-1 product_type='' lteOnCdmaProductType=''
04-08 13:04:58.821   218   218 D RILB    : getLteOnCdmaMode=0 curVal=-1 product_type='' lteOnCdmaProductType=''
04-08 13:05:18.882   218   218 D RILJ    : [0064]> SIGNAL_STRENGTH
04-08 13:05:18.882    35    64 D RIL     : onRequest: SIGNAL_STRENGTH
04-08 13:05:18.882    35    64 D AT      : AT> AT+CSQ
04-08 13:05:18.882    35    66 D AT      : AT< +CSQ: 7,99
04-08 13:05:18.882    35    66 D AT      : AT< OK
04-08 13:05:18.882    35    64 E RILC    : invalid response length
04-08 13:05:18.882   218   274 D RILJ    : [0064]< SIGNAL_STRENGTH error: com.android.internal.telephony.CommandException: INVALID_RESPONSE
04-08 13:05:18.890   218   218 D RILB    : getLteOnCdmaMode=0 curVal=-1 product_type='' lteOnCdmaProductType=''
04-08 13:05:18.890   218   218 D RILB    : getLteOnCdmaMode=0 curVal=-1 product_type='' lteOnCdmaProductType=''
04-08 13:05:38.935   218   218 D RILJ    : [0065]> SIGNAL_STRENGTH
04-08 13:05:38.940    35    64 D RIL     : onRequest: SIGNAL_STRENGTH
04-08 13:05:38.940    35    64 D AT      : AT> AT+CSQ
04-08 13:05:38.940    35    66 D AT      : AT< +CSQ: 7,99
04-08 13:05:38.940    35    66 D AT      : AT< OK
04-08 13:05:38.940    35    64 E RILC    : invalid response length
04-08 13:05:38.940   218   274 D RILJ    : [0065]< SIGNAL_STRENGTH error: com.android.internal.telephony.CommandException: INVALID_RESPONSE
04-08 13:05:38.940   218   218 D RILB    : getLteOnCdmaMode=0 curVal=-1 product_type='' lteOnCdmaProductType=''
04-08 13:05:38.940   218   218 D RILB    : getLteOnCdmaMode=0 curVal=-1 product_type='' lteOnCdmaProductType=''
04-08 13:05:58.985   218   218 D RILJ    : [0066]> SIGNAL_STRENGTH
04-08 13:05:58.990    35    64 D RIL     : onRequest: SIGNAL_STRENGTH
04-08 13:05:58.990    35    64 D AT      : AT> AT+CSQ
04-08 13:05:58.990    35    66 D AT      : AT< +CSQ: 7,99
04-08 13:05:58.990    35    66 D AT      : AT< OK
04-08 13:05:58.990    35    64 E RILC    : invalid response length
04-08 13:05:58.990   218   274 D RILJ    : [0066]< SIGNAL_STRENGTH error: com.android.internal.telephony.CommandException: INVALID_RESPONSE
04-08 13:05:58.990   218   218 D RILB    : getLteOnCdmaMode=0 curVal=-1 product_type='' lteOnCdmaProductType=''
04-08 13:05:58.990   218   218 D RILB    : getLteOnCdmaMode=0 curVal=-1 product_type='' lteOnCdmaProductType=''
04-08 13:06:19.032   218   218 D RILJ    : [0067]> SIGNAL_STRENGTH
04-08 13:06:19.032    35    64 D RIL     : onRequest: SIGNAL_STRENGTH
04-08 13:06:19.032    35    64 D AT      : AT> AT+CSQ
04-08 13:06:19.032    35    66 D AT      : AT< +CSQ: 7,99
04-08 13:06:19.032    35    66 D AT      : AT< OK
04-08 13:06:19.032    35    64 E RILC    : invalid response length
04-08 13:06:19.040   218   274 D RILJ    : [0067]< SIGNAL_STRENGTH error: com.android.internal.telephony.CommandException: INVALID_RESPONSE
04-08 13:06:19.040   218   218 D RILB    : getLteOnCdmaMode=0 curVal=-1 product_type='' lteOnCdmaProductType=''
04-08 13:06:19.040   218   218 D RILB    : getLteOnCdmaMode=0 curVal=-1 product_type='' lteOnCdmaProductType=''
04-08 13:06:39.097   218   218 D RILJ    : [0068]> SIGNAL_STRENGTH
04-08 13:06:39.100    35    64 D RIL     : onRequest: SIGNAL_STRENGTH
04-08 13:06:39.100    35    64 D AT      : AT> AT+CSQ
04-08 13:06:39.100    35    66 D AT      : AT< +CSQ: 7,99
04-08 13:06:39.100    35    66 D AT      : AT< OK
04-08 13:06:39.100    35    64 E RILC    : invalid response length
04-08 13:06:39.100   218   274 D RILJ    : [0068]< SIGNAL_STRENGTH error: com.android.internal.telephony.CommandException: INVALID_RESPONSE
04-08 13:06:39.110   218   218 D RILB    : getLteOnCdmaMode=0 curVal=-1 product_type='' lteOnCdmaProductType=''
04-08 13:06:39.110   218   218 D RILB    : getLteOnCdmaMode=0 curVal=-1 product_type='' lteOnCdmaProductType=''
04-08 13:06:59.140   218   218 D RILJ    : [0069]> SIGNAL_STRENGTH
04-08 13:06:59.140    35    64 D RIL     : onRequest: SIGNAL_STRENGTH
04-08 13:06:59.140    35    64 D AT      : AT> AT+CSQ
04-08 13:06:59.140    35    66 D AT      : AT< +CSQ: 7,99
04-08 13:06:59.140    35    66 D AT      : AT< OK
04-08 13:06:59.140    35    64 E RILC    : invalid response length
04-08 13:06:59.150   218   274 D RILJ    : [0069]< SIGNAL_STRENGTH error: com.android.internal.telephony.CommandException: INVALID_RESPONSE
04-08 13:06:59.150   218   218 D RILB    : getLteOnCdmaMode=0 curVal=-1 product_type='' lteOnCdmaProductType=''
04-08 13:06:59.150   218   218 D RILB    : getLteOnCdmaMode=0 curVal=-1 product_type='' lteOnCdmaProductType=''
04-08 13:07:19.174   218   218 D RILJ    : [0070]> SIGNAL_STRENGTH
04-08 13:07:19.174    35    64 D RIL     : onRequest: SIGNAL_STRENGTH
04-08 13:07:19.174    35    64 D AT      : AT> AT+CSQ
04-08 13:07:19.180    35    66 D AT      : AT< +CSQ: 7,99
04-08 13:07:19.180    35    66 D AT      : AT< OK
04-08 13:07:19.180    35    64 E RILC    : invalid response length
04-08 13:07:19.180   218   274 D RILJ    : [0070]< SIGNAL_STRENGTH error: com.android.internal.telephony.CommandException: INVALID_RESPONSE
04-08 13:07:19.180   218   218 D RILB    : getLteOnCdmaMode=0 curVal=-1 product_type='' lteOnCdmaProductType=''
04-08 13:07:19.180   218   218 D RILB    : getLteOnCdmaMode=0 curVal=-1 product_type='' lteOnCdmaProductType=''
04-08 13:07:39.209   218   218 D RILJ    : [0071]> SIGNAL_STRENGTH
04-08 13:07:39.210    35    64 D RIL     : onRequest: SIGNAL_STRENGTH
04-08 13:07:39.210    35    64 D AT      : AT> AT+CSQ
04-08 13:07:39.210    35    66 D AT      : AT< +CSQ: 7,99
04-08 13:07:39.210    35    66 D AT      : AT< OK
04-08 13:07:39.210    35    64 E RILC    : invalid response length
04-08 13:07:39.210   218   274 D RILJ    : [0071]< SIGNAL_STRENGTH error: com.android.internal.telephony.CommandException: INVALID_RESPONSE
04-08 13:07:39.220   218   218 D RILB    : getLteOnCdmaMode=0 curVal=-1 product_type='' lteOnCdmaProductType=''
04-08 13:07:39.220   218   218 D RILB    : getLteOnCdmaMode=0 curVal=-1 product_type='' lteOnCdmaProductType=''
04-08 13:07:59.264   218   218 D RILJ    : [0072]> SIGNAL_STRENGTH
04-08 13:07:59.264    35    64 D RIL     : onRequest: SIGNAL_STRENGTH
04-08 13:07:59.264    35    64 D AT      : AT> AT+CSQ
04-08 13:07:59.264    35    66 D AT      : AT< +CSQ: 7,99
04-08 13:07:59.270    35    66 D AT      : AT< OK
04-08 13:07:59.270    35    64 E RILC    : invalid response length
04-08 13:07:59.270   218   274 D RILJ    : [0072]< SIGNAL_STRENGTH error: com.android.internal.telephony.CommandException: INVALID_RESPONSE
04-08 13:07:59.270   218   218 D RILB    : getLteOnCdmaMode=0 curVal=-1 product_type='' lteOnCdmaProductType=''
04-08 13:07:59.270   218   218 D RILB    : getLteOnCdmaMode=0 curVal=-1 product_type='' lteOnCdmaProductType=''
04-08 13:08:19.283   218   218 D RILJ    : [0073]> SIGNAL_STRENGTH
04-08 13:08:19.283    35    64 D RIL     : onRequest: SIGNAL_STRENGTH
04-08 13:08:19.283    35    64 D AT      : AT> AT+CSQ
04-08 13:08:19.290    35    66 D AT      : AT< +CSQ: 7,99
04-08 13:08:19.290    35    66 D AT      : AT< OK
04-08 13:08:19.290    35    64 E RILC    : invalid response length
04-08 13:08:19.290   218   274 D RILJ    : [0073]< SIGNAL_STRENGTH error: com.android.internal.telephony.CommandException: INVALID_RESPONSE
04-08 13:08:19.290   218   218 D RILB    : getLteOnCdmaMode=0 curVal=-1 product_type='' lteOnCdmaProductType=''
04-08 13:08:19.290   218   218 D RILB    : getLteOnCdmaMode=0 curVal=-1 product_type='' lteOnCdmaProductType=''
04-08 13:08:39.353   218   218 D RILJ    : [0074]> SIGNAL_STRENGTH
04-08 13:08:39.353    35    64 D RIL     : onRequest: SIGNAL_STRENGTH
04-08 13:08:39.353    35    64 D AT      : AT> AT+CSQ
04-08 13:08:39.353    35    66 D AT      : AT< +CSQ: 7,99
04-08 13:08:39.353    35    66 D AT      : AT< OK
04-08 13:08:39.353    35    64 E RILC    : invalid response length
04-08 13:08:39.360   218   274 D RILJ    : [0074]< SIGNAL_STRENGTH error: com.android.internal.telephony.CommandException: INVALID_RESPONSE
04-08 13:08:39.360   218   218 D RILB    : getLteOnCdmaMode=0 curVal=-1 product_type='' lteOnCdmaProductType=''
04-08 13:08:39.360   218   218 D RILB    : getLteOnCdmaMode=0 curVal=-1 product_type='' lteOnCdmaProductType=''
04-08 13:08:59.420   218   218 D RILJ    : [0075]> SIGNAL_STRENGTH
04-08 13:08:59.420    35    64 D RIL     : onRequest: SIGNAL_STRENGTH
04-08 13:08:59.420    35    64 D AT      : AT> AT+CSQ
04-08 13:08:59.420    35    66 D AT      : AT< +CSQ: 7,99
04-08 13:08:59.420    35    66 D AT      : AT< OK
04-08 13:08:59.420    35    64 E RILC    : invalid response length
04-08 13:08:59.420   218   274 D RILJ    : [0075]< SIGNAL_STRENGTH error: com.android.internal.telephony.CommandException: INVALID_RESPONSE
04-08 13:08:59.420   218   218 D RILB    : getLteOnCdmaMode=0 curVal=-1 product_type='' lteOnCdmaProductType=''
04-08 13:08:59.430   218   218 D RILB    : getLteOnCdmaMode=0 curVal=-1 product_type='' lteOnCdmaProductType=''
04-08 13:09:19.430   218   218 D RILJ    : [0076]> SIGNAL_STRENGTH
04-08 13:09:19.430    35    64 D RIL     : onRequest: SIGNAL_STRENGTH
04-08 13:09:19.430    35    64 D AT      : AT> AT+CSQ
04-08 13:09:19.430    35    66 D AT      : AT< +CSQ: 7,99
04-08 13:09:19.430    35    66 D AT      : AT< OK
04-08 13:09:19.430    35    64 E RILC    : invalid response length
04-08 13:09:19.430   218   274 D RILJ    : [0076]< SIGNAL_STRENGTH error: com.android.internal.telephony.CommandException: INVALID_RESPONSE
04-08 13:09:19.430   218   218 D RILB    : getLteOnCdmaMode=0 curVal=-1 product_type='' lteOnCdmaProductType=''
04-08 13:09:19.430   218   218 D RILB    : getLteOnCdmaMode=0 curVal=-1 product_type='' lteOnCdmaProductType=''
04-08 13:09:39.485   218   218 D RILJ    : [0077]> SIGNAL_STRENGTH
04-08 13:09:39.490    35    64 D RIL     : onRequest: SIGNAL_STRENGTH
04-08 13:09:39.490    35    64 D AT      : AT> AT+CSQ
04-08 13:09:39.490    35    66 D AT      : AT< +CSQ: 7,99
04-08 13:09:39.490    35    66 D AT      : AT< OK
04-08 13:09:39.490    35    64 E RILC    : invalid response length
04-08 13:09:39.490   218   274 D RILJ    : [0077]< SIGNAL_STRENGTH error: com.android.internal.telephony.CommandException: INVALID_RESPONSE
04-08 13:09:39.490   218   218 D RILB    : getLteOnCdmaMode=0 curVal=-1 product_type='' lteOnCdmaProductType=''
04-08 13:09:39.490   218   218 D RILB    : getLteOnCdmaMode=0 curVal=-1 product_type='' lteOnCdmaProductType=''
04-08 13:09:59.564   218   218 D RILJ    : [0078]> SIGNAL_STRENGTH
04-08 13:09:59.564    35    64 D RIL     : onRequest: SIGNAL_STRENGTH
04-08 13:09:59.564    35    64 D AT      : AT> AT+CSQ
04-08 13:09:59.570    35    66 D AT      : AT< +CSQ: 7,99
04-08 13:09:59.570    35    66 D AT      : AT< OK
04-08 13:09:59.570    35    64 E RILC    : invalid response length
04-08 13:09:59.570   218   274 D RILJ    : [0078]< SIGNAL_STRENGTH error: com.android.internal.telephony.CommandException: INVALID_RESPONSE
04-08 13:09:59.570   218   218 D RILB    : getLteOnCdmaMode=0 curVal=-1 product_type='' lteOnCdmaProductType=''
04-08 13:09:59.581   218   218 D RILB    : getLteOnCdmaMode=0 curVal=-1 product_type='' lteOnCdmaProductType=''
04-08 13:10:19.584   218   218 D RILJ    : [0079]> SIGNAL_STRENGTH
04-08 13:10:19.590    35    64 D RIL     : onRequest: SIGNAL_STRENGTH
04-08 13:10:19.590    35    64 D AT      : AT> AT+CSQ
04-08 13:10:19.590    35    66 D AT      : AT< +CSQ: 7,99
04-08 13:10:19.590    35    66 D AT      : AT< OK
04-08 13:10:19.590    35    64 E RILC    : invalid response length
04-08 13:10:19.590   218   274 D RILJ    : [0079]< SIGNAL_STRENGTH error: com.android.internal.telephony.CommandException: INVALID_RESPONSE
04-08 13:10:19.590   218   218 D RILB    : getLteOnCdmaMode=0 curVal=-1 product_type='' lteOnCdmaProductType=''
04-08 13:10:19.590   218   218 D RILB    : getLteOnCdmaMode=0 curVal=-1 product_type='' lteOnCdmaProductType=''
04-08 13:10:39.623   218   218 D RILJ    : [0080]> SIGNAL_STRENGTH
04-08 13:10:39.630    35    64 D RIL     : onRequest: SIGNAL_STRENGTH
04-08 13:10:39.630    35    64 D AT      : AT> AT+CSQ
04-08 13:10:39.630    35    66 D AT      : AT< +CSQ: 7,99
04-08 13:10:39.630    35    66 D AT      : AT< OK
04-08 13:10:39.630    35    64 E RILC    : invalid response length
04-08 13:10:39.630   218   274 D RILJ    : [0080]< SIGNAL_STRENGTH error: com.android.internal.telephony.CommandException: INVALID_RESPONSE
04-08 13:10:39.630   218   218 D RILB    : getLteOnCdmaMode=0 curVal=-1 product_type='' lteOnCdmaProductType=''
04-08 13:10:39.630   218   218 D RILB    : getLteOnCdmaMode=0 curVal=-1 product_type='' lteOnCdmaProductType=''
04-08 13:10:52.260   218   218 D GSM     : [GsmDCT] onReceive: action=com.android.internal.telephony.gprs-data-stall
04-08 13:10:52.270   218   218 D GSM     : [GsmDCT] handleMessage msg={ what=270353 when=-10ms arg1=75468 obj=com.android.internal.telephony.gprs-data-stall }
04-08 13:10:52.440   218   218 D GSM     : [GsmDCT] startDataStallAlarm: tag=75469 delay=360s
04-08 13:10:59.655   218   218 D RILJ    : [0081]> SIGNAL_STRENGTH
04-08 13:10:59.660    35    64 D RIL     : onRequest: SIGNAL_STRENGTH
04-08 13:10:59.660    35    64 D AT      : AT> AT+CSQ
04-08 13:10:59.660    35    66 D AT      : AT< +CSQ: 7,99
04-08 13:10:59.660    35    66 D AT      : AT< OK
04-08 13:10:59.660    35    64 E RILC    : invalid response length
04-08 13:10:59.660   218   274 D RILJ    : [0081]< SIGNAL_STRENGTH error: com.android.internal.telephony.CommandException: INVALID_RESPONSE
04-08 13:10:59.660   218   218 D RILB    : getLteOnCdmaMode=0 curVal=-1 product_type='' lteOnCdmaProductType=''
04-08 13:10:59.660   218   218 D RILB    : getLteOnCdmaMode=0 curVal=-1 product_type='' lteOnCdmaProductType=''
04-08 13:11:19.684   218   218 D RILJ    : [0082]> SIGNAL_STRENGTH
04-08 13:11:19.684    35    64 D RIL     : onRequest: SIGNAL_STRENGTH
04-08 13:11:19.684    35    64 D AT      : AT> AT+CSQ
04-08 13:11:19.684    35    66 D AT      : AT< +CSQ: 7,99
04-08 13:11:19.690    35    66 D AT      : AT< OK
04-08 13:11:19.690    35    64 E RILC    : invalid response length
04-08 13:11:19.690   218   274 D RILJ    : [0082]< SIGNAL_STRENGTH error: com.android.internal.telephony.CommandException: INVALID_RESPONSE
04-08 13:11:19.690   218   218 D RILB    : getLteOnCdmaMode=0 curVal=-1 product_type='' lteOnCdmaProductType=''
04-08 13:11:19.690   218   218 D RILB    : getLteOnCdmaMode=0 curVal=-1 product_type='' lteOnCdmaProductType=''
04-08 13:11:39.750   218   218 D RILJ    : [0083]> SIGNAL_STRENGTH
04-08 13:11:39.750    35    64 D RIL     : onRequest: SIGNAL_STRENGTH
04-08 13:11:39.750    35    64 D AT      : AT> AT+CSQ
04-08 13:11:39.750    35    66 D AT      : AT< +CSQ: 7,99
04-08 13:11:39.750    35    66 D AT      : AT< OK
04-08 13:11:39.750    35    64 E RILC    : invalid response length
04-08 13:11:39.750   218   274 D RILJ    : [0083]< SIGNAL_STRENGTH error: com.android.internal.telephony.CommandException: INVALID_RESPONSE
04-08 13:11:39.760   218   218 D RILB    : getLteOnCdmaMode=0 curVal=-1 product_type='' lteOnCdmaProductType=''
04-08 13:11:39.760   218   218 D RILB    : getLteOnCdmaMode=0 curVal=-1 product_type='' lteOnCdmaProductType=''
04-08 13:11:59.775   218   218 D RILJ    : [0084]> SIGNAL_STRENGTH
04-08 13:11:59.781    35    64 D RIL     : onRequest: SIGNAL_STRENGTH
04-08 13:11:59.781    35    64 D AT      : AT> AT+CSQ
04-08 13:11:59.781    35    66 D AT      : AT< +CSQ: 7,99
04-08 13:11:59.781    35    66 D AT      : AT< OK
04-08 13:11:59.781    35    64 E RILC    : invalid response length
04-08 13:11:59.781   218   274 D RILJ    : [0084]< SIGNAL_STRENGTH error: com.android.internal.telephony.CommandException: INVALID_RESPONSE
04-08 13:11:59.781   218   218 D RILB    : getLteOnCdmaMode=0 curVal=-1 product_type='' lteOnCdmaProductType=''
04-08 13:11:59.781   218   218 D RILB    : getLteOnCdmaMode=0 curVal=-1 product_type='' lteOnCdmaProductType=''
04-08 13:12:19.827   218   218 D RILJ    : [0085]> SIGNAL_STRENGTH
04-08 13:12:19.831    35    64 D RIL     : onRequest: SIGNAL_STRENGTH
04-08 13:12:19.831    35    64 D AT      : AT> AT+CSQ
04-08 13:12:19.831    35    66 D AT      : AT< +CSQ: 7,99
04-08 13:12:19.831    35    66 D AT      : AT< OK
04-08 13:12:19.831    35    64 E RILC    : invalid response length
04-08 13:12:19.831   218   274 D RILJ    : [0085]< SIGNAL_STRENGTH error: com.android.internal.telephony.CommandException: INVALID_RESPONSE
04-08 13:12:19.831   218   218 D RILB    : getLteOnCdmaMode=0 curVal=-1 product_type='' lteOnCdmaProductType=''
04-08 13:12:19.831   218   218 D RILB    : getLteOnCdmaMode=0 curVal=-1 product_type='' lteOnCdmaProductType=''
04-08 13:12:39.880   218   218 D RILJ    : [0086]> SIGNAL_STRENGTH
04-08 13:12:39.880    35    64 D RIL     : onRequest: SIGNAL_STRENGTH
04-08 13:12:39.880    35    64 D AT      : AT> AT+CSQ
04-08 13:12:39.880    35    66 D AT      : AT< +CSQ: 7,99
04-08 13:12:39.880    35    66 D AT      : AT< OK
04-08 13:12:39.880    35    64 E RILC    : invalid response length
04-08 13:12:39.880   218   274 D RILJ    : [0086]< SIGNAL_STRENGTH error: com.android.internal.telephony.CommandException: INVALID_RESPONSE
04-08 13:12:39.891   218   218 D RILB    : getLteOnCdmaMode=0 curVal=-1 product_type='' lteOnCdmaProductType=''
04-08 13:12:39.891   218   218 D RILB    : getLteOnCdmaMode=0 curVal=-1 product_type='' lteOnCdmaProductType=''
04-08 13:12:59.944   218   218 D RILJ    : [0087]> SIGNAL_STRENGTH
04-08 13:12:59.951    35    64 D RIL     : onRequest: SIGNAL_STRENGTH
04-08 13:12:59.951    35    64 D AT      : AT> AT+CSQ
04-08 13:12:59.951    35    66 D AT      : AT< +CSQ: 7,99
04-08 13:12:59.951    35    66 D AT      : AT< OK
04-08 13:12:59.951    35    64 E RILC    : invalid response length
04-08 13:12:59.951   218   274 D RILJ    : [0087]< SIGNAL_STRENGTH error: com.android.internal.telephony.CommandException: INVALID_RESPONSE
04-08 13:12:59.951   218   218 D RILB    : getLteOnCdmaMode=0 curVal=-1 product_type='' lteOnCdmaProductType=''
04-08 13:12:59.951   218   218 D RILB    : getLteOnCdmaMode=0 curVal=-1 product_type='' lteOnCdmaProductType=''
04-08 13:13:19.983   218   218 D RILJ    : [0088]> SIGNAL_STRENGTH
04-08 13:13:19.983    35    64 D RIL     : onRequest: SIGNAL_STRENGTH
04-08 13:13:19.983    35    64 D AT      : AT> AT+CSQ
04-08 13:13:19.983    35    66 D AT      : AT< +CSQ: 7,99
04-08 13:13:19.983    35    66 D AT      : AT< OK
04-08 13:13:19.983    35    64 E RILC    : invalid response length
04-08 13:13:19.991   218   274 D RILJ    : [0088]< SIGNAL_STRENGTH error: com.android.internal.telephony.CommandException: INVALID_RESPONSE
04-08 13:13:19.991   218   218 D RILB    : getLteOnCdmaMode=0 curVal=-1 product_type='' lteOnCdmaProductType=''
04-08 13:13:19.991   218   218 D RILB    : getLteOnCdmaMode=0 curVal=-1 product_type='' lteOnCdmaProductType=''
04-08 13:13:40.028   218   218 D RILJ    : [0089]> SIGNAL_STRENGTH
04-08 13:13:40.031    35    64 D RIL     : onRequest: SIGNAL_STRENGTH
04-08 13:13:40.031    35    64 D AT      : AT> AT+CSQ
04-08 13:13:40.031    35    66 D AT      : AT< +CSQ: 7,99
04-08 13:13:40.031    35    66 D AT      : AT< OK
04-08 13:13:40.031    35    64 E RILC    : invalid response length
04-08 13:13:40.031   218   274 D RILJ    : [0089]< SIGNAL_STRENGTH error: com.android.internal.telephony.CommandException: INVALID_RESPONSE
04-08 13:13:40.041   218   218 D RILB    : getLteOnCdmaMode=0 curVal=-1 product_type='' lteOnCdmaProductType=''
04-08 13:13:40.041   218   218 D RILB    : getLteOnCdmaMode=0 curVal=-1 product_type='' lteOnCdmaProductType=''
04-08 13:14:00.110   218   218 D RILJ    : [0090]> SIGNAL_STRENGTH
04-08 13:14:00.110    35    64 D RIL     : onRequest: SIGNAL_STRENGTH
04-08 13:14:00.110    35    64 D AT      : AT> AT+CSQ
04-08 13:14:00.110    35    66 D AT      : AT< +CSQ: 7,99
04-08 13:14:00.110    35    66 D AT      : AT< OK
04-08 13:14:00.110    35    64 E RILC    : invalid response length
04-08 13:14:00.110   218   274 D RILJ    : [0090]< SIGNAL_STRENGTH error: com.android.internal.telephony.CommandException: INVALID_RESPONSE
04-08 13:14:00.130   218   218 D RILB    : getLteOnCdmaMode=0 curVal=-1 product_type='' lteOnCdmaProductType=''
04-08 13:14:00.130   218   218 D RILB    : getLteOnCdmaMode=0 curVal=-1 product_type='' lteOnCdmaProductType=''
04-08 13:14:20.149   218   218 D RILJ    : [0091]> SIGNAL_STRENGTH
04-08 13:14:20.151    35    64 D RIL     : onRequest: SIGNAL_STRENGTH
04-08 13:14:20.151    35    64 D AT      : AT> AT+CSQ
04-08 13:14:20.151    35    66 D AT      : AT< +CSQ: 7,99
04-08 13:14:20.151    35    66 D AT      : AT< OK
04-08 13:14:20.151    35    64 E RILC    : invalid response length
04-08 13:14:20.160   218   274 D RILJ    : [0091]< SIGNAL_STRENGTH error: com.android.internal.telephony.CommandException: INVALID_RESPONSE
04-08 13:14:20.160   218   218 D RILB    : getLteOnCdmaMode=0 curVal=-1 product_type='' lteOnCdmaProductType=''
04-08 13:14:20.160   218   218 D RILB    : getLteOnCdmaMode=0 curVal=-1 product_type='' lteOnCdmaProductType=''
04-08 13:14:40.176   218   218 D RILJ    : [0092]> SIGNAL_STRENGTH
04-08 13:14:40.180    35    64 D RIL     : onRequest: SIGNAL_STRENGTH
04-08 13:14:40.180    35    64 D AT      : AT> AT+CSQ
04-08 13:14:40.180    35    66 D AT      : AT< +CSQ: 7,99
04-08 13:14:40.180    35    66 D AT      : AT< OK
04-08 13:14:40.180    35    64 E RILC    : invalid response length
04-08 13:14:40.180   218   274 D RILJ    : [0092]< SIGNAL_STRENGTH error: com.android.internal.telephony.CommandException: INVALID_RESPONSE
04-08 13:14:40.190   218   218 D RILB    : getLteOnCdmaMode=0 curVal=-1 product_type='' lteOnCdmaProductType=''
04-08 13:14:40.190   218   218 D RILB    : getLteOnCdmaMode=0 curVal=-1 product_type='' lteOnCdmaProductType=''
